
✅ KATY MP listo!
Estado: 🟢 Activo


✅ KATY MP listo!
Estado: 🟢 Activo


📱 Escanea este QR:

▄▄▄▄▄▄▄▄▄▄▄▄▄▄▄▄▄▄▄▄▄▄▄▄▄▄▄▄▄▄▄▄▄▄▄▄▄▄▄▄▄▄▄▄▄▄▄▄▄▄▄▄▄▄▄▄▄▄▄▄▄▄▄
█ ▄▄▄▄▄ █  █▀  ▄▄ █▄█ ▄█▀ ▀▄▄▀  ▄  █▄ ▀▄▄▄▀▄  ▄▀▀█ █  █ ▄▄▄▄▄ █
█ █   █ █ █ ▀███▀███▀▀█ ▄▀▀█ ▄▀▀  ▄ ▄█▀▀  ▄▀ ▄  ▄▄█ ▄ █ █   █ █
█ █▄▄▄█ █▀▀█▄ ▀▀▄█▄▀█▄▄ ▄▄█▄▄ ▄▄▄ ▀███▄▄▄█     ██▀█ ▄██ █▄▄▄█ █
█▄▄▄▄▄▄▄█▄█▄█▄█▄▀ █▄█ █ █▄█ ▀ █▄█ ▀ █ ▀ ▀ █▄█ █ ▀▄▀▄█ █▄▄▄▄▄▄▄█
█ ▄██▄▄▄▀▀▀▄██▀▄ █▀ ▄▄ ▀ ▀▀▀  ▄▄▄ █▄▄▄▄▀ ▀  █▄ █▄▄▀ ▄▄█▀▄█ ▄ ▄█
█ ▀█ █ ▄▀█ ▄▀▀ ▀▄ ██▀  ▄▄ ▄ ▀ ▄█▀█▀▀ █ ▀▄▄▄▄▀▄█ ▄▀█ ▀   ▄▄█▀▀██
██▀▄██ ▄████▀ ▀  ▄  ▄▀▀▀ ▀▀ ▄█ ▄▄▄▄█▄█▄█▀█▀▀█▄▀██ █  ▄  █ █▄███
███  █▄▄▄ ▀██▄▀██▀▀ ▀▀▀█▀█▀▀█ ▄ ▀▀▀██ ▀█ ▄   ▀▄▀▀▀███▀█▄▀▀▄ ▀▀█
█ █▀  ▀▄▄▄█▄▀▀▄ ▄█ ▄█ ▄▄▀▄▀▄▄ ▀  ▄█▄▄▄█  █▀ ▀  ▄  █▀▀▄█ ▄ ▀▄ ▄█
███▀▀█▄▄ ▄█ ▄ █▀▀ ██ ▄▀▄▄ █▀▄ █▄ █▄██▀▄▄▄███▀█▀█▄ ███▄█▄ █▀▀ ▀█
█ ▄▀█▄▀▄  █▀▄▀   ▄▄▄▄  █▀ ▀▄ █▀  █▀  ▄▄ ██▀ ▀ ▀▄▄▄▀  █▀ █▄ ▄▀▄█
█▄▄    ▄▄▄▄▀█▄█▄█▄▀ ▄ ▄ ▀ ▀█▄▀▄▄ ▀ ▄▀▀▄███▄▄▄ █ ▄▀▀ ▀ █ █▀▄ █▀█
█▀█▀█ ▀▄▀██▀  ▀▀▀█▄▀▀ ▄█▀▀▄ █ ▀▀ ▀██▄▄█ █▀▀ ▀▄ ██▄█▀▄▄ ▀ ▄▄ ▄██
█▄ ▀ ▄ ▄ ▀ ▀ ▀▄▀▄█ █▄█▄  ▀▀ ▄▄ ▄▄ ▀▀▄▄▄█▀ ▀▀▄ ██ ▄ ▄▄▀▀ █▄█ ███
█▄██▄ ▄▄▄ ██▄██ ▀█▄▄ ▀▄█▀▀▀▄▀ ▄▄▄  █▀ ▀  █ ▀▀  ▄ ▄█▀  ▄▄▄ ▀▄  █
█▀▄ ▀ █▄█ ▀▄█ ▀▄▀▄▄█ ▀▄ ██  █ █▄█ ▀█ █▄█▀█▀█  ▀  ▀▄▀▀ █▄█ ▄ ███
███▄▄▄▄▄▄ ▀▄█▀█ ▀▀▄ ▄▀▀█▄ █ ▀ ▄▄▄▄ ▄ ▄▀▀▄▀ ▀ ▄▄▄▄ ▄▀▀▄  ▄  ████
██▀ █▀█▄███  ▄▄▀▄██▄▄ ▀ ▀█▄  ▀▄█▄▄ ▀█▀█▄▀▄ ▄▄█ ▀██▄▀▄▄█▀█ ▀▀███
█ ▀▄▀▀ ▄█ ▄█▀█▀▄▀▄▄▄▄▀▄█▀▀█ █▀▀ █ ▄██▄█ ▀█ ▀▀▄ █▄▄█▀▀▀▀▄▀▀▀▄▄ █
█▀▀█▄  ▄▄▀██▀██▀ ▄▄█ █▄█▀█▄  ▄ ▄▄▄▀  ▄▀▄███▀▄▀▄▀▀▀█▄▀▄█▀▀▄▄ ▀▀█
█▀▀▀▄▀▄▄▄█▀▀ ▀ █▀█▀ ▄▄▄█ ▀▀▀█▀▀▄ ▄ █▄ ▄  █ ▀█ ▄▄ ▄█▀▀▀ ▄█▀▄ ▀ █
█ ▄ ▀█▀▄▀ █  █  ▀ █▀▀ ▀▄▄▀▄█   ▄▀▄▄  █▀  ▀ ▄█ █▀█▀▀▄▄████▀▄▀▄██
██▀▀▀ ▄▄ ▄ ▄▄███▄▄ ▄▀▀▄█▀▀▄▄▄▄▄▄▀▄ ▄▄█▄█ █ ▀█ ▀▄  ▄ ▀  ▄▀▀▀█▀▄█
█  ▀▄ ▀▄▄▄▄██▄ ▀▄ █▀ █▀███ █ ▀█ ▄█▀▄▀▄██▄▄▀▀▀█▄▄▄ ▄  ▄▀▀▄▄▄ ▄▀█
█▀▀██  ▄ █▄▀▄▀▀█▄█▄ ▄ ▄▄▀▄▄▄█▀█▄▀ ▀▄  ▀▀ █▀ ▀  ▄▄ ▄ ██▀▄▄ █▀███
█▀▀ ▄ ▄▄▄█▄▀▀▄  ▀ ▀▄█▄▀█▄ █ ▄█▀ ▄▄██▀▀▄▄█▄ ▀   ██▀▀ █ ███▀█▀▀▀█
█▄▄▄▄██▄▄▀█▀█▀▀█▄▄▀▄█  █▀ ▀   ▄▄▄ ▀  ▄▄▀▀▀▀▀ ▄ ▄▄ █ ▀ ▄▄▄ ██ ▄█
█ ▄▄▄▄▄ █▀██▄  ▄▄▀▀ █ █  ▄▀██ █▄█ ▄▄▀▄▀▄▄ █▄█ ██▀ ▀▄  █▄█ ▄ ▄██
█ █   █ █▄▄▄█▄▄▄ █▄▀▀  ██▀▄ █  ▄  ▀▄▄▄▄ ▄▀▀ ▀ ▄█▄ █ █▄   ▄ ▄█▀█
█ █▄▄▄█ █▀▄█▄▄▀▄██▄▄▄██ █▀ ▀▀  ██▄▄▀▄█▄▄█▄▄▄   ██▀ ▄█ ▄█ ▀ ▀ ██
█▄▄▄▄▄▄▄█▄▄██▄▄██▄▄▄▄▄▄█▄█▄▄▄██▄█▄███▄█▄▄█▄▄▄▄▄██▄▄█▄█▄▄█▄▄▄▄▄█


📱 Escanea este QR:

▄▄▄▄▄▄▄▄▄▄▄▄▄▄▄▄▄▄▄▄▄▄▄▄▄▄▄▄▄▄▄▄▄▄▄▄▄▄▄▄▄▄▄▄▄▄▄▄▄▄▄▄▄▄▄▄▄▄▄▄▄▄▄
█ ▄▄▄▄▄ █▄▀█▄▄▀▀█ ▀  ▀███▄███▀█ ▀▀▀█ ▄▄██▄█ █▀█▀█▀██  █ ▄▄▄▄▄ █
█ █   █ █ ▄▄█▀ ▄ ▀ ▀ ▀██▀█ █▀ ▄▀█▄█▄   █▀▄▀██▄▄ ▀ ▄ ▄ █ █   █ █
█ █▄▄▄█ █▄▀▀ ▄ █▄▀█▄█▄▄██▀▄ ▄ ▄▄▄ ▀▀▄ ▄ ▄▀▀██▄▄▀▄▄▄ ▄██ █▄▄▄█ █
█▄▄▄▄▄▄▄█▄▀ █▄█ █▄█▄▀ ▀▄█▄█▄█ █▄█ ▀▄█ ▀▄█▄█▄█▄▀▄▀▄▀ ▀▄█▄▄▄▄▄▄▄█
█▄▄  ██▄█▄███▄█▀▄▄▀▀ ▀▄   █▄ ▄▄▄ ▄█▄ ▀ ▄▄  ▀▀▀▄▄▄███ █▄▀▀ ▄ ▀▄█
█ ██▄▄▄▄█▄  █▀▄ ▀▀▄▄█▀██  ▄▀▄▀ ██▄██▄▄▄ ▀█▄▄██ ▀ ▀█▀▄▀▄  █ ▀███
█▀▄▄▀█▄▄ ▀███▄▄▀█▄  ▀  ▀▄█▄███▄ ▀█ █ ▀▀▄▄▀█▄ █ ██ ▀▀ ▄▄▄ ▀██▀▀█
█▀▄▀ █▀▄▀▀▀▀   ██▀▄▄ ▀ ▀▄ █▀▄▄▀▄ ▀ ▀ ▄ █▀▀██▀▀██▄▄▄▄▄▄▀▀ ▀█▄▄██
██▄█ ▄▄▄  ▀▄█▄█▄▄▀▀▀▄▄▄  ▀  ▄▄ █▀ █ █▀▄▄ ▀ █ ▄  ▀█▄█▀ ▄██▄▀ ▀▀█
█▄▀███▄▄  ▀█▄█▄▀██▄▄  ▀▀█▀██ ▄██ █  ▄ ▄▄  ▄▄▀█▀▄█▀█▀▀▀▄█ ██▄▀ █
█ ▀▄▀▀ ▄▄█▀ ▄▀▀▀▄█▄█▀█ ▄▀▀█▀ █▀  ▀█▀▄▀ ▄▀▄▀▀ ▀▄█▄███▄▄▀▀ ▀▄████
█▀ ▀█ █▄ █▀ ▄▄█▀ ██  ▄▀▀█ █▄▀▀▀▄▀▄▀▀▀▀ ▄ ▄ ▄ ▀▀  ▀█▀▄▀▀   ▀▀▀▀█
██▄ ▀ █▄▄▄▄▀▄▄ █ █ █▄▀████▀▀██▄██ ▀▄▀▄ ▀▄▀█▄▄█▀█▀   █▄▄████▄▀▀█
█ ▀▄█ █▄██▄████▀█▀▄ ███▄██▀▀█ █ █  ▀▀ ██   ▀█ ▄▀█ ▀▄██▄ ▄▄██ ▀█
█▀▄▀▄ ▄▄▄ ▀ █ ▄▄▀ █▀▀█▄▀▀▄▄▄▀ ▄▄▄  ▀ █ ▄▄█ ▄ ▄  ▀█▄▄  ▄▄▄   ▀██
█ ▄   █▄█ ▀ ▄▀▀ █▀█▄ █ █▄▄██▀ █▄█ ▄▀▀▄▄▀▄ ▀▄ ▄██▀ ██▄ █▄█  █▄▄█
█▄▀▀ ▄▄▄ ▄▄▄█▀▀██ ▄▀ ▄█▄▄▀▀██ ▄▄  ▄█ ██▄    ▄▀ █▄▀ ▄█    ▄▄▄█▄█
█▄▀▀  ▀▄▀█ ▀▀▀ ▄▀▄▀▄ ▀▄▀██ ▀█  █ ██ █▀██▄█▄▄  ▀▄▀█  ▀█▀▀▀▀▄ ▀██
█ ▄█ ▀█▄▄▀██▀ ▀▄ ▄  ▀ ████ ▀▄ █▄ ▀██▄▄▀▀ █▄█ ▀▀▄     ▀█ ▄  ▄  █
█▄███ █▄▄ ▄▀█▄▄▀▀ ▀▀▀██▀▄▀█ ▀▀ ▄█▄   ▀▀▄▄▀ ██▀██▄█▄▄   █ ▄█▄▀██
█▀ ▄▄▀ ▄█▀▀█▀▄▄ ▀▀ ██ ▄▀▀▄ █▀▄▀▀█ █▀███▄ ▀▀▄▄▄▄ ▀▀▄█▀█▀▀██   ▄█
█▀▄█ ▄▄▄▀▄▀▀▀▄ ▄██▄▀▀▄█▀█ ▄▀  ▀█  █ ▀▄▀▄▄ ███▄▀▄ ▄█▄  ▄▄██ ██▄█
█▄█ █▀▄▄▄▀ █▄▄▀ ▄█ ██▄ ▄  █▀ █ █ ▀▄▄▄▄     ▀▀███▄█ ▄█▀ ██▄██▀██
█ ▄▄▄▀█▄ █▄▄▀▄▄ ▀▄▀▀▄▄▄▄██▄▄█ ▀  ▄███▄▀▄▀▄▄ █▄▀█▀▀  ▀▄█▀ █▀▀ ▀█
██▄▄▄ ▄▄▀ ▄▄ ▄▄▄██ ▄▀▀█▄█ ▀█▄▀▀ ▄▀ ▄▄▄▄ ▀██▄▄▀▀▄ ▄▀▀ ██▄▀▀▄▀▀▀█
█▀▀ ▄ ▄▄█▀██ █▄▀ ▄▄ ▄▄▄▀▀▄▄ █▀▄▄█▄▄▀▄▀█ ▄ ██▀▄██ █  █▄▀█▄▀▄█▄██
█▄▄▄▄██▄█▀██▄▀▄▀▄  ▀▄█▄█ █ ▄▄ ▄▄▄ ▀▄▀▀▄▄▀█ ▄ ▄  ██▄▄▀ ▄▄▄ █▀█▀█
█ ▄▄▄▄▄ ██▀  ▀▄  ▄ ▀▀ ▀█▀█▀▀▀ █▄█ ▄▀▀█▀  █▄██▄▀  ▀▀ ▄ █▄█  █▀▄█
█ █   █ █▀ ███ ▄▄▄▄ ██▄▄█  ██  ▄▄▄█▄▄█ █  ▀▀██ ▄▄▀▀█▀▄  ▄  ██▀█
█ █▄▄▄█ █  ▄ ▄██ ▄▀▀ ▄ ▀▀▀█▀██▄█▀▀█▀ █ █▄█ ▄▄▀█▄▀▀ █ ▀ █▄  ▀▄██
█▄▄▄▄▄▄▄█▄█▄█▄█▄▄█▄▄█████▄▄█▄█▄█▄█▄▄█▄▄████▄████▄▄▄▄██▄▄▄█▄▄▄▄█

⚠️ Conexión cerrada. Código: 515
🔄 Reconectando en 3s... (intento 1)

✅ KATY MP conectado y listo!
Estado: 🟢 Activo


✅ KATY MP conectado y listo!
Estado: 🟢 Activo

⚠️ Conexión cerrada. Código: 428
🔄 Reconectando en 3s... (intento 1)
⚠️ Conexión cerrada. Código: 408
🔄 Reconectando en 3s... (intento 1)
⚠️ Conexión cerrada. Código: 408
🔄 Reconectando en 3s... (intento 1)
⚠️ Conexión cerrada. Código: 408
🔄 Reconectando en 3s... (intento 1)
⚠️ Conexión cerrada. Código: 408
🔄 Reconectando en 3s... (intento 1)
⚠️ Conexión cerrada. Código: 408
🔄 Reconectando en 3s... (intento 1)
⚠️ Conexión cerrada. Código: 408
🔄 Reconectando en 3s... (intento 1)
⚠️ Conexión cerrada. Código: 408
🔄 Reconectando en 3s... (intento 1)
⚠️ Conexión cerrada. Código: 408
🔄 Reconectando en 3s... (intento 1)
⚠️ Conexión cerrada. Código: 408
🔄 Reconectando en 3s... (intento 1)
⚠️ Conexión cerrada. Código: 408
🔄 Reconectando en 3s... (intento 1)
⚠️ Conexión cerrada. Código: 408
🔄 Reconectando en 3s... (intento 1)
⚠️ Conexión cerrada. Código: 408
🔄 Reconectando en 3s... (intento 1)
⚠️ Conexión cerrada. Código: 408
🔄 Reconectando en 3s... (intento 1)
⚠️ Conexión cerrada. Código: 408
🔄 Reconectando en 3s... (intento 1)
⚠️ Conexión cerrada. Código: 408
🔄 Reconectando en 3s... (intento 1)
⚠️ Conexión cerrada. Código: 408
🔄 Reconectando en 3s... (intento 1)
⚠️ Conexión cerrada. Código: 408
🔄 Reconectando en 3s... (intento 1)
⚠️ Conexión cerrada. Código: 408
🔄 Reconectando en 3s... (intento 1)
⚠️ Conexión cerrada. Código: 408
🔄 Reconectando en 3s... (intento 1)
⚠️ Conexión cerrada. Código: 408
🔄 Reconectando en 3s... (intento 1)
⚠️ Conexión cerrada. Código: 408
🔄 Reconectando en 3s... (intento 1)
⚠️ Conexión cerrada. Código: 408
🔄 Reconectando en 3s... (intento 1)
⚠️ Conexión cerrada. Código: 408
🔄 Reconectando en 3s... (intento 1)

✅ KATY MP conectado y listo!
Estado: 🟢 Activo


📱 Escanea este QR:

▄▄▄▄▄▄▄▄▄▄▄▄▄▄▄▄▄▄▄▄▄▄▄▄▄▄▄▄▄▄▄▄▄▄▄▄▄▄▄▄▄▄▄▄▄▄▄▄▄▄▄▄▄▄▄▄▄▄▄▄▄▄▄
█ ▄▄▄▄▄ █▀ ▀▀███▀    █▀▀▀  ▀▀█▄▄ █▄▀▀ ▄▀▀▄▄  ▄▀▀▀█▄█  █ ▄▄▄▄▄ █
█ █   █ █▀▀▄██▄▄▀ ▀▀▀ ▄▄█ ▀▄ ▄▄▄▄█▄█▀▀▀▀ ███▀▄██▀▀▀ ▄ █ █   █ █
█ █▄▄▄█ █▀ █   ▄██▄▀▄▀ █▄ ▀▀▀ ▄▄▄ ▄██▀ █▀█ ▄██▄▀▄▀█ ▄██ █▄▄▄█ █
█▄▄▄▄▄▄▄█▄█▄█▄█▄▀▄▀ █▄█ █ █ █ █▄█ ▀ █▄▀▄█▄▀ █ █▄█▄▀▄█▄█▄▄▄▄▄▄▄█
█ ▄ ▄ ▀▄  ▄ █▀▄▀▄█▀ ▀▀▄▀▀ ▄▄  ▄  ▄▀▄  ▄▄▀█   ▀█▄▄▄▄█▄▄▄▀ ▀ ▀ ██
█▀▀ ▀▄▀▄     █▀ ▀▄  ▀  ▀ ▀▀▀▀█ ▀▀██ ▄▀  ▄█▀▀█▄▄▀ ▀█▄ ███▄ ██▄ █
███  ▄▀▄▄████ ▀▀██▄▄▀█▀▀  ▄▀▀█ ▄█▀▄▄▄█▀ ██▀▀▄█▀█▄▄ █▄▄▀▀ ▀▀ ███
█▀▄█  ▄▄▄██▄▄ ▀█ ▀█ ▀▀▀ ▀▄▀▀▄▄▀█ █▄█ █▀█▀▀  ▄ █▄██▄█▀▀█▀ ▀ █ ▄█
█ ██  ▀▄ ▄█▄ ▄▀█▀█▄ ▄▄▀▄▀▄▄▀▀▀█ █▀███▄ ███▀▀▄▀█▄   ▄▄▄▀▀█▀█▄▀██
█▄███▀ ▄▄▀▄▄▀ ▀ ▀█  ▀▀▀█▀█ █▄██ ▄▀▄▀█ ▄▄▄ ▄▀▀ █▄▀██ █▀▄▄ █▄▄  █
███ ▄▀█▄▀▄ ▀▀▄█ ██▄ ▄▄▀█ ▀▄▀   ▀▀ ▄ ▄▄██ █▀ ▄██▄▄  ▄▄▄  ▄███▀██
█▄▄▄█ ▄▄ █▀▄ ▄█▀▄█▄█   ▄█▄▀█▄▄ ▀ █ █▄█ ▄█ ▀ █▀▀▄██ ▀▀  ██ ▄█  █
█▄ ██▀▄▄▀█▄▄█▀▀███▄▀▄█▀█▄▀▀█▀▀█▄▄█▀█ ▄▀█ █▀ ▄▀██▄▄ ▄█▄ ▀█▀█▄█▄█
█▄▄▄▄█ ▄█ ▄▄█▄▀▀  ▄█▄██ ▀██▀▄▀▀ ▄  ▄  ▄▄  ▄▄▄▄██▀ ▄▄ ▀ ▀▀ █▄  █
█▀█▄▄ ▄▄▄ ▀▀▄█▀██▄ ▄█▄▄▀▀ ▀▀▄ ▄▄▄ ▄▄▀ ▄██▀▀▀▄█▄█▄▄ ▄█ ▄▄▄ ▄▄▄ █
█▀▀▄  █▄█ ▀▀▄█▀▄ ▄▄█ ▀▄███  █ █▄█ ▄▀▀▄▄█▀▀▀ ▄▄▀█▄▄▀█▀ █▄█ ▄▄▄ █
█▄  ▄▄▄▄  ▄██▄▀▀▄▀▄▄▀▄▄█▄ ▀▀█▄▄   ▄▄▄ ▄▄▀▀▀  ▀▀▄▄ ▄▄▄ ▄▄ ▄██  █
█▄ ▀  ▄▄▄▄    █ ▄ ▄▄▄█ ▄▄ ▀   ▀  █▀████▄▀▀ ▄▀ ▄▄ ▄▄ █▀▀▄▄▀█▄ ▄█
█▀▀▄▄█ ▄█ ▄▄ █ ███▄▄▀█▄▀▀  █▄▀▀ █▀▀█▄  ▄▄█▀ ▄▀ ▄▀ ▀█▄▀▄  ▄██ ▄█
██ ▀▄██▄▄▀  █▀█ ▄▄▀ █▄▄  ▄▄ ▄ █▀▀▄▀▀▀ █▀▀ ▀██▀▄▄▀ ▄███ ▄█▄▄█▄▄█
█  ▄▀▀█▄▄ █▄▀ ▄██▄▀ ▀▀██▀ ▄▄█▀  █▄█▄▄ █▄██ ▀ █▀█▄  ▄ ▀▀ ▀██ ▀▀█
█ ▄ ▄▄▄▄▄▄█▀▄█  ▀▀▄▄▀ █▀▀▄ ▀  ▄▄ █▄▄█   █▀▀██ █▄ ▄█▄  ▀▄ ▀▄█▀ █
████▀▀█▄ █    ██▄▄▄ ▄▄▄▀ ▀ █ ▄▀▄ ▄ ▄▄█▀ ▄▀   ████▄▀▄▄▀ ▄▄▄▀██▄█
██▄▄   ▄█▄ ▀▀█▀▄▀ ██▄ ▀ █▀▄█ ▄▀▄▄██▄ ▀███▀▄█▄▀█▀▀█ ▄▄▀▄▄▄▄██▄ █
█  ▀ █▀▄▄█▄▀▄▀█▄▀██▄▄▄▀▄▀▄▀▀▄ ▄▄▄█▄█▄ ▄▄██▀ ███▄▄  █  █ ▀▄▀ ▀▀█
█▀▀ ▄ ▄▄▀█▀▀ ██▄▀███▄▄▄▄▀█▄█ █▄█▄▄▄ ▀▄  █▀▄   ▄   ▀█▄█▄ ▀▄▀█  █
█▄▄▄▄██▄█▀▀▄▄▄██▄▄▀▄▀▄██▀▀▄▀▀ ▄▄▄ ▄ ▀▄▀█▄█ ▀▄██▄▄▄▀▄▄ ▄▄▄ ▀▄  █
█ ▄▄▄▄▄ █▄███ ▀ ▀█▄██▄▄▀▀ ▀█▀ █▄█ ▄█▄▀▀▄█ ▀ ▄▀▄▀██ ▄  █▄█ ▄█▄ █
█ █   █ █ ▀ ▄▀█▀▀▄▄▀▄█▄▀█▀▀█ ▄ ▄  █▄▄▄▀█▄▀▀ ▄█▀█   █ ▄  ▄▄█▄█▀█
█ █▄▄▄█ █  █ █  ▀  ▄▄█ █ ▄▀▄▄ █  ▄  ▀ ▄▄█▀▀▀▄▄▄▄  ▄ ▀█  ▄▀███ █
█▄▄▄▄▄▄▄█▄█▄▄▄▄▄▄▄█▄█▄████▄█▄█▄▄▄█▄██▄▄█▄█▄▄▄██▄▄▄▄█▄▄▄██▄▄▄▄▄█


📱 Escanea este QR:

▄▄▄▄▄▄▄▄▄▄▄▄▄▄▄▄▄▄▄▄▄▄▄▄▄▄▄▄▄▄▄▄▄▄▄▄▄▄▄▄▄▄▄▄▄▄▄▄▄▄▄▄▄▄▄▄▄▄▄▄▄▄▄
█ ▄▄▄▄▄ █▀▀▀▄█▀▀▀    █▀▀▀ ▀ ▀█▄ ▄▄▄▀▀ ▄▀▀▄▄  ▄▀▀▀█▄█  █ ▄▄▄▄▄ █
█ █   █ █▀▀▄▀▀▄▄▀ ▀▀█ ▄██ ▀▄▀█ ▄▄▄▄█▀ ▀  ███▀█▄▄▀▀▀ ▄ █ █   █ █
█ █▄▄▄█ █▀ █ ▀ ▄██▄▀▀▀▀▄▄ ▀▀▀ ▄▄▄ ▄█▀█▀▀▀█ ▄ ▄▄▀▄▀█ ▄██ █▄▄▄█ █
█▄▄▄▄▄▄▄█▄█▄▀▄█▄▀▄▀ █▄█ █ █ █ █▄█ ▀ ▀▄▀▄█▄▀ █ █▄█▄▀▄█▄█▄▄▄▄▄▄▄█
█▄▄   ▀▄  ▄ █▀▄▀▄█▀ ▀▀▄▀▀ ▄▄▀▄▄  ▄▄▄ ▄▄▄▀█   ▀█▄▄▄▄█▄▄▄▀ ▀ █ ██
█▀▀▄ ▄▀▄ ▄ ▄ █▀ ▀▄▀█▀  ▀ ▀ ▄▀█ ▀▀█▄██    █▀██▄▄▀▄█▀▄ ██▀▄ ██▄ █
█████▄▀▄ ▀▄██ ▀▀ ▄▀▄▀█▀▀  ▄█▀█ ▄█▀██▄█▀ ▀██▀▄█▀█▄▄▀█▄█▀  ▀▀▀███
█▀▄▀█  ▄ ▄▄▀▄ ▀██ █ ▀▀▀ ██▀ ▄▄▀█ ███ █▀█▀▀ ▀▄ █▄▄▄█▄▄ ▄  ▀ █ ▄█
█ ██ ▀ ▄▀  █▄ ▀█▀█▄ ▄▄▀▄▀▄▄█▀▀▀ █████▄ ███▀▀▄▀█▄   ▄▄▄▀▀█▀█▄▀██
█▀▀████▄▄▀▄▄██▄ ▀█  ▀▀▄▄▀█ ███▀  ▀▄▀█ ▄▄▄ ▄▀▀ █▄▀██ █▀▄▄ ▀▄▄  █
██  ▄▄▄▄▀▄ ▀▄ ▄▄██▄ ▀▄▀▀ ▀▄▀ ▄█  ▀▄ ▄▄ ▄ █▀ ▄▀█▄▄  ▄▄▄  ▀████▀█
█▄ ▄█ █▄ █▀▄▄▄  ▄█▄██▀ ▄█▄▀█▄█▀▀▀█ ██▀▀▄█ ▀ █▀▀███ ▀▀  █▄▀▄█ ▄█
██   ▀▄▄▀█▄▄█▀▄▀██▄▀▄█▀█▄▀▀█▀ ██▄█▀█ ▄▀█ █▀ ▄▀██▄▄ ▄█▄ ▀█▀█▄███
█▄▄▄▄█ ▄█▄█▀█▄▀▀  ▀▄▄██ ▀█▄ ▄▀▀ ▄ ▀ ▀ ▄▄▄   ▄▄███▄▄  ▀▄▀▀ █▄  █
█▀█▀  ▄▄▄  █▄█▀█▄█ ▄█▄▄▀ ▀▄█▄ ▄▄▄  █▀ ▄█ ▀  ▄█▄█▄ ▀▄▄ ▄▄▄ ██▄ █
█▀▀▀█ █▄█ ▄▀▄█▀▄▄█▄█ ▀▄██▀█ █ █▄█ █ ▀▄▄█    ▄▄▀███▀█▀ █▄█ ▄▄▄ █
█▄  ▄▄▄▄▄ ▀▀ █▀▀▄▀▄▄▀▄▄█▄  ██▄▄   ▄▄▄ ▄▄▀▀▀  ▀▀▄▄ ▄▄█    ▄██  █
█▄ ▀  ▄▄▄   ▄▄██▄ ▄▄▄█▄▄▄ ▀   ▀  █▀█▀█▀▄▀▀ ▄█ ▄▄ ▄▄ █▀█▄▄▀█▄ ▄█
██▄▄▄▀▄▄▄▄▄▄▄ ▀ ██▄▄ █▀▀▀  █▄▀▀ █▀▀█▄▄▀▄▄█▀  ▀▄▄▀ ▀█▄▀▄  ▄██▄▄█
█ ▀▀▄█▀▄ ▄  ▀ ██▄▄▀ ▀█▄  ▄▄ ▄█▀▀ █▀██ █ ▀ ▀█▄ ▄█▀ ▄███ ▄█▄▄█  █
█▄▄▀▄▀▄▄▄ █▄▀ ▀▀█▄▀ ▀▀██▀ ▄▄ ▀▄ ▄█▄▄▄ █▄██ ▀ █▀█▄  ▄ ▀▀ ▀██▄▀▀█
█ ▄█ █▀▄▄▄█▄▄█  ▀▀█▀▀ █▀▀▄█▄ ▄▄ ▀█▀██   ███▀█ █▄ ▄▀   ▀▄▀ █▄▀ █
███▄▀▀█▄ █▄█  ████ ▄▄▄▄▀ ▀ █▀▄▄▄█ █▄▄█▀ ██   ███ ▄▀█▄▀ ▄▄▄ ██▄█
██▄▄▀  ▄█▄▀█▀█▀▄▀▀██▄ ▀  ▀▀▄ ▄▀▄▄██▄ ▀██▄▀▄▄▄▀█▀ ▄▀█▄▀▄▄▄▄██▄ █
█  ▀ █▀▄▀ ▀ ▀██▄▀██▄▄▄▀▄▀▄▀▀▄ ▄▄▄█▄█▄ ▄▄██▀ ███▄▄  █▄█ █▀▄▀ ▀▀█
█▀▀ ▄ ▄▄█▀▀▀ ▄  ▀███▄▄ ▄▀█▄█ █▄█▄▄▄ ▀▄ ▄█▀▄ ▄     ▀███ ▄▀▄▀█  █
█▄▄▄▄██▄▄▀▀▄█ ▄ ▄▄▀▄ ▄▀█▀▀▄▀█ ▄▄▄ ▄ ▄▄▄▄▄█ ▀▀▀██▄▄▀▄▄ ▄▄▄ ▀▄▄ █
█ ▄▄▄▄▄ █▄██▀▄▄ ▀█▄█  ▄▀▀ ▀█▀ █▄█  ▀▄  ▄█ ▀ █ ▄ ██ ▄  █▄█ ▄█  █
█ █   █ █ ▀ ▄▀  ▀▄▄▀▄█▄▀█▀▀█ ▄ ▄  ▄▄▄▄▀█▄▀▀ ▄█▀█   █ ▄  ▄▄█▄▄ █
█ █▄▄▄█ █  ▄ █  ▀ █ ▄█ █ ▄▀▀██▀ ▄▄▀█▀ ▄▄█▀█▀▄▄▄▄ ▄▄ ▀█  ▄▀▄▄█ █
█▄▄▄▄▄▄▄█▄█▄▄▄▄▄█▄▄▄█▄██▄█▄███▄█▄████▄▄███▄█▄██▄█▄██▄▄▄██▄▄█▄▄█


✅ KATY MP conectado y listo!
Estado: 🟢 Activo

⚠️ Conexión cerrada. Código: 428
🔄 Reconectando en 3s... (intento 1)

✅ KATY MP conectado y listo!
Estado: 🟢 Activo

🌐 Panel web: http://localhost:3001
📱 Abre esa URL en Chrome para controlar el bot


✅ KATY MP conectado!
Estado: 🟢 Activo

🔄 Reconectando en 3s...
🔄 Reconectando en 3s...
🔄 Reconectando en 3s...
🔄 Reconectando en 3s...
🔄 Reconectando en 3s...
🔄 Reconectando en 3s...
🔄 Reconectando en 3s...
🔄 Reconectando en 3s...
🔄 Reconectando en 3s...
🔄 Reconectando en 3s...
🔄 Reconectando en 3s...
🔄 Reconectando en 3s...
🌐 Panel web: http://localhost:3001
📱 Abre esa URL en Chrome para controlar el bot

🔄 Reconectando en 3s...
🌐 Panel web: http://localhost:3001
📱 Abre esa URL en Chrome para controlar el bot

🔄 Reconectando en 3s...
🌐 Panel web: http://localhost:3001
📱 Abre esa URL en Chrome para controlar el bot

🔄 Reconectando en 3s...
🔄 Reconectando en 3s...
🔄 Reconectando en 3s...
🔄 Reconectando en 3s...
🔄 Reconectando en 3s...
🔄 Reconectando en 3s...
🔄 Reconectando en 3s...
🔄 Reconectando en 3s...
🔄 Reconectando en 3s...
🔄 Reconectando en 3s...
🔄 Reconectando en 3s...
🔄 Reconectando en 3s...
🔄 Reconectando en 3s...
🔄 Reconectando en 3s...
🔄 Reconectando en 3s...
🔄 Reconectando en 3s...
🔄 Reconectando en 3s...
🔄 Reconectando en 3s...
🔄 Reconectando en 3s...
🔄 Reconectando en 3s...
🔄 Reconectando en 3s...
🔄 Reconectando en 3s...
🔄 Reconectando en 3s...
🔄 Reconectando en 3s...
🔄 Reconectando en 3s...
🔄 Reconectando en 3s...
🔄 Reconectando en 3s...
🔄 Reconectando en 3s...
🔄 Reconectando en 3s...
🔄 Reconectando en 3s...
🔄 Reconectando en 3s...
🔄 Reconectando en 3s...
🔄 Reconectando en 3s...
🔄 Reconectando en 3s...
🔄 Reconectando en 3s...
🔄 Reconectando en 3s...
🔄 Reconectando en 3s...
🔄 Reconectando en 3s...
🔄 Reconectando en 3s...
🔄 Reconectando en 3s...
🔄 Reconectando en 3s...
🔄 Reconectando en 3s...
🔄 Reconectando en 3s...
🔄 Reconectando en 3s...
🔄 Reconectando en 3s...
🔄 Reconectando en 3s...
🔄 Reconectando en 3s...
🔄 Reconectando en 3s...
🔄 Reconectando en 3s...
🔄 Reconectando en 3s...
🔄 Reconectando en 3s...
Bot 🔴 DESACTIVADO desde panel
🔄 Reconectando en 3s...
Bot ✅ ACTIVADO desde panel
🔄 Reconectando en 3s...
🌐 Panel web: http://localhost:3001
📱 Abre esa URL en Chrome para controlar el bot

🔄 Reconectando en 3s...
🔄 Reconectando en 3s...
🔄 Reconectando en 3s...
🔄 Reconectando en 3s...
🔄 Reconectando en 3s...
🔄 Reconectando en 3s...
🔄 Reconectando en 3s...
🔄 Reconectando en 3s...
🔄 Reconectando en 3s...
🔄 Reconectando en 3s...
🔄 Reconectando en 3s...
🔄 Reconectando en 3s...
