2026-05-26T05:28:22: PM2 log: ===============================================================================
2026-05-26T05:28:22: PM2 log: --- New PM2 Daemon started ----------------------------------------------------
2026-05-26T05:28:22: PM2 log: Time                 : Tue May 26 2026 05:28:22 GMT-0500 (Peru Standard Time)
2026-05-26T05:28:22: PM2 log: PM2 version          : 7.0.1
2026-05-26T05:28:22: PM2 log: Node.js version      : 26.2.0
2026-05-26T05:28:22: PM2 log: Current arch         : arm64
2026-05-26T05:28:22: PM2 log: PM2 home             : /data/data/com.termux/files/home/.pm2
2026-05-26T05:28:22: PM2 log: PM2 PID file         : /data/data/com.termux/files/home/.pm2/pm2.pid
2026-05-26T05:28:22: PM2 log: RPC socket file      : /data/data/com.termux/files/home/.pm2/rpc.sock
2026-05-26T05:28:22: PM2 log: BUS socket file      : /data/data/com.termux/files/home/.pm2/pub.sock
2026-05-26T05:28:22: PM2 log: Application log path : /data/data/com.termux/files/home/.pm2/logs
2026-05-26T05:28:22: PM2 log: Worker Interval      : 30000
2026-05-26T05:28:22: PM2 log: Process dump file    : /data/data/com.termux/files/home/.pm2/dump.pm2
2026-05-26T05:28:22: PM2 log: Concurrent actions   : 2
2026-05-26T05:28:22: PM2 log: SIGTERM timeout      : 1600
2026-05-26T05:28:22: PM2 log: Runtime Binary       : /data/data/com.termux/files/usr/bin/node
2026-05-26T05:28:22: PM2 log: ===============================================================================
2026-05-26T05:28:22: PM2 log: App [katybot:0] starting in -fork mode-
2026-05-26T05:28:22: PM2 log: App [katybot:0] online
2026-05-26T05:28:22: PM2 warn: [pidusage] We couldn't find uptime from /proc/uptime, using os.uptime() value
2026-05-26T05:28:22: PM2 error: Error while calling "getconf PAGESIZE" Error: Command failed: getconf PAGESIZE
/data/data/com.termux/files/usr/bin/sh: 1: getconf: not found

    at genericNodeError (node:internal/errors:998:15)
    at wrappedFn (node:internal/errors:543:14)
    at ChildProcess.exithandler (node:child_process:417:12)
    at ChildProcess.emit (node:events:509:20)
    at ChildProcess.emit (node:domain:536:15)
    at maybeClose (node:internal/child_process:1108:16)
    at Socket.<anonymous> (node:internal/child_process:480:11)
    at Socket.emit (node:events:509:20)
    at Socket.emit (node:domain:536:15)
    at Pipe.<anonymous> (node:net:350:12) {
  code: 127,
  killed: false,
  signal: null,
  cmd: 'getconf PAGESIZE'
}
2026-05-26T05:28:22: PM2 error: Error while calling "getconf CLK_TCK" Error: Command failed: getconf CLK_TCK
/data/data/com.termux/files/usr/bin/sh: 1: getconf: not found

    at genericNodeError (node:internal/errors:998:15)
    at wrappedFn (node:internal/errors:543:14)
    at ChildProcess.exithandler (node:child_process:417:12)
    at ChildProcess.emit (node:events:509:20)
    at ChildProcess.emit (node:domain:536:15)
    at maybeClose (node:internal/child_process:1108:16)
    at Socket.<anonymous> (node:internal/child_process:480:11)
    at Socket.emit (node:events:509:20)
    at Socket.emit (node:domain:536:15)
    at Pipe.<anonymous> (node:net:350:12) {
  code: 127,
  killed: false,
  signal: null,
  cmd: 'getconf CLK_TCK'
}
2026-05-26T05:28:34: PM2 warn: [pidusage] We couldn't find uptime from /proc/uptime, using os.uptime() value
2026-05-26T05:28:52: PM2 warn: [pidusage] We couldn't find uptime from /proc/uptime, using os.uptime() value
2026-05-26T05:29:22: PM2 warn: [pidusage] We couldn't find uptime from /proc/uptime, using os.uptime() value
2026-05-26T05:29:52: PM2 warn: [pidusage] We couldn't find uptime from /proc/uptime, using os.uptime() value
2026-05-26T05:30:22: PM2 warn: [pidusage] We couldn't find uptime from /proc/uptime, using os.uptime() value
2026-05-26T05:30:52: PM2 warn: [pidusage] We couldn't find uptime from /proc/uptime, using os.uptime() value
2026-05-26T05:31:03: PM2 warn: [pidusage] We couldn't find uptime from /proc/uptime, using os.uptime() value
2026-05-26T05:31:22: PM2 warn: [pidusage] We couldn't find uptime from /proc/uptime, using os.uptime() value
2026-05-26T05:31:52: PM2 warn: [pidusage] We couldn't find uptime from /proc/uptime, using os.uptime() value
2026-05-26T05:32:22: PM2 warn: [pidusage] We couldn't find uptime from /proc/uptime, using os.uptime() value
2026-05-26T05:32:52: PM2 warn: [pidusage] We couldn't find uptime from /proc/uptime, using os.uptime() value
2026-05-26T05:33:22: PM2 warn: [pidusage] We couldn't find uptime from /proc/uptime, using os.uptime() value
2026-05-26T05:33:52: PM2 warn: [pidusage] We couldn't find uptime from /proc/uptime, using os.uptime() value
2026-05-26T05:35:18: PM2 log: ===============================================================================
2026-05-26T05:35:18: PM2 log: --- New PM2 Daemon started ----------------------------------------------------
2026-05-26T05:35:18: PM2 log: Time                 : Tue May 26 2026 05:35:18 GMT-0500 (Peru Standard Time)
2026-05-26T05:35:18: PM2 log: PM2 version          : 7.0.1
2026-05-26T05:35:18: PM2 log: Node.js version      : 26.2.0
2026-05-26T05:35:18: PM2 log: Current arch         : arm64
2026-05-26T05:35:18: PM2 log: PM2 home             : /data/data/com.termux/files/home/.pm2
2026-05-26T05:35:18: PM2 log: PM2 PID file         : /data/data/com.termux/files/home/.pm2/pm2.pid
2026-05-26T05:35:18: PM2 log: RPC socket file      : /data/data/com.termux/files/home/.pm2/rpc.sock
2026-05-26T05:35:18: PM2 log: BUS socket file      : /data/data/com.termux/files/home/.pm2/pub.sock
2026-05-26T05:35:18: PM2 log: Application log path : /data/data/com.termux/files/home/.pm2/logs
2026-05-26T05:35:18: PM2 log: Worker Interval      : 30000
2026-05-26T05:35:18: PM2 log: Process dump file    : /data/data/com.termux/files/home/.pm2/dump.pm2
2026-05-26T05:35:18: PM2 log: Concurrent actions   : 2
2026-05-26T05:35:18: PM2 log: SIGTERM timeout      : 1600
2026-05-26T05:35:18: PM2 log: Runtime Binary       : /data/data/com.termux/files/usr/bin/node
2026-05-26T05:35:18: PM2 log: ===============================================================================
2026-05-26T05:45:12: PM2 log: App [katybot:0] starting in -fork mode-
2026-05-26T05:45:12: PM2 log: App [katybot:0] online
2026-05-26T05:45:12: PM2 warn: [pidusage] We couldn't find uptime from /proc/uptime, using os.uptime() value
2026-05-26T05:45:12: PM2 error: Error while calling "getconf CLK_TCK" Error: Command failed: getconf CLK_TCK
/data/data/com.termux/files/usr/bin/sh: 1: getconf: not found

    at genericNodeError (node:internal/errors:998:15)
    at wrappedFn (node:internal/errors:543:14)
    at ChildProcess.exithandler (node:child_process:417:12)
    at ChildProcess.emit (node:events:509:20)
    at ChildProcess.emit (node:domain:536:15)
    at maybeClose (node:internal/child_process:1108:16)
    at Socket.<anonymous> (node:internal/child_process:480:11)
    at Socket.emit (node:events:509:20)
    at Socket.emit (node:domain:536:15)
    at Pipe.<anonymous> (node:net:350:12) {
  code: 127,
  killed: false,
  signal: null,
  cmd: 'getconf CLK_TCK'
}
2026-05-26T05:45:12: PM2 error: Error while calling "getconf PAGESIZE" Error: Command failed: getconf PAGESIZE
/data/data/com.termux/files/usr/bin/sh: 1: getconf: not found

    at genericNodeError (node:internal/errors:998:15)
    at wrappedFn (node:internal/errors:543:14)
    at ChildProcess.exithandler (node:child_process:417:12)
    at ChildProcess.emit (node:events:509:20)
    at ChildProcess.emit (node:domain:536:15)
    at maybeClose (node:internal/child_process:1108:16)
    at Socket.<anonymous> (node:internal/child_process:480:11)
    at Socket.emit (node:events:509:20)
    at Socket.emit (node:domain:536:15)
    at Pipe.<anonymous> (node:net:350:12) {
  code: 127,
  killed: false,
  signal: null,
  cmd: 'getconf PAGESIZE'
}
2026-05-26T05:45:19: PM2 warn: [pidusage] We couldn't find uptime from /proc/uptime, using os.uptime() value
2026-05-26T05:45:25: PM2 warn: [pidusage] We couldn't find uptime from /proc/uptime, using os.uptime() value
2026-05-26T05:45:33: PM2 warn: [pidusage] We couldn't find uptime from /proc/uptime, using os.uptime() value
2026-05-26T05:45:49: PM2 warn: [pidusage] We couldn't find uptime from /proc/uptime, using os.uptime() value
2026-05-26T05:46:19: PM2 warn: [pidusage] We couldn't find uptime from /proc/uptime, using os.uptime() value
2026-05-26T05:46:49: PM2 warn: [pidusage] We couldn't find uptime from /proc/uptime, using os.uptime() value
2026-05-26T05:47:19: PM2 warn: [pidusage] We couldn't find uptime from /proc/uptime, using os.uptime() value
2026-05-26T05:47:49: PM2 warn: [pidusage] We couldn't find uptime from /proc/uptime, using os.uptime() value
2026-05-26T05:48:08: PM2 warn: [pidusage] We couldn't find uptime from /proc/uptime, using os.uptime() value
2026-05-26T05:48:08: PM2 log: Stopping app:katybot id:0
2026-05-26T05:48:08: PM2 log: App [katybot:0] exited with code [0] via signal [SIGINT]
2026-05-26T05:48:08: PM2 log: pid=18151 msg=process tree killed (1 pids)
2026-05-26T05:48:10: PM2 log: App [katybot:0] starting in -fork mode-
2026-05-26T05:48:10: PM2 log: App [katybot:0] online
2026-05-26T05:48:10: PM2 warn: [pidusage] We couldn't find uptime from /proc/uptime, using os.uptime() value
2026-05-26T05:48:11: PM2 warn: [pidusage] We couldn't find uptime from /proc/uptime, using os.uptime() value
2026-05-26T05:48:19: PM2 warn: [pidusage] We couldn't find uptime from /proc/uptime, using os.uptime() value
2026-05-26T05:48:23: PM2 warn: [pidusage] We couldn't find uptime from /proc/uptime, using os.uptime() value
2026-05-26T05:48:23: PM2 warn: [pidusage] We couldn't find uptime from /proc/uptime, using os.uptime() value
2026-05-26T05:48:49: PM2 warn: [pidusage] We couldn't find uptime from /proc/uptime, using os.uptime() value
2026-05-26T05:49:19: PM2 warn: [pidusage] We couldn't find uptime from /proc/uptime, using os.uptime() value
2026-05-26T05:49:37: PM2 warn: [pidusage] We couldn't find uptime from /proc/uptime, using os.uptime() value
2026-05-26T05:49:49: PM2 warn: [pidusage] We couldn't find uptime from /proc/uptime, using os.uptime() value
2026-05-26T05:50:19: PM2 warn: [pidusage] We couldn't find uptime from /proc/uptime, using os.uptime() value
2026-05-26T05:50:49: PM2 warn: [pidusage] We couldn't find uptime from /proc/uptime, using os.uptime() value
2026-05-26T05:51:19: PM2 warn: [pidusage] We couldn't find uptime from /proc/uptime, using os.uptime() value
2026-05-26T05:51:49: PM2 warn: [pidusage] We couldn't find uptime from /proc/uptime, using os.uptime() value
2026-05-26T05:52:19: PM2 warn: [pidusage] We couldn't find uptime from /proc/uptime, using os.uptime() value
2026-05-26T05:52:49: PM2 warn: [pidusage] We couldn't find uptime from /proc/uptime, using os.uptime() value
2026-05-26T05:53:19: PM2 warn: [pidusage] We couldn't find uptime from /proc/uptime, using os.uptime() value
2026-05-26T05:53:44: PM2 warn: [pidusage] We couldn't find uptime from /proc/uptime, using os.uptime() value
2026-05-26T05:53:49: PM2 warn: [pidusage] We couldn't find uptime from /proc/uptime, using os.uptime() value
2026-05-26T05:54:19: PM2 warn: [pidusage] We couldn't find uptime from /proc/uptime, using os.uptime() value
2026-05-26T05:54:49: PM2 warn: [pidusage] We couldn't find uptime from /proc/uptime, using os.uptime() value
2026-05-26T05:55:19: PM2 warn: [pidusage] We couldn't find uptime from /proc/uptime, using os.uptime() value
2026-05-26T05:57:26: PM2 log: ===============================================================================
2026-05-26T05:57:26: PM2 log: --- New PM2 Daemon started ----------------------------------------------------
2026-05-26T05:57:26: PM2 log: Time                 : Tue May 26 2026 05:57:26 GMT-0500 (Peru Standard Time)
2026-05-26T05:57:26: PM2 log: PM2 version          : 7.0.1
2026-05-26T05:57:26: PM2 log: Node.js version      : 26.2.0
2026-05-26T05:57:26: PM2 log: Current arch         : arm64
2026-05-26T05:57:26: PM2 log: PM2 home             : /data/data/com.termux/files/home/.pm2
2026-05-26T05:57:26: PM2 log: PM2 PID file         : /data/data/com.termux/files/home/.pm2/pm2.pid
2026-05-26T05:57:26: PM2 log: RPC socket file      : /data/data/com.termux/files/home/.pm2/rpc.sock
2026-05-26T05:57:26: PM2 log: BUS socket file      : /data/data/com.termux/files/home/.pm2/pub.sock
2026-05-26T05:57:26: PM2 log: Application log path : /data/data/com.termux/files/home/.pm2/logs
2026-05-26T05:57:26: PM2 log: Worker Interval      : 30000
2026-05-26T05:57:26: PM2 log: Process dump file    : /data/data/com.termux/files/home/.pm2/dump.pm2
2026-05-26T05:57:26: PM2 log: Concurrent actions   : 2
2026-05-26T05:57:26: PM2 log: SIGTERM timeout      : 1600
2026-05-26T05:57:26: PM2 log: Runtime Binary       : /data/data/com.termux/files/usr/bin/node
2026-05-26T05:57:26: PM2 log: ===============================================================================
2026-05-26T06:02:48: PM2 log: App [katybot:0] starting in -fork mode-
2026-05-26T06:02:48: PM2 log: App [katybot:0] online
2026-05-26T06:02:48: PM2 warn: [pidusage] We couldn't find uptime from /proc/uptime, using os.uptime() value
2026-05-26T06:02:48: PM2 error: Error while calling "getconf PAGESIZE" Error: Command failed: getconf PAGESIZE
/data/data/com.termux/files/usr/bin/sh: 1: getconf: not found

    at genericNodeError (node:internal/errors:998:15)
    at wrappedFn (node:internal/errors:543:14)
    at ChildProcess.exithandler (node:child_process:417:12)
    at ChildProcess.emit (node:events:509:20)
    at ChildProcess.emit (node:domain:536:15)
    at maybeClose (node:internal/child_process:1108:16)
    at Socket.<anonymous> (node:internal/child_process:480:11)
    at Socket.emit (node:events:509:20)
    at Socket.emit (node:domain:536:15)
    at Pipe.<anonymous> (node:net:350:12) {
  code: 127,
  killed: false,
  signal: null,
  cmd: 'getconf PAGESIZE'
}
2026-05-26T06:02:48: PM2 error: Error while calling "getconf CLK_TCK" Error: Command failed: getconf CLK_TCK
/data/data/com.termux/files/usr/bin/sh: 1: getconf: not found

    at genericNodeError (node:internal/errors:998:15)
    at wrappedFn (node:internal/errors:543:14)
    at ChildProcess.exithandler (node:child_process:417:12)
    at ChildProcess.emit (node:events:509:20)
    at ChildProcess.emit (node:domain:536:15)
    at maybeClose (node:internal/child_process:1108:16)
    at Socket.<anonymous> (node:internal/child_process:480:11)
    at Socket.emit (node:events:509:20)
    at Socket.emit (node:domain:536:15)
    at Pipe.<anonymous> (node:net:350:12) {
  code: 127,
  killed: false,
  signal: null,
  cmd: 'getconf CLK_TCK'
}
2026-05-26T06:02:49: PM2 warn: [pidusage] We couldn't find uptime from /proc/uptime, using os.uptime() value
2026-05-26T06:02:57: PM2 warn: [pidusage] We couldn't find uptime from /proc/uptime, using os.uptime() value
2026-05-26T06:02:58: PM2 log: App [katybot:0] exited with code [0] via signal [SIGINT]
2026-05-26T06:03:01: PM2 log: App [katybot:0] starting in -fork mode-
2026-05-26T06:03:01: PM2 log: App [katybot:0] online
2026-05-26T06:03:11: PM2 log: App [katybot:0] exited with code [0] via signal [SIGINT]
2026-05-26T06:03:14: PM2 log: App [katybot:0] starting in -fork mode-
2026-05-26T06:03:14: PM2 log: App [katybot:0] online
2026-05-26T06:03:21: PM2 log: App [katybot:0] exited with code [0] via signal [SIGINT]
2026-05-26T06:03:24: PM2 log: App [katybot:0] starting in -fork mode-
2026-05-26T06:03:24: PM2 log: App [katybot:0] online
2026-05-26T06:03:27: PM2 warn: [pidusage] We couldn't find uptime from /proc/uptime, using os.uptime() value
2026-05-26T06:03:31: PM2 log: App [katybot:0] exited with code [0] via signal [SIGINT]
2026-05-26T06:03:34: PM2 log: App [katybot:0] starting in -fork mode-
2026-05-26T06:03:34: PM2 log: App [katybot:0] online
2026-05-26T06:03:41: PM2 log: App [katybot:0] exited with code [0] via signal [SIGINT]
2026-05-26T06:03:44: PM2 log: App [katybot:0] starting in -fork mode-
2026-05-26T06:03:44: PM2 log: App [katybot:0] online
2026-05-26T06:03:54: PM2 log: App [katybot:0] exited with code [0] via signal [SIGINT]
2026-05-26T06:03:57: PM2 log: App [katybot:0] starting in -fork mode-
2026-05-26T06:03:57: PM2 log: App [katybot:0] online
2026-05-26T06:03:57: PM2 warn: [pidusage] We couldn't find uptime from /proc/uptime, using os.uptime() value
2026-05-26T06:04:03: PM2 log: App [katybot:0] exited with code [0] via signal [SIGINT]
2026-05-26T06:04:06: PM2 log: App [katybot:0] starting in -fork mode-
2026-05-26T06:04:06: PM2 log: App [katybot:0] online
2026-05-26T06:04:16: PM2 log: App [katybot:0] exited with code [0] via signal [SIGINT]
2026-05-26T06:04:19: PM2 log: App [katybot:0] starting in -fork mode-
2026-05-26T06:04:19: PM2 log: App [katybot:0] online
2026-05-26T06:04:27: PM2 warn: [pidusage] We couldn't find uptime from /proc/uptime, using os.uptime() value
2026-05-26T06:04:29: PM2 log: App [katybot:0] exited with code [0] via signal [SIGINT]
2026-05-26T06:04:32: PM2 log: App [katybot:0] starting in -fork mode-
2026-05-26T06:04:32: PM2 log: App [katybot:0] online
2026-05-26T06:04:39: PM2 log: App [katybot:0] exited with code [0] via signal [SIGINT]
2026-05-26T06:04:42: PM2 log: App [katybot:0] starting in -fork mode-
2026-05-26T06:04:42: PM2 log: App [katybot:0] online
2026-05-26T06:04:49: PM2 log: App [katybot:0] exited with code [0] via signal [SIGINT]
2026-05-26T06:04:52: PM2 log: App [katybot:0] starting in -fork mode-
2026-05-26T06:04:52: PM2 log: App [katybot:0] online
2026-05-26T06:04:57: PM2 warn: [pidusage] We couldn't find uptime from /proc/uptime, using os.uptime() value
2026-05-26T06:05:02: PM2 log: App [katybot:0] exited with code [0] via signal [SIGINT]
2026-05-26T06:05:05: PM2 log: App [katybot:0] starting in -fork mode-
2026-05-26T06:05:05: PM2 log: App [katybot:0] online
2026-05-26T06:05:12: PM2 log: App [katybot:0] exited with code [0] via signal [SIGINT]
2026-05-26T06:05:15: PM2 log: App [katybot:0] starting in -fork mode-
2026-05-26T06:05:15: PM2 log: App [katybot:0] online
2026-05-26T06:05:25: PM2 log: App [katybot:0] exited with code [0] via signal [SIGINT]
2026-05-26T06:05:28: PM2 log: App [katybot:0] starting in -fork mode-
2026-05-26T06:05:28: PM2 log: App [katybot:0] online
2026-05-26T06:05:57: PM2 warn: [pidusage] We couldn't find uptime from /proc/uptime, using os.uptime() value
2026-05-26T06:06:27: PM2 warn: [pidusage] We couldn't find uptime from /proc/uptime, using os.uptime() value
2026-05-26T06:06:57: PM2 warn: [pidusage] We couldn't find uptime from /proc/uptime, using os.uptime() value
2026-05-26T06:07:27: PM2 warn: [pidusage] We couldn't find uptime from /proc/uptime, using os.uptime() value
2026-05-26T06:07:44: PM2 log: App [katybot:0] exited with code [0] via signal [SIGINT]
2026-05-26T06:07:47: PM2 log: App [katybot:0] starting in -fork mode-
2026-05-26T06:07:47: PM2 log: App [katybot:0] online
2026-05-26T06:07:54: PM2 log: App [katybot:0] exited with code [0] via signal [SIGINT]
2026-05-26T06:07:57: PM2 log: App [katybot:0] starting in -fork mode-
2026-05-26T06:07:57: PM2 log: App [katybot:0] online
2026-05-26T06:08:04: PM2 log: App [katybot:0] exited with code [0] via signal [SIGINT]
2026-05-26T06:08:07: PM2 log: App [katybot:0] starting in -fork mode-
2026-05-26T06:08:07: PM2 log: App [katybot:0] online
2026-05-26T06:08:17: PM2 log: App [katybot:0] exited with code [0] via signal [SIGINT]
2026-05-26T06:08:20: PM2 log: App [katybot:0] starting in -fork mode-
2026-05-26T06:08:20: PM2 log: App [katybot:0] online
2026-05-26T06:08:27: PM2 log: App [katybot:0] exited with code [0] via signal [SIGINT]
2026-05-26T06:08:30: PM2 log: App [katybot:0] starting in -fork mode-
2026-05-26T06:08:30: PM2 log: App [katybot:0] online
2026-05-26T06:08:36: PM2 log: App [katybot:0] exited with code [0] via signal [SIGINT]
2026-05-26T06:08:39: PM2 log: App [katybot:0] starting in -fork mode-
2026-05-26T06:08:39: PM2 log: App [katybot:0] online
2026-05-26T06:08:49: PM2 log: App [katybot:0] exited with code [0] via signal [SIGINT]
2026-05-26T06:08:52: PM2 log: App [katybot:0] starting in -fork mode-
2026-05-26T06:08:52: PM2 log: App [katybot:0] online
2026-05-26T06:08:57: PM2 warn: [pidusage] We couldn't find uptime from /proc/uptime, using os.uptime() value
2026-05-26T06:08:59: PM2 log: App [katybot:0] exited with code [0] via signal [SIGINT]
2026-05-26T06:09:02: PM2 log: App [katybot:0] starting in -fork mode-
2026-05-26T06:09:02: PM2 log: App [katybot:0] online
2026-05-26T06:09:12: PM2 log: App [katybot:0] exited with code [0] via signal [SIGINT]
2026-05-26T06:09:15: PM2 log: App [katybot:0] starting in -fork mode-
2026-05-26T06:09:15: PM2 log: App [katybot:0] online
2026-05-26T06:09:25: PM2 log: App [katybot:0] exited with code [0] via signal [SIGINT]
2026-05-26T06:09:28: PM2 log: App [katybot:0] starting in -fork mode-
2026-05-26T06:09:28: PM2 log: App [katybot:0] online
2026-05-26T06:09:31: PM2 warn: [pidusage] We couldn't find uptime from /proc/uptime, using os.uptime() value
2026-05-26T06:09:31: PM2 warn: [pidusage] We couldn't find uptime from /proc/uptime, using os.uptime() value
2026-05-26T06:09:38: PM2 log: App [katybot:0] exited with code [0] via signal [SIGINT]
2026-05-26T06:09:41: PM2 log: App [katybot:0] starting in -fork mode-
2026-05-26T06:09:41: PM2 log: App [katybot:0] online
2026-05-26T06:09:51: PM2 log: App [katybot:0] exited with code [0] via signal [SIGINT]
2026-05-26T06:09:54: PM2 log: App [katybot:0] starting in -fork mode-
2026-05-26T06:09:54: PM2 log: App [katybot:0] online
2026-05-26T06:09:57: PM2 warn: [pidusage] We couldn't find uptime from /proc/uptime, using os.uptime() value
2026-05-26T06:10:04: PM2 log: App [katybot:0] exited with code [0] via signal [SIGINT]
2026-05-26T06:10:07: PM2 log: App [katybot:0] starting in -fork mode-
2026-05-26T06:10:07: PM2 log: App [katybot:0] online
2026-05-26T06:10:17: PM2 log: App [katybot:0] exited with code [0] via signal [SIGINT]
2026-05-26T06:10:20: PM2 log: App [katybot:0] starting in -fork mode-
2026-05-26T06:10:20: PM2 log: App [katybot:0] online
2026-05-26T06:10:27: PM2 log: App [katybot:0] exited with code [0] via signal [SIGINT]
2026-05-26T06:10:30: PM2 log: App [katybot:0] starting in -fork mode-
2026-05-26T06:10:30: PM2 log: App [katybot:0] online
2026-05-26T06:10:40: PM2 log: App [katybot:0] exited with code [0] via signal [SIGINT]
2026-05-26T06:10:43: PM2 log: App [katybot:0] starting in -fork mode-
2026-05-26T06:10:43: PM2 log: App [katybot:0] online
2026-05-26T06:10:57: PM2 warn: [pidusage] We couldn't find uptime from /proc/uptime, using os.uptime() value
2026-05-26T06:10:59: PM2 log: App [katybot:0] exited with code [0] via signal [SIGINT]
2026-05-26T06:11:02: PM2 log: App [katybot:0] starting in -fork mode-
2026-05-26T06:11:02: PM2 log: App [katybot:0] online
2026-05-26T06:11:02: PM2 warn: [pidusage] We couldn't find uptime from /proc/uptime, using os.uptime() value
2026-05-26T06:11:02: PM2 log: Stopping app:katybot id:0
2026-05-26T06:11:02: PM2 log: App [katybot:0] exited with code [0] via signal [SIGINT]
2026-05-26T06:11:02: PM2 log: pid=32280 msg=process tree killed (1 pids)
2026-05-26T06:11:02: PM2 log: App [katybot:0] starting in -fork mode-
2026-05-26T06:11:02: PM2 log: App [katybot:0] online
2026-05-26T06:11:02: PM2 warn: [pidusage] We couldn't find uptime from /proc/uptime, using os.uptime() value
2026-05-26T06:11:12: PM2 warn: [pidusage] We couldn't find uptime from /proc/uptime, using os.uptime() value
2026-05-26T06:11:12: PM2 log: App [katybot:0] exited with code [0] via signal [SIGINT]
2026-05-26T06:11:15: PM2 log: App [katybot:0] starting in -fork mode-
2026-05-26T06:11:15: PM2 log: App [katybot:0] online
2026-05-26T06:11:25: PM2 log: App [katybot:0] exited with code [0] via signal [SIGINT]
2026-05-26T06:11:28: PM2 log: App [katybot:0] starting in -fork mode-
2026-05-26T06:11:28: PM2 log: App [katybot:0] online
2026-05-26T06:11:35: PM2 log: App [katybot:0] exited with code [0] via signal [SIGINT]
2026-05-26T06:11:38: PM2 log: App [katybot:0] starting in -fork mode-
2026-05-26T06:11:38: PM2 log: App [katybot:0] online
2026-05-26T06:11:48: PM2 log: App [katybot:0] exited with code [0] via signal [SIGINT]
2026-05-26T06:11:51: PM2 log: App [katybot:0] starting in -fork mode-
2026-05-26T06:11:51: PM2 log: App [katybot:0] online
2026-05-26T06:11:57: PM2 warn: [pidusage] We couldn't find uptime from /proc/uptime, using os.uptime() value
2026-05-26T06:12:01: PM2 log: App [katybot:0] exited with code [0] via signal [SIGINT]
2026-05-26T06:12:04: PM2 log: App [katybot:0] starting in -fork mode-
2026-05-26T06:12:04: PM2 log: App [katybot:0] online
2026-05-26T06:12:14: PM2 log: App [katybot:0] exited with code [0] via signal [SIGINT]
2026-05-26T06:12:17: PM2 log: App [katybot:0] starting in -fork mode-
2026-05-26T06:12:17: PM2 log: App [katybot:0] online
2026-05-26T06:12:21: PM2 warn: [pidusage] We couldn't find uptime from /proc/uptime, using os.uptime() value
2026-05-26T06:12:22: PM2 log: App [katybot:1] starting in -fork mode-
2026-05-26T06:12:22: PM2 log: App [katybot:1] online
2026-05-26T06:12:22: PM2 warn: [pidusage] We couldn't find uptime from /proc/uptime, using os.uptime() value
2026-05-26T06:12:23: PM2 warn: [pidusage] We couldn't find uptime from /proc/uptime, using os.uptime() value
2026-05-26T06:12:24: PM2 log: App [katybot:0] exited with code [0] via signal [SIGINT]
2026-05-26T06:12:27: PM2 warn: [pidusage] We couldn't find uptime from /proc/uptime, using os.uptime() value
2026-05-26T06:12:27: PM2 log: App [katybot:0] starting in -fork mode-
2026-05-26T06:12:27: PM2 log: App [katybot:0] online
2026-05-26T06:12:34: PM2 log: App [katybot:0] exited with code [0] via signal [SIGINT]
2026-05-26T06:12:37: PM2 log: App [katybot:0] starting in -fork mode-
2026-05-26T06:12:37: PM2 log: App [katybot:0] online
2026-05-26T06:12:44: PM2 log: App [katybot:0] exited with code [0] via signal [SIGINT]
2026-05-26T06:12:44: PM2 warn: [pidusage] We couldn't find uptime from /proc/uptime, using os.uptime() value
2026-05-26T06:12:45: PM2 warn: [pidusage] We couldn't find uptime from /proc/uptime, using os.uptime() value
2026-05-26T06:12:47: PM2 log: App [katybot:0] starting in -fork mode-
2026-05-26T06:12:47: PM2 log: App [katybot:0] online
2026-05-26T06:12:57: PM2 warn: [pidusage] We couldn't find uptime from /proc/uptime, using os.uptime() value
2026-05-26T06:12:57: PM2 log: App [katybot:0] exited with code [0] via signal [SIGINT]
2026-05-26T06:13:00: PM2 log: App [katybot:0] starting in -fork mode-
2026-05-26T06:13:00: PM2 log: App [katybot:0] online
2026-05-26T06:13:07: PM2 log: App [katybot:0] exited with code [0] via signal [SIGINT]
2026-05-26T06:13:10: PM2 log: App [katybot:0] starting in -fork mode-
2026-05-26T06:13:10: PM2 log: App [katybot:0] online
2026-05-26T06:13:19: PM2 log: App [katybot:0] exited with code [0] via signal [SIGINT]
2026-05-26T06:13:22: PM2 log: App [katybot:0] starting in -fork mode-
2026-05-26T06:13:23: PM2 log: App [katybot:0] online
2026-05-26T06:13:27: PM2 warn: [pidusage] We couldn't find uptime from /proc/uptime, using os.uptime() value
2026-05-26T06:13:28: PM2 warn: [pidusage] We couldn't find uptime from /proc/uptime, using os.uptime() value
2026-05-26T06:13:28: PM2 log: Stopping app:katybot id:0
2026-05-26T06:13:28: PM2 log: Stopping app:katybot id:1
2026-05-26T06:13:28: PM2 log: App [katybot:1] exited with code [0] via signal [SIGINT]
2026-05-26T06:13:28: PM2 log: App [katybot:0] exited with code [0] via signal [SIGINT]
2026-05-26T06:13:28: PM2 log: pid=1467 msg=process tree killed (1 pids)
2026-05-26T06:13:28: PM2 log: pid=442 msg=process tree killed (1 pids)
2026-05-26T06:19:40: PM2 log: App [katybot:0] starting in -fork mode-
2026-05-26T06:19:40: PM2 log: App [katybot:0] online
2026-05-26T06:19:40: PM2 warn: [pidusage] We couldn't find uptime from /proc/uptime, using os.uptime() value
2026-05-26T06:19:42: PM2 warn: [pidusage] We couldn't find uptime from /proc/uptime, using os.uptime() value
2026-05-26T06:19:57: PM2 warn: [pidusage] We couldn't find uptime from /proc/uptime, using os.uptime() value
2026-05-26T06:20:27: PM2 warn: [pidusage] We couldn't find uptime from /proc/uptime, using os.uptime() value
2026-05-26T06:20:57: PM2 warn: [pidusage] We couldn't find uptime from /proc/uptime, using os.uptime() value
2026-05-26T06:21:27: PM2 warn: [pidusage] We couldn't find uptime from /proc/uptime, using os.uptime() value
2026-05-26T06:21:57: PM2 warn: [pidusage] We couldn't find uptime from /proc/uptime, using os.uptime() value
2026-05-26T06:22:27: PM2 warn: [pidusage] We couldn't find uptime from /proc/uptime, using os.uptime() value
2026-05-26T06:22:57: PM2 warn: [pidusage] We couldn't find uptime from /proc/uptime, using os.uptime() value
2026-05-26T06:23:27: PM2 warn: [pidusage] We couldn't find uptime from /proc/uptime, using os.uptime() value
2026-05-26T06:23:57: PM2 warn: [pidusage] We couldn't find uptime from /proc/uptime, using os.uptime() value
2026-05-26T15:26:27: PM2 log: ===============================================================================
2026-05-26T15:26:27: PM2 log: --- New PM2 Daemon started ----------------------------------------------------
2026-05-26T15:26:27: PM2 log: Time                 : Tue May 26 2026 15:26:27 GMT-0500 (Peru Standard Time)
2026-05-26T15:26:27: PM2 log: PM2 version          : 7.0.1
2026-05-26T15:26:27: PM2 log: Node.js version      : 26.2.0
2026-05-26T15:26:27: PM2 log: Current arch         : arm64
2026-05-26T15:26:27: PM2 log: PM2 home             : /data/data/com.termux/files/home/.pm2
2026-05-26T15:26:27: PM2 log: PM2 PID file         : /data/data/com.termux/files/home/.pm2/pm2.pid
2026-05-26T15:26:27: PM2 log: RPC socket file      : /data/data/com.termux/files/home/.pm2/rpc.sock
2026-05-26T15:26:27: PM2 log: BUS socket file      : /data/data/com.termux/files/home/.pm2/pub.sock
2026-05-26T15:26:27: PM2 log: Application log path : /data/data/com.termux/files/home/.pm2/logs
2026-05-26T15:26:27: PM2 log: Worker Interval      : 30000
2026-05-26T15:26:27: PM2 log: Process dump file    : /data/data/com.termux/files/home/.pm2/dump.pm2
2026-05-26T15:26:27: PM2 log: Concurrent actions   : 2
2026-05-26T15:26:27: PM2 log: SIGTERM timeout      : 1600
2026-05-26T15:26:27: PM2 log: Runtime Binary       : /data/data/com.termux/files/usr/bin/node
2026-05-26T15:26:27: PM2 log: ===============================================================================
2026-05-26T15:28:59: PM2 log: App [katybot:0] starting in -fork mode-
2026-05-26T15:29:00: PM2 log: App [katybot:0] online
2026-05-26T15:29:00: PM2 warn: [pidusage] We couldn't find uptime from /proc/uptime, using os.uptime() value
2026-05-26T15:29:00: PM2 error: Error while calling "getconf CLK_TCK" Error: Command failed: getconf CLK_TCK
/data/data/com.termux/files/usr/bin/sh: 1: getconf: not found

    at genericNodeError (node:internal/errors:998:15)
    at wrappedFn (node:internal/errors:543:14)
    at ChildProcess.exithandler (node:child_process:417:12)
    at ChildProcess.emit (node:events:509:20)
    at ChildProcess.emit (node:domain:536:15)
    at maybeClose (node:internal/child_process:1108:16)
    at Socket.<anonymous> (node:internal/child_process:480:11)
    at Socket.emit (node:events:509:20)
    at Socket.emit (node:domain:536:15)
    at Pipe.<anonymous> (node:net:350:12) {
  code: 127,
  killed: false,
  signal: null,
  cmd: 'getconf CLK_TCK'
}
2026-05-26T15:29:00: PM2 error: Error while calling "getconf PAGESIZE" Error: Command failed: getconf PAGESIZE
/data/data/com.termux/files/usr/bin/sh: 1: getconf: not found

    at genericNodeError (node:internal/errors:998:15)
    at wrappedFn (node:internal/errors:543:14)
    at ChildProcess.exithandler (node:child_process:417:12)
    at ChildProcess.emit (node:events:509:20)
    at ChildProcess.emit (node:domain:536:15)
    at maybeClose (node:internal/child_process:1108:16)
    at Socket.<anonymous> (node:internal/child_process:480:11)
    at Socket.emit (node:events:509:20)
    at Socket.emit (node:domain:536:15)
    at Pipe.<anonymous> (node:net:350:12) {
  code: 127,
  killed: false,
  signal: null,
  cmd: 'getconf PAGESIZE'
}
2026-05-26T15:29:01: PM2 warn: [pidusage] We couldn't find uptime from /proc/uptime, using os.uptime() value
2026-05-26T15:29:27: PM2 warn: [pidusage] We couldn't find uptime from /proc/uptime, using os.uptime() value
2026-05-26T15:29:57: PM2 warn: [pidusage] We couldn't find uptime from /proc/uptime, using os.uptime() value
2026-05-26T15:30:27: PM2 warn: [pidusage] We couldn't find uptime from /proc/uptime, using os.uptime() value
2026-05-26T15:30:44: PM2 log: App [katybot:0] exited with code [0] via signal [SIGINT]
2026-05-26T15:30:44: PM2 log: App [katybot:0] starting in -fork mode-
2026-05-26T15:30:44: PM2 log: App [katybot:0] online
2026-05-26T15:30:50: PM2 log: App [katybot:0] exited with code [0] via signal [SIGINT]
2026-05-26T15:30:50: PM2 log: App [katybot:0] starting in -fork mode-
2026-05-26T15:30:50: PM2 log: App [katybot:0] online
2026-05-26T15:30:55: PM2 log: App [katybot:0] exited with code [0] via signal [SIGINT]
2026-05-26T15:30:55: PM2 log: App [katybot:0] starting in -fork mode-
2026-05-26T15:30:55: PM2 log: App [katybot:0] online
2026-05-26T15:30:57: PM2 warn: [pidusage] We couldn't find uptime from /proc/uptime, using os.uptime() value
2026-05-26T15:31:27: PM2 warn: [pidusage] We couldn't find uptime from /proc/uptime, using os.uptime() value
2026-05-26T15:31:57: PM2 warn: [pidusage] We couldn't find uptime from /proc/uptime, using os.uptime() value
2026-05-26T15:32:27: PM2 warn: [pidusage] We couldn't find uptime from /proc/uptime, using os.uptime() value
2026-05-26T15:32:57: PM2 warn: [pidusage] We couldn't find uptime from /proc/uptime, using os.uptime() value
2026-05-26T15:33:27: PM2 warn: [pidusage] We couldn't find uptime from /proc/uptime, using os.uptime() value
2026-05-26T15:33:41: PM2 log: App [katybot:0] exited with code [0] via signal [SIGINT]
2026-05-26T15:33:41: PM2 log: App [katybot:0] starting in -fork mode-
2026-05-26T15:33:41: PM2 log: App [katybot:0] online
2026-05-26T15:33:57: PM2 warn: [pidusage] We couldn't find uptime from /proc/uptime, using os.uptime() value
