0 verbose cli /data/data/com.termux/files/usr/bin/node /data/data/com.termux/files/usr/bin/npm
1 info using npm@11.15.0
2 info using node@v26.2.0
3 silly config load:file:/data/data/com.termux/files/usr/lib/node_modules/npm/npmrc
4 silly config load:file:/data/data/com.termux/files/home/katybot/.npmrc
5 silly config load:file:/data/data/com.termux/files/home/.npmrc
6 silly config load:file:/data/data/com.termux/files/usr/etc/npmrc
7 verbose title npm install @whiskeysockets/baileys
8 verbose argv "install" "@whiskeysockets/baileys"
9 verbose logfile logs-max:10 dir:/data/data/com.termux/files/home/.npm/_logs/2026-05-26T10_15_47_628Z-
10 verbose logfile /data/data/com.termux/files/home/.npm/_logs/2026-05-26T10_15_47_628Z-debug-0.log
11 silly logfile start cleaning logs, removing 1 files
12 silly logfile done cleaning log files
13 silly packumentCache heap:1078984704 maxSize:269746176 maxEntrySize:134873088
14 silly idealTree buildDeps
15 silly fetch manifest @whiskeysockets/baileys@*
16 silly packumentCache full:https://registry.npmjs.org/@whiskeysockets%2fbaileys cache-miss
17 http fetch GET 200 https://registry.npmjs.org/@whiskeysockets%2fbaileys 1431ms (cache revalidated)
18 silly packumentCache full:https://registry.npmjs.org/@whiskeysockets%2fbaileys set size:194192 disposed:false
19 silly fetch manifest audio-decode@^2.1.3
20 silly packumentCache full:https://registry.npmjs.org/audio-decode cache-miss
21 http fetch GET 200 https://registry.npmjs.org/audio-decode 400ms (cache revalidated)
22 silly packumentCache full:https://registry.npmjs.org/audio-decode set size:120660 disposed:false
23 silly fetch manifest jimp@^1.6.1
24 silly packumentCache full:https://registry.npmjs.org/jimp cache-miss
25 http fetch GET 200 https://registry.npmjs.org/jimp 377ms (cache revalidated)
26 silly packumentCache full:https://registry.npmjs.org/jimp set size:1198045 disposed:false
27 silly fetch manifest link-preview-js@^3.0.0
28 silly packumentCache full:https://registry.npmjs.org/link-preview-js cache-miss
29 http fetch GET 200 https://registry.npmjs.org/link-preview-js 1084ms (cache revalidated)
30 silly packumentCache full:https://registry.npmjs.org/link-preview-js set size:150486 disposed:false
31 silly fetch manifest sharp@*
32 silly packumentCache full:https://registry.npmjs.org/sharp cache-miss
33 http fetch GET 200 https://registry.npmjs.org/sharp 188ms (cache revalidated)
34 silly packumentCache full:https://registry.npmjs.org/sharp set size:1072564 disposed:false
35 silly placeDep ROOT @whiskeysockets/baileys@7.0.0-rc13 OK for: katybot@1.0.0 want: *
36 silly placeDep ROOT sharp@0.34.5 OK for: @whiskeysockets/baileys@7.0.0-rc13 want: *
37 silly fetch manifest ws@^8.13.0
38 silly packumentCache full:https://registry.npmjs.org/ws cache-miss
39 silly fetch manifest pino@^9.6
40 silly packumentCache full:https://registry.npmjs.org/pino cache-miss
41 silly fetch manifest p-queue@^9.0.0
42 silly packumentCache full:https://registry.npmjs.org/p-queue cache-miss
43 silly fetch manifest libsignal@^6.0.0
44 silly packumentCache full:https://registry.npmjs.org/libsignal cache-miss
45 silly fetch manifest lru-cache@^11.1.0
46 silly packumentCache full:https://registry.npmjs.org/lru-cache cache-miss
47 silly fetch manifest @hapi/boom@^9.1.3
48 silly packumentCache full:https://registry.npmjs.org/@hapi%2fboom cache-miss
49 silly fetch manifest protobufjs@^7.5.6
50 silly packumentCache full:https://registry.npmjs.org/protobufjs cache-miss
51 http fetch GET 200 https://registry.npmjs.org/p-queue 358ms (cache revalidated)
52 silly packumentCache full:https://registry.npmjs.org/p-queue set size:179885 disposed:false
53 silly fetch manifest async-mutex@^0.5.0
54 silly packumentCache full:https://registry.npmjs.org/async-mutex cache-miss
55 http fetch GET 200 https://registry.npmjs.org/ws 539ms (cache revalidated)
56 silly packumentCache full:https://registry.npmjs.org/ws set size:427091 disposed:false
57 silly fetch manifest music-metadata@^11.12.3
58 silly packumentCache full:https://registry.npmjs.org/music-metadata cache-miss
59 http fetch GET 200 https://registry.npmjs.org/@hapi%2fboom 612ms (cache revalidated)
60 silly packumentCache full:https://registry.npmjs.org/@hapi%2fboom set size:55492 disposed:false
61 silly fetch manifest whatsapp-rust-bridge@0.5.4
62 silly packumentCache full:https://registry.npmjs.org/whatsapp-rust-bridge cache-miss
63 http fetch GET 200 https://registry.npmjs.org/lru-cache 633ms (cache revalidated)
64 silly packumentCache full:https://registry.npmjs.org/lru-cache set size:451987 disposed:false
65 silly fetch manifest @cacheable/node-cache@^1.4.0
66 silly packumentCache full:https://registry.npmjs.org/@cacheable%2fnode-cache cache-miss
67 http fetch GET 200 https://registry.npmjs.org/protobufjs 674ms (cache revalidated)
68 silly packumentCache full:https://registry.npmjs.org/protobufjs set size:684892 disposed:false
69 silly fetch manifest semver@^7.7.3
70 silly packumentCache full:https://registry.npmjs.org/semver cache-miss
71 http fetch GET 200 https://registry.npmjs.org/pino 774ms (cache revalidated)
72 silly packumentCache full:https://registry.npmjs.org/pino set size:1274379 disposed:false
73 silly fetch manifest @img/colour@^1.0.0
74 silly packumentCache full:https://registry.npmjs.org/@img%2fcolour cache-miss
75 http fetch GET 200 https://registry.npmjs.org/libsignal 883ms (cache revalidated)
76 silly packumentCache full:https://registry.npmjs.org/libsignal set size:26248 disposed:false
77 silly fetch manifest detect-libc@^2.1.2
78 silly packumentCache full:https://registry.npmjs.org/detect-libc cache-miss
79 http fetch GET 200 https://registry.npmjs.org/async-mutex 516ms (cache revalidated)
80 silly packumentCache full:https://registry.npmjs.org/async-mutex set size:76106 disposed:false
81 silly fetch manifest @img/sharp-wasm32@0.34.5
82 silly packumentCache full:https://registry.npmjs.org/@img%2fsharp-wasm32 cache-miss
83 http fetch GET 200 https://registry.npmjs.org/music-metadata 470ms (cache revalidated)
84 silly packumentCache full:https://registry.npmjs.org/music-metadata set size:1277084 disposed:false
85 silly fetch manifest @img/sharp-linux-arm@0.34.5
86 silly packumentCache full:https://registry.npmjs.org/@img%2fsharp-linux-arm cache-miss
87 http fetch GET 200 https://registry.npmjs.org/detect-libc 263ms (cache revalidated)
88 silly packumentCache full:https://registry.npmjs.org/detect-libc set size:47861 disposed:false
89 silly fetch manifest @img/sharp-linux-x64@0.34.5
90 silly packumentCache full:https://registry.npmjs.org/@img%2fsharp-linux-x64 cache-miss
91 http fetch GET 200 https://registry.npmjs.org/@img%2fcolour 326ms (cache revalidated)
92 silly packumentCache full:https://registry.npmjs.org/@img%2fcolour set size:9701 disposed:false
93 silly fetch manifest @img/sharp-win32-x64@0.34.5
94 silly packumentCache full:https://registry.npmjs.org/@img%2fsharp-win32-x64 cache-miss
95 http fetch GET 200 https://registry.npmjs.org/@cacheable%2fnode-cache 533ms (cache revalidated)
96 silly packumentCache full:https://registry.npmjs.org/@cacheable%2fnode-cache set size:98361 disposed:false
97 silly fetch manifest @img/sharp-darwin-x64@0.34.5
98 silly packumentCache full:https://registry.npmjs.org/@img%2fsharp-darwin-x64 cache-miss
99 http fetch GET 200 https://registry.npmjs.org/semver 466ms (cache revalidated)
100 silly packumentCache full:https://registry.npmjs.org/semver set size:235672 disposed:false
101 silly fetch manifest @img/sharp-win32-ia32@0.34.5
102 silly packumentCache full:https://registry.npmjs.org/@img%2fsharp-win32-ia32 cache-miss
103 http fetch GET 200 https://registry.npmjs.org/whatsapp-rust-bridge 633ms (cache revalidated)
104 silly packumentCache full:https://registry.npmjs.org/whatsapp-rust-bridge set size:184808 disposed:false
105 silly fetch manifest @img/sharp-linux-arm64@0.34.5
106 silly packumentCache full:https://registry.npmjs.org/@img%2fsharp-linux-arm64 cache-miss
107 http fetch GET 200 https://registry.npmjs.org/@img%2fsharp-linux-arm 333ms (cache revalidated)
108 silly packumentCache full:https://registry.npmjs.org/@img%2fsharp-linux-arm set size:75025 disposed:false
109 silly fetch manifest @img/sharp-linux-ppc64@0.34.5
110 silly packumentCache full:https://registry.npmjs.org/@img%2fsharp-linux-ppc64 cache-miss
111 http fetch GET 200 https://registry.npmjs.org/@img%2fsharp-win32-x64 280ms (cache revalidated)
112 silly packumentCache full:https://registry.npmjs.org/@img%2fsharp-win32-x64 set size:72477 disposed:false
113 silly fetch manifest @img/sharp-linux-s390x@0.34.5
114 silly packumentCache full:https://registry.npmjs.org/@img%2fsharp-linux-s390x cache-miss
115 http fetch GET 200 https://registry.npmjs.org/@img%2fsharp-darwin-x64 282ms (cache revalidated)
116 silly packumentCache full:https://registry.npmjs.org/@img%2fsharp-darwin-x64 set size:75437 disposed:false
117 silly fetch manifest @img/sharp-win32-arm64@0.34.5
118 silly packumentCache full:https://registry.npmjs.org/@img%2fsharp-win32-arm64 cache-miss
119 http fetch GET 200 https://registry.npmjs.org/@img%2fsharp-linux-arm64 239ms (cache revalidated)
120 silly packumentCache full:https://registry.npmjs.org/@img%2fsharp-linux-arm64 set size:75657 disposed:false
121 silly fetch manifest @img/sharp-darwin-arm64@0.34.5
122 silly packumentCache full:https://registry.npmjs.org/@img%2fsharp-darwin-arm64 cache-miss
123 http fetch GET 200 https://registry.npmjs.org/@img%2fsharp-win32-ia32 280ms (cache revalidated)
124 silly packumentCache full:https://registry.npmjs.org/@img%2fsharp-win32-ia32 set size:73172 disposed:false
125 silly fetch manifest @img/sharp-linux-riscv64@0.34.5
126 silly packumentCache full:https://registry.npmjs.org/@img%2fsharp-linux-riscv64 cache-miss
127 http fetch GET 200 https://registry.npmjs.org/@img%2fsharp-wasm32 693ms (cache revalidated)
128 silly packumentCache full:https://registry.npmjs.org/@img%2fsharp-wasm32 set size:69437 disposed:false
129 silly fetch manifest @img/sharp-linuxmusl-x64@0.34.5
130 silly packumentCache full:https://registry.npmjs.org/@img%2fsharp-linuxmusl-x64 cache-miss
131 http fetch GET 200 https://registry.npmjs.org/@img%2fsharp-linux-x64 451ms (cache revalidated)
132 silly packumentCache full:https://registry.npmjs.org/@img%2fsharp-linux-x64 set size:74659 disposed:false
133 silly fetch manifest @img/sharp-linuxmusl-arm64@0.34.5
134 silly packumentCache full:https://registry.npmjs.org/@img%2fsharp-linuxmusl-arm64 cache-miss
135 http fetch GET 200 https://registry.npmjs.org/@img%2fsharp-linux-riscv64 274ms (cache revalidated)
136 silly packumentCache full:https://registry.npmjs.org/@img%2fsharp-linux-riscv64 set size:17504 disposed:false
137 silly fetch manifest @img/sharp-libvips-linux-arm@1.2.4
138 silly packumentCache full:https://registry.npmjs.org/@img%2fsharp-libvips-linux-arm cache-miss
139 http fetch GET 200 https://registry.npmjs.org/@img%2fsharp-linux-s390x 348ms (cache revalidated)
140 silly packumentCache full:https://registry.npmjs.org/@img%2fsharp-linux-s390x set size:73603 disposed:false
141 silly fetch manifest @img/sharp-libvips-linux-x64@1.2.4
142 silly packumentCache full:https://registry.npmjs.org/@img%2fsharp-libvips-linux-x64 cache-miss
143 http fetch GET 200 https://registry.npmjs.org/@img%2fsharp-linux-ppc64 375ms (cache revalidated)
144 silly packumentCache full:https://registry.npmjs.org/@img%2fsharp-linux-ppc64 set size:40341 disposed:false
145 silly fetch manifest @img/sharp-libvips-darwin-x64@1.2.4
146 silly packumentCache full:https://registry.npmjs.org/@img%2fsharp-libvips-darwin-x64 cache-miss
147 http fetch GET 200 https://registry.npmjs.org/@img%2fsharp-win32-arm64 329ms (cache revalidated)
148 silly packumentCache full:https://registry.npmjs.org/@img%2fsharp-win32-arm64 set size:32122 disposed:false
149 silly fetch manifest @img/sharp-libvips-linux-arm64@1.2.4
150 silly packumentCache full:https://registry.npmjs.org/@img%2fsharp-libvips-linux-arm64 cache-miss
151 http fetch GET 200 https://registry.npmjs.org/@img%2fsharp-darwin-arm64 327ms (cache revalidated)
152 silly packumentCache full:https://registry.npmjs.org/@img%2fsharp-darwin-arm64 set size:76460 disposed:false
153 silly fetch manifest @img/sharp-libvips-linux-ppc64@1.2.4
154 silly packumentCache full:https://registry.npmjs.org/@img%2fsharp-libvips-linux-ppc64 cache-miss
155 http fetch GET 200 https://registry.npmjs.org/@img%2fsharp-libvips-linux-arm64 193ms (cache revalidated)
156 silly packumentCache full:https://registry.npmjs.org/@img%2fsharp-libvips-linux-arm64 set size:66148 disposed:false
157 silly fetch manifest @img/sharp-libvips-linux-s390x@1.2.4
158 silly packumentCache full:https://registry.npmjs.org/@img%2fsharp-libvips-linux-s390x cache-miss
159 http fetch GET 200 https://registry.npmjs.org/@img%2fsharp-libvips-linux-arm 290ms (cache revalidated)
160 silly packumentCache full:https://registry.npmjs.org/@img%2fsharp-libvips-linux-arm set size:69203 disposed:false
161 silly fetch manifest @img/sharp-libvips-darwin-arm64@1.2.4
162 silly packumentCache full:https://registry.npmjs.org/@img%2fsharp-libvips-darwin-arm64 cache-miss
163 http fetch GET 200 https://registry.npmjs.org/@img%2fsharp-libvips-darwin-x64 278ms (cache revalidated)
164 silly packumentCache full:https://registry.npmjs.org/@img%2fsharp-libvips-darwin-x64 set size:62245 disposed:false
165 silly fetch manifest @img/sharp-libvips-linux-riscv64@1.2.4
166 silly packumentCache full:https://registry.npmjs.org/@img%2fsharp-libvips-linux-riscv64 cache-miss
167 http fetch GET 200 https://registry.npmjs.org/@img%2fsharp-libvips-linux-ppc64 268ms (cache revalidated)
168 silly packumentCache full:https://registry.npmjs.org/@img%2fsharp-libvips-linux-ppc64 set size:53353 disposed:false
169 silly fetch manifest @img/sharp-libvips-linuxmusl-x64@1.2.4
170 silly packumentCache full:https://registry.npmjs.org/@img%2fsharp-libvips-linuxmusl-x64 cache-miss
171 http fetch GET 200 https://registry.npmjs.org/@img%2fsharp-libvips-linux-x64 308ms (cache revalidated)
172 silly packumentCache full:https://registry.npmjs.org/@img%2fsharp-libvips-linux-x64 set size:67222 disposed:false
173 silly fetch manifest @img/sharp-libvips-linuxmusl-arm64@1.2.4
174 silly packumentCache full:https://registry.npmjs.org/@img%2fsharp-libvips-linuxmusl-arm64 cache-miss
175 http fetch GET 200 https://registry.npmjs.org/@img%2fsharp-linuxmusl-x64 642ms (cache revalidated)
176 silly packumentCache full:https://registry.npmjs.org/@img%2fsharp-linuxmusl-x64 set size:75867 disposed:false
177 http fetch GET 200 https://registry.npmjs.org/@img%2fsharp-linuxmusl-arm64 626ms (cache revalidated)
178 silly packumentCache full:https://registry.npmjs.org/@img%2fsharp-linuxmusl-arm64 set size:76866 disposed:false
179 http fetch GET 200 https://registry.npmjs.org/@img%2fsharp-libvips-darwin-arm64 196ms (cache revalidated)
180 silly packumentCache full:https://registry.npmjs.org/@img%2fsharp-libvips-darwin-arm64 set size:62951 disposed:false
181 http fetch GET 200 https://registry.npmjs.org/@img%2fsharp-libvips-linux-s390x 269ms (cache revalidated)
182 silly packumentCache full:https://registry.npmjs.org/@img%2fsharp-libvips-linux-s390x set size:62330 disposed:false
183 http fetch GET 200 https://registry.npmjs.org/@img%2fsharp-libvips-linuxmusl-x64 205ms (cache revalidated)
184 silly packumentCache full:https://registry.npmjs.org/@img%2fsharp-libvips-linuxmusl-x64 set size:64360 disposed:false
185 http fetch GET 200 https://registry.npmjs.org/@img%2fsharp-libvips-linuxmusl-arm64 204ms (cache revalidated)
186 silly packumentCache full:https://registry.npmjs.org/@img%2fsharp-libvips-linuxmusl-arm64 set size:65104 disposed:false
187 http fetch GET 200 https://registry.npmjs.org/@img%2fsharp-libvips-linux-riscv64 236ms (cache revalidated)
188 silly packumentCache full:https://registry.npmjs.org/@img%2fsharp-libvips-linux-riscv64 set size:39389 disposed:false
189 silly fetch manifest bufferutil@^4.0.1
190 silly packumentCache full:https://registry.npmjs.org/bufferutil cache-miss
191 http fetch GET 200 https://registry.npmjs.org/bufferutil 142ms (cache revalidated)
192 silly packumentCache full:https://registry.npmjs.org/bufferutil set size:52763 disposed:false
193 silly fetch manifest utf-8-validate@>=5.0.2
194 silly packumentCache full:https://registry.npmjs.org/utf-8-validate cache-miss
195 http fetch GET 200 https://registry.npmjs.org/utf-8-validate 171ms (cache revalidated)
196 silly packumentCache full:https://registry.npmjs.org/utf-8-validate set size:77148 disposed:false
197 silly placeDep ROOT @cacheable/node-cache@1.7.6 OK for: @whiskeysockets/baileys@7.0.0-rc13 want: ^1.4.0
198 silly placeDep ROOT @hapi/boom@9.1.4 OK for: @whiskeysockets/baileys@7.0.0-rc13 want: ^9.1.3
199 silly placeDep ROOT async-mutex@0.5.0 OK for: @whiskeysockets/baileys@7.0.0-rc13 want: ^0.5.0
200 silly placeDep ROOT libsignal@6.0.0 OK for: @whiskeysockets/baileys@7.0.0-rc13 want: ^6.0.0
201 silly placeDep ROOT lru-cache@11.5.0 OK for: @whiskeysockets/baileys@7.0.0-rc13 want: ^11.1.0
202 silly placeDep ROOT music-metadata@11.12.3 OK for: @whiskeysockets/baileys@7.0.0-rc13 want: ^11.12.3
203 silly placeDep ROOT p-queue@9.3.0 OK for: @whiskeysockets/baileys@7.0.0-rc13 want: ^9.0.0
204 silly placeDep ROOT pino@9.14.0 OK for: @whiskeysockets/baileys@7.0.0-rc13 want: ^9.6
205 silly placeDep ROOT protobufjs@7.6.1 OK for: @whiskeysockets/baileys@7.0.0-rc13 want: ^7.5.6
206 silly placeDep ROOT whatsapp-rust-bridge@0.5.4 OK for: @whiskeysockets/baileys@7.0.0-rc13 want: 0.5.4
207 silly placeDep ROOT ws@8.21.0 OK for: @whiskeysockets/baileys@7.0.0-rc13 want: ^8.13.0
208 silly fetch manifest keyv@^5.5.5
209 silly packumentCache full:https://registry.npmjs.org/keyv cache-miss
210 silly fetch manifest cacheable@^2.3.1
211 silly packumentCache full:https://registry.npmjs.org/cacheable cache-miss
212 silly fetch manifest hookified@^1.14.0
213 silly packumentCache full:https://registry.npmjs.org/hookified cache-miss
214 silly fetch manifest @hapi/hoek@9.x.x
215 silly packumentCache full:https://registry.npmjs.org/@hapi%2fhoek cache-miss
216 silly fetch manifest tslib@^2.4.0
217 silly packumentCache full:https://registry.npmjs.org/tslib cache-miss
218 silly fetch manifest protobufjs@^7.5.5
219 silly packumentCache full:https://registry.npmjs.org/protobufjs cache-hit
220 silly fetch manifest curve25519-js@^0.0.4
221 silly packumentCache full:https://registry.npmjs.org/curve25519-js cache-miss
222 silly fetch manifest debug@^4.4.3
223 silly packumentCache full:https://registry.npmjs.org/debug cache-miss
224 http fetch GET 200 https://registry.npmjs.org/debug 240ms (cache revalidated)
225 silly packumentCache full:https://registry.npmjs.org/debug set size:195840 disposed:false
226 silly fetch manifest strtok3@^10.3.4
227 silly packumentCache full:https://registry.npmjs.org/strtok3 cache-miss
228 http fetch GET 200 https://registry.npmjs.org/cacheable 299ms (cache revalidated)
229 silly packumentCache full:https://registry.npmjs.org/cacheable set size:156744 disposed:false
230 silly fetch manifest win-guid@^0.2.1
231 silly packumentCache full:https://registry.npmjs.org/win-guid cache-miss
232 http fetch GET 200 https://registry.npmjs.org/tslib 306ms (cache revalidated)
233 silly packumentCache full:https://registry.npmjs.org/tslib set size:108760 disposed:false
234 silly fetch manifest file-type@^21.3.1
235 silly packumentCache full:https://registry.npmjs.org/file-type cache-miss
236 http fetch GET 200 https://registry.npmjs.org/hookified 326ms (cache revalidated)
237 silly packumentCache full:https://registry.npmjs.org/hookified set size:92482 disposed:false
238 silly fetch manifest media-typer@^1.1.0
239 silly packumentCache full:https://registry.npmjs.org/media-typer cache-miss
240 http fetch GET 200 https://registry.npmjs.org/curve25519-js 330ms (cache revalidated)
241 silly packumentCache full:https://registry.npmjs.org/curve25519-js set size:15295 disposed:false
242 silly fetch manifest token-types@^6.1.2
243 silly packumentCache full:https://registry.npmjs.org/token-types cache-miss
244 http fetch GET 200 https://registry.npmjs.org/keyv 355ms (cache revalidated)
245 silly packumentCache full:https://registry.npmjs.org/keyv set size:215840 disposed:false
246 silly fetch manifest content-type@^1.0.5
247 silly packumentCache full:https://registry.npmjs.org/content-type cache-miss
248 http fetch GET 200 https://registry.npmjs.org/@hapi%2fhoek 390ms (cache revalidated)
249 silly packumentCache full:https://registry.npmjs.org/@hapi%2fhoek set size:121471 disposed:false
250 silly fetch manifest @tokenizer/token@^0.3.0
251 silly packumentCache full:https://registry.npmjs.org/@tokenizer%2ftoken cache-miss
252 http fetch GET 200 https://registry.npmjs.org/win-guid 254ms (cache revalidated)
253 silly packumentCache full:https://registry.npmjs.org/win-guid set size:11017 disposed:false
254 silly fetch manifest uint8array-extras@^1.5.0
255 silly packumentCache full:https://registry.npmjs.org/uint8array-extras cache-miss
256 http fetch GET 200 https://registry.npmjs.org/media-typer 233ms (cache revalidated)
257 silly packumentCache full:https://registry.npmjs.org/media-typer set size:20873 disposed:false
258 silly fetch manifest @borewit/text-codec@^0.2.2
259 silly packumentCache full:https://registry.npmjs.org/@borewit%2ftext-codec cache-miss
260 http fetch GET 200 https://registry.npmjs.org/file-type 261ms (cache revalidated)
261 silly packumentCache full:https://registry.npmjs.org/file-type set size:558008 disposed:false
262 silly fetch manifest eventemitter3@^5.0.4
263 silly packumentCache full:https://registry.npmjs.org/eventemitter3 cache-miss
264 http fetch GET 200 https://registry.npmjs.org/content-type 312ms (cache revalidated)
265 silly packumentCache full:https://registry.npmjs.org/content-type set size:18994 disposed:false
266 silly fetch manifest p-timeout@^7.0.0
267 silly packumentCache full:https://registry.npmjs.org/p-timeout cache-miss
268 http fetch GET 200 https://registry.npmjs.org/@tokenizer%2ftoken 290ms (cache revalidated)
269 silly packumentCache full:https://registry.npmjs.org/@tokenizer%2ftoken set size:11833 disposed:false
270 silly fetch manifest sonic-boom@^4.0.1
271 silly packumentCache full:https://registry.npmjs.org/sonic-boom cache-miss
272 http fetch GET 200 https://registry.npmjs.org/token-types 357ms (cache revalidated)
273 silly packumentCache full:https://registry.npmjs.org/token-types set size:155133 disposed:false
274 silly fetch manifest atomic-sleep@^1.0.0
275 silly packumentCache full:https://registry.npmjs.org/atomic-sleep cache-miss
276 http fetch GET 200 https://registry.npmjs.org/strtok3 474ms (cache revalidated)
277 silly packumentCache full:https://registry.npmjs.org/strtok3 set size:412240 disposed:false
278 silly fetch manifest real-require@^0.2.0
279 silly packumentCache full:https://registry.npmjs.org/real-require cache-miss
280 http fetch GET 200 https://registry.npmjs.org/atomic-sleep 243ms (cache revalidated)
281 silly packumentCache full:https://registry.npmjs.org/atomic-sleep set size:5192 disposed:false
282 silly fetch manifest thread-stream@^3.0.0
283 silly packumentCache full:https://registry.npmjs.org/thread-stream cache-miss
284 http fetch GET 200 https://registry.npmjs.org/p-timeout 281ms (cache revalidated)
285 silly packumentCache full:https://registry.npmjs.org/p-timeout set size:60739 disposed:false
286 silly fetch manifest @pinojs/redact@^0.4.0
287 silly packumentCache full:https://registry.npmjs.org/@pinojs%2fredact cache-miss
288 http fetch GET 200 https://registry.npmjs.org/sonic-boom 285ms (cache revalidated)
289 silly packumentCache full:https://registry.npmjs.org/sonic-boom set size:170649 disposed:false
290 silly fetch manifest process-warning@^5.0.0
291 silly packumentCache full:https://registry.npmjs.org/process-warning cache-miss
292 http fetch GET 200 https://registry.npmjs.org/eventemitter3 378ms (cache revalidated)
293 silly packumentCache full:https://registry.npmjs.org/eventemitter3 set size:92292 disposed:false
294 silly fetch manifest on-exit-leak-free@^2.1.0
295 silly packumentCache full:https://registry.npmjs.org/on-exit-leak-free cache-miss
296 http fetch GET 200 https://registry.npmjs.org/@borewit%2ftext-codec 454ms (cache revalidated)
297 silly packumentCache full:https://registry.npmjs.org/@borewit%2ftext-codec set size:15427 disposed:false
298 silly fetch manifest pino-std-serializers@^7.0.0
299 silly packumentCache full:https://registry.npmjs.org/pino-std-serializers cache-miss
300 http fetch GET 200 https://registry.npmjs.org/uint8array-extras 518ms (cache revalidated)
301 silly packumentCache full:https://registry.npmjs.org/uint8array-extras set size:36606 disposed:false
302 silly fetch manifest safe-stable-stringify@^2.3.1
303 silly packumentCache full:https://registry.npmjs.org/safe-stable-stringify cache-miss
304 http fetch GET 200 https://registry.npmjs.org/real-require 318ms (cache revalidated)
305 silly packumentCache full:https://registry.npmjs.org/real-require set size:10884 disposed:false
306 silly fetch manifest quick-format-unescaped@^4.0.3
307 silly packumentCache full:https://registry.npmjs.org/quick-format-unescaped cache-miss
308 http fetch GET 200 https://registry.npmjs.org/thread-stream 260ms (cache revalidated)
309 silly packumentCache full:https://registry.npmjs.org/thread-stream set size:132366 disposed:false
310 silly fetch manifest pino-abstract-transport@^2.0.0
311 silly packumentCache full:https://registry.npmjs.org/pino-abstract-transport cache-miss
312 http fetch GET 200 https://registry.npmjs.org/on-exit-leak-free 236ms (cache revalidated)
313 silly packumentCache full:https://registry.npmjs.org/on-exit-leak-free set size:18719 disposed:false
314 silly fetch manifest @protobufjs/aspromise@^1.1.2
315 silly packumentCache full:https://registry.npmjs.org/@protobufjs%2faspromise cache-miss
316 http fetch GET 200 https://registry.npmjs.org/process-warning 262ms (cache revalidated)
317 silly packumentCache full:https://registry.npmjs.org/process-warning set size:32480 disposed:false
318 silly fetch manifest @protobufjs/base64@^1.1.2
319 silly packumentCache full:https://registry.npmjs.org/@protobufjs%2fbase64 cache-miss
320 http fetch GET 200 https://registry.npmjs.org/@pinojs%2fredact 300ms (cache revalidated)
321 silly packumentCache full:https://registry.npmjs.org/@pinojs%2fredact set size:16907 disposed:false
322 silly fetch manifest @protobufjs/codegen@^2.0.5
323 silly packumentCache full:https://registry.npmjs.org/@protobufjs%2fcodegen cache-miss
324 http fetch GET 200 https://registry.npmjs.org/pino-std-serializers 256ms (cache revalidated)
325 silly packumentCache full:https://registry.npmjs.org/pino-std-serializers set size:96176 disposed:false
326 silly fetch manifest @protobufjs/eventemitter@^1.1.1
327 silly packumentCache full:https://registry.npmjs.org/@protobufjs%2feventemitter cache-miss
328 http fetch GET 200 https://registry.npmjs.org/safe-stable-stringify 258ms (cache revalidated)
329 silly packumentCache full:https://registry.npmjs.org/safe-stable-stringify set size:45091 disposed:false
330 silly fetch manifest @protobufjs/fetch@^1.1.1
331 silly packumentCache full:https://registry.npmjs.org/@protobufjs%2ffetch cache-miss
332 http fetch GET 200 https://registry.npmjs.org/quick-format-unescaped 313ms (cache revalidated)
333 silly packumentCache full:https://registry.npmjs.org/quick-format-unescaped set size:36121 disposed:false
334 silly fetch manifest @protobufjs/float@^1.0.2
335 silly packumentCache full:https://registry.npmjs.org/@protobufjs%2ffloat cache-miss
336 http fetch GET 200 https://registry.npmjs.org/pino-abstract-transport 253ms (cache revalidated)
337 silly packumentCache full:https://registry.npmjs.org/pino-abstract-transport set size:28687 disposed:false
338 silly fetch manifest @protobufjs/inquire@^1.1.2
339 silly packumentCache full:https://registry.npmjs.org/@protobufjs%2finquire cache-miss
340 http fetch GET 200 https://registry.npmjs.org/@protobufjs%2feventemitter 242ms (cache revalidated)
341 silly packumentCache full:https://registry.npmjs.org/@protobufjs%2feventemitter set size:13173 disposed:false
342 silly fetch manifest @protobufjs/path@^1.1.2
343 silly packumentCache full:https://registry.npmjs.org/@protobufjs%2fpath cache-miss
344 http fetch GET 200 https://registry.npmjs.org/@protobufjs%2fcodegen 278ms (cache revalidated)
345 silly packumentCache full:https://registry.npmjs.org/@protobufjs%2fcodegen set size:23820 disposed:false
346 silly fetch manifest @protobufjs/pool@^1.1.0
347 silly packumentCache full:https://registry.npmjs.org/@protobufjs%2fpool cache-miss
348 http fetch GET 200 https://registry.npmjs.org/@protobufjs%2fbase64 305ms (cache revalidated)
349 silly packumentCache full:https://registry.npmjs.org/@protobufjs%2fbase64 set size:14176 disposed:false
350 silly fetch manifest @protobufjs/utf8@^1.1.1
351 silly packumentCache full:https://registry.npmjs.org/@protobufjs%2futf8 cache-miss
352 http fetch GET 200 https://registry.npmjs.org/@protobufjs%2faspromise 373ms (cache revalidated)
353 silly packumentCache full:https://registry.npmjs.org/@protobufjs%2faspromise set size:11438 disposed:false
354 silly fetch manifest @types/node@>=13.7.0
355 silly packumentCache full:https://registry.npmjs.org/@types%2fnode cache-miss
356 http fetch GET 200 https://registry.npmjs.org/@protobufjs%2finquire 286ms (cache revalidated)
357 silly packumentCache full:https://registry.npmjs.org/@protobufjs%2finquire set size:10538 disposed:false
358 silly fetch manifest long@^5.3.2
359 silly packumentCache full:https://registry.npmjs.org/long cache-miss
360 http fetch GET 200 https://registry.npmjs.org/@protobufjs%2fpath 250ms (cache revalidated)
361 silly packumentCache full:https://registry.npmjs.org/@protobufjs%2fpath set size:10241 disposed:false
362 http fetch GET 200 https://registry.npmjs.org/@protobufjs%2ffloat 375ms (cache revalidated)
363 silly packumentCache full:https://registry.npmjs.org/@protobufjs%2ffloat set size:9957 disposed:false
364 http fetch GET 200 https://registry.npmjs.org/@protobufjs%2ffetch 456ms (cache revalidated)
365 silly packumentCache full:https://registry.npmjs.org/@protobufjs%2ffetch set size:12023 disposed:false
366 http fetch GET 200 https://registry.npmjs.org/@protobufjs%2fpool 249ms (cache revalidated)
367 silly packumentCache full:https://registry.npmjs.org/@protobufjs%2fpool set size:10727 disposed:false
368 http fetch GET 200 https://registry.npmjs.org/@protobufjs%2futf8 261ms (cache revalidated)
369 silly packumentCache full:https://registry.npmjs.org/@protobufjs%2futf8 set size:15634 disposed:false
370 http fetch GET 200 https://registry.npmjs.org/@types%2fnode 384ms (cache revalidated)
371 silly packumentCache full:https://registry.npmjs.org/@types%2fnode set size:11015753 disposed:false
372 http fetch GET 200 https://registry.npmjs.org/long 712ms (cache revalidated)
373 silly packumentCache full:https://registry.npmjs.org/long set size:80704 disposed:false
374 silly placeDep ROOT cacheable@2.3.5 OK for: @cacheable/node-cache@1.7.6 want: ^2.3.1
375 silly placeDep ROOT hookified@1.15.1 OK for: @cacheable/node-cache@1.7.6 want: ^1.14.0
376 silly placeDep ROOT keyv@5.6.0 OK for: @cacheable/node-cache@1.7.6 want: ^5.5.5
377 silly fetch manifest hookified@^1.15.0
378 silly packumentCache full:https://registry.npmjs.org/hookified cache-hit
379 silly fetch manifest keyv@^5.6.0
380 silly packumentCache full:https://registry.npmjs.org/keyv cache-hit
381 silly fetch manifest qified@^0.10.1
382 silly packumentCache full:https://registry.npmjs.org/qified cache-miss
383 silly fetch manifest @cacheable/memory@^2.0.8
384 silly packumentCache full:https://registry.npmjs.org/@cacheable%2fmemory cache-miss
385 silly fetch manifest @cacheable/utils@^2.4.1
386 silly packumentCache full:https://registry.npmjs.org/@cacheable%2futils cache-miss
387 silly fetch manifest @keyv/serialize@^1.1.1
388 silly packumentCache full:https://registry.npmjs.org/@keyv%2fserialize cache-miss
389 http fetch GET 200 https://registry.npmjs.org/@keyv%2fserialize 322ms (cache revalidated)
390 silly packumentCache full:https://registry.npmjs.org/@keyv%2fserialize set size:23172 disposed:false
391 http fetch GET 200 https://registry.npmjs.org/@cacheable%2futils 334ms (cache revalidated)
392 silly packumentCache full:https://registry.npmjs.org/@cacheable%2futils set size:60483 disposed:false
393 http fetch GET 200 https://registry.npmjs.org/@cacheable%2fmemory 349ms (cache revalidated)
394 silly packumentCache full:https://registry.npmjs.org/@cacheable%2fmemory set size:52689 disposed:false
395 http fetch GET 200 https://registry.npmjs.org/qified 489ms (cache revalidated)
396 silly packumentCache full:https://registry.npmjs.org/qified set size:47884 disposed:false
397 silly placeDep ROOT @hapi/hoek@9.3.0 OK for: @hapi/boom@9.1.4 want: 9.x.x
398 silly placeDep ROOT tslib@2.8.1 OK for: async-mutex@0.5.0 want: ^2.4.0
399 silly placeDep ROOT @cacheable/memory@2.0.9 OK for: cacheable@2.3.5 want: ^2.0.8
400 silly placeDep ROOT @cacheable/utils@2.4.1 OK for: cacheable@2.3.5 want: ^2.4.1
401 silly placeDep ROOT qified@0.10.1 OK for: cacheable@2.3.5 want: ^0.10.1
402 silly fetch manifest @keyv/bigmap@^1.3.1
403 silly packumentCache full:https://registry.npmjs.org/@keyv%2fbigmap cache-miss
404 silly fetch manifest hashery@^1.5.1
405 silly packumentCache full:https://registry.npmjs.org/hashery cache-miss
406 silly fetch manifest hookified@^2.1.1
407 silly packumentCache full:https://registry.npmjs.org/hookified cache-hit
408 http fetch GET 200 https://registry.npmjs.org/hashery 158ms (cache revalidated)
409 silly packumentCache full:https://registry.npmjs.org/hashery set size:75282 disposed:false
410 http fetch GET 200 https://registry.npmjs.org/@keyv%2fbigmap 179ms (cache revalidated)
411 silly packumentCache full:https://registry.npmjs.org/@keyv%2fbigmap set size:27467 disposed:false
412 silly placeDep ROOT @keyv/bigmap@1.3.1 OK for: @cacheable/memory@2.0.9 want: ^1.3.1
413 silly fetch manifest hashery@^1.4.0
414 silly packumentCache full:https://registry.npmjs.org/hashery cache-hit
415 silly placeDep ROOT hashery@1.5.1 OK for: @cacheable/utils@2.4.1 want: ^1.5.1
416 silly placeDep ROOT @keyv/serialize@1.1.1 OK for: keyv@5.6.0 want: ^1.1.1
417 silly placeDep ROOT curve25519-js@0.0.4 OK for: libsignal@6.0.0 want: ^0.0.4
418 silly placeDep ROOT @borewit/text-codec@0.2.2 OK for: music-metadata@11.12.3 want: ^0.2.2
419 silly placeDep ROOT @tokenizer/token@0.3.0 OK for: music-metadata@11.12.3 want: ^0.3.0
420 silly placeDep ROOT content-type@1.0.5 OK for: music-metadata@11.12.3 want: ^1.0.5
421 silly placeDep ROOT debug@4.4.3 OK for: music-metadata@11.12.3 want: ^4.4.3
422 silly placeDep ROOT file-type@21.3.4 OK for: music-metadata@11.12.3 want: ^21.3.1
423 silly placeDep ROOT media-typer@1.1.0 OK for: music-metadata@11.12.3 want: ^1.1.0
424 silly placeDep ROOT strtok3@10.3.5 OK for: music-metadata@11.12.3 want: ^10.3.4
425 silly placeDep ROOT token-types@6.1.2 OK for: music-metadata@11.12.3 want: ^6.1.2
426 silly placeDep ROOT uint8array-extras@1.5.0 OK for: music-metadata@11.12.3 want: ^1.5.0
427 silly placeDep ROOT win-guid@0.2.1 OK for: music-metadata@11.12.3 want: ^0.2.1
428 silly fetch manifest ms@^2.1.3
429 silly packumentCache full:https://registry.npmjs.org/ms cache-miss
430 silly fetch manifest token-types@^6.1.1
431 silly packumentCache full:https://registry.npmjs.org/token-types cache-hit
432 silly fetch manifest uint8array-extras@^1.4.0
433 silly packumentCache full:https://registry.npmjs.org/uint8array-extras cache-hit
434 silly fetch manifest @tokenizer/inflate@^0.4.1
435 silly packumentCache full:https://registry.npmjs.org/@tokenizer%2finflate cache-miss
436 silly fetch manifest ieee754@^1.2.1
437 silly packumentCache full:https://registry.npmjs.org/ieee754 cache-miss
438 http fetch GET 200 https://registry.npmjs.org/ieee754 267ms (cache revalidated)
439 silly packumentCache full:https://registry.npmjs.org/ieee754 set size:34910 disposed:false
440 http fetch GET 200 https://registry.npmjs.org/ms 283ms (cache revalidated)
441 silly packumentCache full:https://registry.npmjs.org/ms set size:92208 disposed:false
442 http fetch GET 200 https://registry.npmjs.org/@tokenizer%2finflate 682ms (cache revalidated)
443 silly packumentCache full:https://registry.npmjs.org/@tokenizer%2finflate set size:32390 disposed:false
444 silly placeDep ROOT ms@2.1.3 OK for: debug@4.4.3 want: ^2.1.3
445 silly placeDep ROOT @tokenizer/inflate@0.4.1 OK for: file-type@21.3.4 want: ^0.4.1
446 silly placeDep ROOT eventemitter3@5.0.4 OK for: p-queue@9.3.0 want: ^5.0.4
447 silly placeDep ROOT p-timeout@7.0.1 OK for: p-queue@9.3.0 want: ^7.0.0
448 silly placeDep ROOT @pinojs/redact@0.4.0 OK for: pino@9.14.0 want: ^0.4.0
449 silly placeDep ROOT atomic-sleep@1.0.0 OK for: pino@9.14.0 want: ^1.0.0
450 silly placeDep ROOT on-exit-leak-free@2.1.2 OK for: pino@9.14.0 want: ^2.1.0
451 silly placeDep ROOT pino-abstract-transport@2.0.0 OK for: pino@9.14.0 want: ^2.0.0
452 silly placeDep ROOT pino-std-serializers@7.1.0 OK for: pino@9.14.0 want: ^7.0.0
453 silly placeDep ROOT process-warning@5.0.0 OK for: pino@9.14.0 want: ^5.0.0
454 silly placeDep ROOT quick-format-unescaped@4.0.4 OK for: pino@9.14.0 want: ^4.0.3
455 silly placeDep ROOT real-require@0.2.0 OK for: pino@9.14.0 want: ^0.2.0
456 silly placeDep ROOT safe-stable-stringify@2.5.0 OK for: pino@9.14.0 want: ^2.3.1
457 silly placeDep ROOT sonic-boom@4.2.1 OK for: pino@9.14.0 want: ^4.0.1
458 silly placeDep ROOT thread-stream@3.1.0 OK for: pino@9.14.0 want: ^3.0.0
459 silly fetch manifest split2@^4.0.0
460 silly packumentCache full:https://registry.npmjs.org/split2 cache-miss
461 http fetch GET 200 https://registry.npmjs.org/split2 153ms (cache revalidated)
462 silly packumentCache full:https://registry.npmjs.org/split2 set size:47438 disposed:false
463 silly placeDep ROOT split2@4.2.0 OK for: pino-abstract-transport@2.0.0 want: ^4.0.0
464 silly placeDep ROOT @protobufjs/aspromise@1.1.2 OK for: protobufjs@7.6.1 want: ^1.1.2
465 silly placeDep ROOT @protobufjs/base64@1.1.2 OK for: protobufjs@7.6.1 want: ^1.1.2
466 silly placeDep ROOT @protobufjs/codegen@2.0.5 OK for: protobufjs@7.6.1 want: ^2.0.5
467 silly placeDep ROOT @protobufjs/eventemitter@1.1.1 OK for: protobufjs@7.6.1 want: ^1.1.1
468 silly placeDep ROOT @protobufjs/fetch@1.1.1 OK for: protobufjs@7.6.1 want: ^1.1.1
469 silly placeDep ROOT @protobufjs/float@1.0.2 OK for: protobufjs@7.6.1 want: ^1.0.2
470 silly placeDep ROOT @protobufjs/inquire@1.1.2 OK for: protobufjs@7.6.1 want: ^1.1.2
471 silly placeDep ROOT @protobufjs/path@1.1.2 OK for: protobufjs@7.6.1 want: ^1.1.2
472 silly placeDep ROOT @protobufjs/pool@1.1.0 OK for: protobufjs@7.6.1 want: ^1.1.0
473 silly placeDep ROOT @protobufjs/utf8@1.1.1 OK for: protobufjs@7.6.1 want: ^1.1.1
474 silly placeDep ROOT @types/node@25.9.1 OK for: protobufjs@7.6.1 want: >=13.7.0
475 silly placeDep ROOT long@5.3.2 OK for: protobufjs@7.6.1 want: ^5.3.2
476 silly fetch manifest undici-types@>=7.24.0 <7.24.7
477 silly packumentCache full:https://registry.npmjs.org/undici-types cache-miss
478 http fetch GET 200 https://registry.npmjs.org/undici-types 148ms (cache revalidated)
479 silly packumentCache full:https://registry.npmjs.org/undici-types set size:218393 disposed:false
480 silly placeDep ROOT undici-types@7.24.6 OK for: @types/node@25.9.1 want: >=7.24.0 <7.24.7
481 silly placeDep node_modules/qified hookified@2.2.0 OK for: qified@0.10.1 want: ^2.1.1
482 silly placeDep ROOT @img/colour@1.1.0 OK for: sharp@0.34.5 want: ^1.0.0
483 silly placeDep ROOT @img/sharp-darwin-arm64@0.34.5 OK for: sharp@0.34.5 want: 0.34.5
484 silly placeDep ROOT @img/sharp-darwin-x64@0.34.5 OK for: sharp@0.34.5 want: 0.34.5
485 silly placeDep ROOT @img/sharp-libvips-darwin-arm64@1.2.4 OK for: sharp@0.34.5 want: 1.2.4
486 silly placeDep ROOT @img/sharp-libvips-darwin-x64@1.2.4 OK for: sharp@0.34.5 want: 1.2.4
487 silly placeDep ROOT @img/sharp-libvips-linux-arm@1.2.4 OK for: sharp@0.34.5 want: 1.2.4
488 silly placeDep ROOT @img/sharp-libvips-linux-arm64@1.2.4 OK for: sharp@0.34.5 want: 1.2.4
489 silly placeDep ROOT @img/sharp-libvips-linux-ppc64@1.2.4 OK for: sharp@0.34.5 want: 1.2.4
490 silly placeDep ROOT @img/sharp-libvips-linux-riscv64@1.2.4 OK for: sharp@0.34.5 want: 1.2.4
491 silly placeDep ROOT @img/sharp-libvips-linux-s390x@1.2.4 OK for: sharp@0.34.5 want: 1.2.4
492 silly placeDep ROOT @img/sharp-libvips-linux-x64@1.2.4 OK for: sharp@0.34.5 want: 1.2.4
493 silly placeDep ROOT @img/sharp-libvips-linuxmusl-arm64@1.2.4 OK for: sharp@0.34.5 want: 1.2.4
494 silly placeDep ROOT @img/sharp-libvips-linuxmusl-x64@1.2.4 OK for: sharp@0.34.5 want: 1.2.4
495 silly placeDep ROOT @img/sharp-linux-arm@0.34.5 OK for: sharp@0.34.5 want: 0.34.5
496 silly placeDep ROOT @img/sharp-linux-arm64@0.34.5 OK for: sharp@0.34.5 want: 0.34.5
497 silly placeDep ROOT @img/sharp-linux-ppc64@0.34.5 OK for: sharp@0.34.5 want: 0.34.5
498 silly placeDep ROOT @img/sharp-linux-riscv64@0.34.5 OK for: sharp@0.34.5 want: 0.34.5
499 silly placeDep ROOT @img/sharp-linux-s390x@0.34.5 OK for: sharp@0.34.5 want: 0.34.5
500 silly placeDep ROOT @img/sharp-linux-x64@0.34.5 OK for: sharp@0.34.5 want: 0.34.5
501 silly placeDep ROOT @img/sharp-linuxmusl-arm64@0.34.5 OK for: sharp@0.34.5 want: 0.34.5
502 silly placeDep ROOT @img/sharp-linuxmusl-x64@0.34.5 OK for: sharp@0.34.5 want: 0.34.5
503 silly placeDep ROOT @img/sharp-wasm32@0.34.5 OK for: sharp@0.34.5 want: 0.34.5
504 silly placeDep ROOT @img/sharp-win32-arm64@0.34.5 OK for: sharp@0.34.5 want: 0.34.5
505 silly placeDep ROOT @img/sharp-win32-ia32@0.34.5 OK for: sharp@0.34.5 want: 0.34.5
506 silly placeDep ROOT @img/sharp-win32-x64@0.34.5 OK for: sharp@0.34.5 want: 0.34.5
507 silly placeDep ROOT detect-libc@2.1.2 OK for: sharp@0.34.5 want: ^2.1.2
508 silly placeDep ROOT semver@7.8.1 OK for: sharp@0.34.5 want: ^7.7.3
509 silly fetch manifest @emnapi/runtime@^1.7.0
510 silly packumentCache full:https://registry.npmjs.org/@emnapi%2fruntime cache-miss
511 http fetch GET 200 https://registry.npmjs.org/@emnapi%2fruntime 166ms (cache revalidated)
512 silly packumentCache full:https://registry.npmjs.org/@emnapi%2fruntime set size:109985 disposed:false
513 silly placeDep ROOT @emnapi/runtime@1.10.0 OK for: @img/sharp-wasm32@0.34.5 want: ^1.7.0
514 silly placeDep ROOT ieee754@1.2.1 OK for: token-types@6.1.2 want: ^1.2.1
515 silly reify moves {}
516 silly audit bulk request {
516 silly audit   '@whiskeysockets/baileys': [ '7.0.0-rc13' ],
516 silly audit   sharp: [ '0.34.5' ],
516 silly audit   '@cacheable/node-cache': [ '1.7.6' ],
516 silly audit   '@hapi/boom': [ '9.1.4' ],
516 silly audit   'async-mutex': [ '0.5.0' ],
516 silly audit   libsignal: [ '6.0.0' ],
516 silly audit   'lru-cache': [ '11.5.0' ],
516 silly audit   'music-metadata': [ '11.12.3' ],
516 silly audit   'p-queue': [ '9.3.0' ],
516 silly audit   pino: [ '9.14.0' ],
516 silly audit   protobufjs: [ '7.6.1' ],
516 silly audit   'whatsapp-rust-bridge': [ '0.5.4' ],
516 silly audit   ws: [ '8.21.0' ],
516 silly audit   cacheable: [ '2.3.5' ],
516 silly audit   hookified: [ '1.15.1', '2.2.0' ],
516 silly audit   keyv: [ '5.6.0' ],
516 silly audit   '@hapi/hoek': [ '9.3.0' ],
516 silly audit   tslib: [ '2.8.1' ],
516 silly audit   '@cacheable/memory': [ '2.0.9' ],
516 silly audit   '@cacheable/utils': [ '2.4.1' ],
516 silly audit   qified: [ '0.10.1' ],
516 silly audit   '@keyv/bigmap': [ '1.3.1' ],
516 silly audit   hashery: [ '1.5.1' ],
516 silly audit   '@keyv/serialize': [ '1.1.1' ],
516 silly audit   'curve25519-js': [ '0.0.4' ],
516 silly audit   '@borewit/text-codec': [ '0.2.2' ],
516 silly audit   '@tokenizer/token': [ '0.3.0' ],
516 silly audit   'content-type': [ '1.0.5' ],
516 silly audit   debug: [ '4.4.3' ],
516 silly audit   'file-type': [ '21.3.4' ],
516 silly audit   'media-typer': [ '1.1.0' ],
516 silly audit   strtok3: [ '10.3.5' ],
516 silly audit   'token-types': [ '6.1.2' ],
516 silly audit   'uint8array-extras': [ '1.5.0' ],
516 silly audit   'win-guid': [ '0.2.1' ],
516 silly audit   ms: [ '2.1.3' ],
516 silly audit   '@tokenizer/inflate': [ '0.4.1' ],
516 silly audit   eventemitter3: [ '5.0.4' ],
516 silly audit   'p-timeout': [ '7.0.1' ],
516 silly audit   '@pinojs/redact': [ '0.4.0' ],
516 silly audit   'atomic-sleep': [ '1.0.0' ],
516 silly audit   'on-exit-leak-free': [ '2.1.2' ],
516 silly audit   'pino-abstract-transport': [ '2.0.0' ],
516 silly audit   'pino-std-serializers': [ '7.1.0' ],
516 silly audit   'process-warning': [ '5.0.0' ],
516 silly audit   'quick-format-unescaped': [ '4.0.4' ],
516 silly audit   'real-require': [ '0.2.0' ],
516 silly audit   'safe-stable-stringify': [ '2.5.0' ],
516 silly audit   'sonic-boom': [ '4.2.1' ],
516 silly audit   'thread-stream': [ '3.1.0' ],
516 silly audit   split2: [ '4.2.0' ],
516 silly audit   '@protobufjs/aspromise': [ '1.1.2' ],
516 silly audit   '@protobufjs/base64': [ '1.1.2' ],
516 silly audit   '@protobufjs/codegen': [ '2.0.5' ],
516 silly audit   '@protobufjs/eventemitter': [ '1.1.1' ],
516 silly audit   '@protobufjs/fetch': [ '1.1.1' ],
516 silly audit   '@protobufjs/float': [ '1.0.2' ],
516 silly audit   '@protobufjs/inquire': [ '1.1.2' ],
516 silly audit   '@protobufjs/path': [ '1.1.2' ],
516 silly audit   '@protobufjs/pool': [ '1.1.0' ],
516 silly audit   '@protobufjs/utf8': [ '1.1.1' ],
516 silly audit   '@types/node': [ '25.9.1' ],
516 silly audit   long: [ '5.3.2' ],
516 silly audit   'undici-types': [ '7.24.6' ],
516 silly audit   '@img/colour': [ '1.1.0' ],
516 silly audit   '@img/sharp-darwin-arm64': [ '0.34.5' ],
516 silly audit   '@img/sharp-darwin-x64': [ '0.34.5' ],
516 silly audit   '@img/sharp-libvips-darwin-arm64': [ '1.2.4' ],
516 silly audit   '@img/sharp-libvips-darwin-x64': [ '1.2.4' ],
516 silly audit   '@img/sharp-libvips-linux-arm': [ '1.2.4' ],
516 silly audit   '@img/sharp-libvips-linux-arm64': [ '1.2.4' ],
516 silly audit   '@img/sharp-libvips-linux-ppc64': [ '1.2.4' ],
516 silly audit   '@img/sharp-libvips-linux-riscv64': [ '1.2.4' ],
516 silly audit   '@img/sharp-libvips-linux-s390x': [ '1.2.4' ],
516 silly audit   '@img/sharp-libvips-linux-x64': [ '1.2.4' ],
516 silly audit   '@img/sharp-libvips-linuxmusl-arm64': [ '1.2.4' ],
516 silly audit   '@img/sharp-libvips-linuxmusl-x64': [ '1.2.4' ],
516 silly audit   '@img/sharp-linux-arm': [ '0.34.5' ],
516 silly audit   '@img/sharp-linux-arm64': [ '0.34.5' ],
516 silly audit   '@img/sharp-linux-ppc64': [ '0.34.5' ],
516 silly audit   '@img/sharp-linux-riscv64': [ '0.34.5' ],
516 silly audit   '@img/sharp-linux-s390x': [ '0.34.5' ],
516 silly audit   '@img/sharp-linux-x64': [ '0.34.5' ],
516 silly audit   '@img/sharp-linuxmusl-arm64': [ '0.34.5' ],
516 silly audit   '@img/sharp-linuxmusl-x64': [ '0.34.5' ],
516 silly audit   '@img/sharp-wasm32': [ '0.34.5' ],
516 silly audit   '@img/sharp-win32-arm64': [ '0.34.5' ],
516 silly audit   '@img/sharp-win32-ia32': [ '0.34.5' ],
516 silly audit   '@img/sharp-win32-x64': [ '0.34.5' ],
516 silly audit   'detect-libc': [ '2.1.2' ],
516 silly audit   semver: [ '7.8.1' ],
516 silly audit   '@emnapi/runtime': [ '1.10.0' ],
516 silly audit   ieee754: [ '1.2.1' ]
516 silly audit }
517 http cache semver@https://registry.npmjs.org/semver/-/semver-7.8.1.tgz 0ms (cache hit)
518 http cache ieee754@https://registry.npmjs.org/ieee754/-/ieee754-1.2.1.tgz 0ms (cache hit)
519 http cache detect-libc@https://registry.npmjs.org/detect-libc/-/detect-libc-2.1.2.tgz 0ms (cache hit)
520 http cache @img/colour@https://registry.npmjs.org/@img/colour/-/colour-1.1.0.tgz 0ms (cache hit)
521 http cache undici-types@https://registry.npmjs.org/undici-types/-/undici-types-7.24.6.tgz 0ms (cache hit)
522 http cache @types/node@https://registry.npmjs.org/@types/node/-/node-25.9.1.tgz 0ms (cache hit)
523 http cache @protobufjs/utf8@https://registry.npmjs.org/@protobufjs/utf8/-/utf8-1.1.1.tgz 0ms (cache hit)
524 http cache @protobufjs/path@https://registry.npmjs.org/@protobufjs/path/-/path-1.1.2.tgz 0ms (cache hit)
525 http cache @protobufjs/pool@https://registry.npmjs.org/@protobufjs/pool/-/pool-1.1.0.tgz 0ms (cache hit)
526 http cache @protobufjs/inquire@https://registry.npmjs.org/@protobufjs/inquire/-/inquire-1.1.2.tgz 0ms (cache hit)
527 http cache @protobufjs/float@https://registry.npmjs.org/@protobufjs/float/-/float-1.0.2.tgz 0ms (cache hit)
528 http cache @protobufjs/fetch@https://registry.npmjs.org/@protobufjs/fetch/-/fetch-1.1.1.tgz 0ms (cache hit)
529 http cache @protobufjs/eventemitter@https://registry.npmjs.org/@protobufjs/eventemitter/-/eventemitter-1.1.1.tgz 1ms (cache hit)
530 http cache @protobufjs/codegen@https://registry.npmjs.org/@protobufjs/codegen/-/codegen-2.0.5.tgz 0ms (cache hit)
531 http cache @protobufjs/base64@https://registry.npmjs.org/@protobufjs/base64/-/base64-1.1.2.tgz 0ms (cache hit)
532 http cache @protobufjs/aspromise@https://registry.npmjs.org/@protobufjs/aspromise/-/aspromise-1.1.2.tgz 0ms (cache hit)
533 http cache split2@https://registry.npmjs.org/split2/-/split2-4.2.0.tgz 0ms (cache hit)
534 http cache thread-stream@https://registry.npmjs.org/thread-stream/-/thread-stream-3.1.0.tgz 0ms (cache hit)
535 http cache sonic-boom@https://registry.npmjs.org/sonic-boom/-/sonic-boom-4.2.1.tgz 0ms (cache hit)
536 http cache safe-stable-stringify@https://registry.npmjs.org/safe-stable-stringify/-/safe-stable-stringify-2.5.0.tgz 0ms (cache hit)
537 http cache real-require@https://registry.npmjs.org/real-require/-/real-require-0.2.0.tgz 0ms (cache hit)
538 http cache quick-format-unescaped@https://registry.npmjs.org/quick-format-unescaped/-/quick-format-unescaped-4.0.4.tgz 0ms (cache hit)
539 http cache process-warning@https://registry.npmjs.org/process-warning/-/process-warning-5.0.0.tgz 0ms (cache hit)
540 http cache pino-std-serializers@https://registry.npmjs.org/pino-std-serializers/-/pino-std-serializers-7.1.0.tgz 0ms (cache hit)
541 http cache pino-abstract-transport@https://registry.npmjs.org/pino-abstract-transport/-/pino-abstract-transport-2.0.0.tgz 0ms (cache hit)
542 http cache on-exit-leak-free@https://registry.npmjs.org/on-exit-leak-free/-/on-exit-leak-free-2.1.2.tgz 0ms (cache hit)
543 http cache atomic-sleep@https://registry.npmjs.org/atomic-sleep/-/atomic-sleep-1.0.0.tgz 0ms (cache hit)
544 http cache @pinojs/redact@https://registry.npmjs.org/@pinojs/redact/-/redact-0.4.0.tgz 0ms (cache hit)
545 http cache p-timeout@https://registry.npmjs.org/p-timeout/-/p-timeout-7.0.1.tgz 0ms (cache hit)
546 http cache eventemitter3@https://registry.npmjs.org/eventemitter3/-/eventemitter3-5.0.4.tgz 0ms (cache hit)
547 http cache @tokenizer/inflate@https://registry.npmjs.org/@tokenizer/inflate/-/inflate-0.4.1.tgz 0ms (cache hit)
548 http cache ms@https://registry.npmjs.org/ms/-/ms-2.1.3.tgz 0ms (cache hit)
549 http cache uint8array-extras@https://registry.npmjs.org/uint8array-extras/-/uint8array-extras-1.5.0.tgz 0ms (cache hit)
550 http cache token-types@https://registry.npmjs.org/token-types/-/token-types-6.1.2.tgz 0ms (cache hit)
551 http cache strtok3@https://registry.npmjs.org/strtok3/-/strtok3-10.3.5.tgz 0ms (cache hit)
552 http cache win-guid@https://registry.npmjs.org/win-guid/-/win-guid-0.2.1.tgz 0ms (cache hit)
553 http cache media-typer@https://registry.npmjs.org/media-typer/-/media-typer-1.1.0.tgz 1ms (cache hit)
554 http cache file-type@https://registry.npmjs.org/file-type/-/file-type-21.3.4.tgz 0ms (cache hit)
555 http cache content-type@https://registry.npmjs.org/content-type/-/content-type-1.0.5.tgz 0ms (cache hit)
556 http cache debug@https://registry.npmjs.org/debug/-/debug-4.4.3.tgz 0ms (cache hit)
557 http cache @tokenizer/token@https://registry.npmjs.org/@tokenizer/token/-/token-0.3.0.tgz 0ms (cache hit)
558 http cache @borewit/text-codec@https://registry.npmjs.org/@borewit/text-codec/-/text-codec-0.2.2.tgz 0ms (cache hit)
559 http cache curve25519-js@https://registry.npmjs.org/curve25519-js/-/curve25519-js-0.0.4.tgz 0ms (cache hit)
560 http cache @keyv/serialize@https://registry.npmjs.org/@keyv/serialize/-/serialize-1.1.1.tgz 0ms (cache hit)
561 http cache hashery@https://registry.npmjs.org/hashery/-/hashery-1.5.1.tgz 1ms (cache hit)
562 http cache @keyv/bigmap@https://registry.npmjs.org/@keyv/bigmap/-/bigmap-1.3.1.tgz 0ms (cache hit)
563 http cache qified@https://registry.npmjs.org/qified/-/qified-0.10.1.tgz 0ms (cache hit)
564 http cache @cacheable/utils@https://registry.npmjs.org/@cacheable/utils/-/utils-2.4.1.tgz 0ms (cache hit)
565 http cache @cacheable/memory@https://registry.npmjs.org/@cacheable/memory/-/memory-2.0.9.tgz 0ms (cache hit)
566 http cache tslib@https://registry.npmjs.org/tslib/-/tslib-2.8.1.tgz 0ms (cache hit)
567 http cache @hapi/hoek@https://registry.npmjs.org/@hapi/hoek/-/hoek-9.3.0.tgz 0ms (cache hit)
568 http cache keyv@https://registry.npmjs.org/keyv/-/keyv-5.6.0.tgz 0ms (cache hit)
569 http cache hookified@https://registry.npmjs.org/hookified/-/hookified-1.15.1.tgz 0ms (cache hit)
570 http cache cacheable@https://registry.npmjs.org/cacheable/-/cacheable-2.3.5.tgz 0ms (cache hit)
571 http cache ws@https://registry.npmjs.org/ws/-/ws-8.21.0.tgz 0ms (cache hit)
572 http cache whatsapp-rust-bridge@https://registry.npmjs.org/whatsapp-rust-bridge/-/whatsapp-rust-bridge-0.5.4.tgz 0ms (cache hit)
573 http cache protobufjs@https://registry.npmjs.org/protobufjs/-/protobufjs-7.6.1.tgz 0ms (cache hit)
574 http cache pino@https://registry.npmjs.org/pino/-/pino-9.14.0.tgz 0ms (cache hit)
575 http cache p-queue@https://registry.npmjs.org/p-queue/-/p-queue-9.3.0.tgz 0ms (cache hit)
576 http cache music-metadata@https://registry.npmjs.org/music-metadata/-/music-metadata-11.12.3.tgz 0ms (cache hit)
577 http cache lru-cache@https://registry.npmjs.org/lru-cache/-/lru-cache-11.5.0.tgz 0ms (cache hit)
578 http cache libsignal@https://registry.npmjs.org/libsignal/-/libsignal-6.0.0.tgz 0ms (cache hit)
579 http cache @hapi/boom@https://registry.npmjs.org/@hapi/boom/-/boom-9.1.4.tgz 0ms (cache hit)
580 http cache @cacheable/node-cache@https://registry.npmjs.org/@cacheable/node-cache/-/node-cache-1.7.6.tgz 0ms (cache hit)
581 http cache sharp@https://registry.npmjs.org/sharp/-/sharp-0.34.5.tgz 0ms (cache hit)
582 http cache @whiskeysockets/baileys@https://registry.npmjs.org/@whiskeysockets/baileys/-/baileys-7.0.0-rc13.tgz 0ms (cache hit)
583 http cache hookified@https://registry.npmjs.org/hookified/-/hookified-2.2.0.tgz 1ms (cache hit)
584 http cache long@https://registry.npmjs.org/long/-/long-5.3.2.tgz 0ms (cache hit)
585 http cache async-mutex@https://registry.npmjs.org/async-mutex/-/async-mutex-0.5.0.tgz 0ms (cache hit)
586 http fetch POST 200 https://registry.npmjs.org/-/npm/v1/security/advisories/bulk 1079ms
587 silly audit report {}
588 info run @whiskeysockets/baileys@7.0.0-rc13 preinstall node_modules/@whiskeysockets/baileys node ./engine-requirements.js
589 info run @whiskeysockets/baileys@7.0.0-rc13 preinstall { code: 0, signal: null }
590 info run sharp@0.34.5 install node_modules/sharp node install/check.js || npm run build
591 info run sharp@0.34.5 install { code: 0, signal: null }
592 info run protobufjs@7.6.1 postinstall node_modules/protobufjs node scripts/postinstall
593 info run protobufjs@7.6.1 postinstall { code: 0, signal: null }
594 silly ADD node_modules/ieee754
595 silly ADD node_modules/semver
596 silly ADD node_modules/detect-libc
597 silly ADD node_modules/@img/colour
598 silly ADD node_modules/undici-types
599 silly ADD node_modules/long
600 silly ADD node_modules/@types/node
601 silly ADD node_modules/@protobufjs/utf8
602 silly ADD node_modules/@protobufjs/pool
603 silly ADD node_modules/@protobufjs/path
604 silly ADD node_modules/@protobufjs/inquire
605 silly ADD node_modules/@protobufjs/float
606 silly ADD node_modules/@protobufjs/fetch
607 silly ADD node_modules/@protobufjs/eventemitter
608 silly ADD node_modules/@protobufjs/codegen
609 silly ADD node_modules/@protobufjs/base64
610 silly ADD node_modules/@protobufjs/aspromise
611 silly ADD node_modules/split2
612 silly ADD node_modules/thread-stream
613 silly ADD node_modules/sonic-boom
614 silly ADD node_modules/safe-stable-stringify
615 silly ADD node_modules/real-require
616 silly ADD node_modules/quick-format-unescaped
617 silly ADD node_modules/process-warning
618 silly ADD node_modules/pino-std-serializers
619 silly ADD node_modules/pino-abstract-transport
620 silly ADD node_modules/on-exit-leak-free
621 silly ADD node_modules/atomic-sleep
622 silly ADD node_modules/@pinojs/redact
623 silly ADD node_modules/p-timeout
624 silly ADD node_modules/eventemitter3
625 silly ADD node_modules/@tokenizer/inflate
626 silly ADD node_modules/ms
627 silly ADD node_modules/win-guid
628 silly ADD node_modules/uint8array-extras
629 silly ADD node_modules/token-types
630 silly ADD node_modules/strtok3
631 silly ADD node_modules/media-typer
632 silly ADD node_modules/file-type
633 silly ADD node_modules/debug
634 silly ADD node_modules/content-type
635 silly ADD node_modules/@tokenizer/token
636 silly ADD node_modules/@borewit/text-codec
637 silly ADD node_modules/curve25519-js
638 silly ADD node_modules/@keyv/serialize
639 silly ADD node_modules/hashery
640 silly ADD node_modules/@keyv/bigmap
641 silly ADD node_modules/qified
642 silly ADD node_modules/qified/node_modules/hookified
643 silly ADD node_modules/@cacheable/utils
644 silly ADD node_modules/@cacheable/memory
645 silly ADD node_modules/tslib
646 silly ADD node_modules/@hapi/hoek
647 silly ADD node_modules/keyv
648 silly ADD node_modules/hookified
649 silly ADD node_modules/cacheable
650 silly ADD node_modules/ws
651 silly ADD node_modules/whatsapp-rust-bridge
652 silly ADD node_modules/protobufjs
653 silly ADD node_modules/pino
654 silly ADD node_modules/p-queue
655 silly ADD node_modules/music-metadata
656 silly ADD node_modules/lru-cache
657 silly ADD node_modules/libsignal
658 silly ADD node_modules/async-mutex
659 silly ADD node_modules/@hapi/boom
660 silly ADD node_modules/@cacheable/node-cache
661 silly ADD node_modules/sharp
662 silly ADD node_modules/@whiskeysockets/baileys
663 verbose cwd /data/data/com.termux/files/home/katybot
664 verbose os Linux 6.6.66-android15-8-g9b6ad5b4b813-ab13433063-4k
665 verbose node v26.2.0
666 verbose npm  v11.15.0
667 verbose exit 0
668 info ok
