0 verbose cli /data/data/com.termux/files/usr/bin/node /data/data/com.termux/files/usr/bin/npm
1 info using npm@11.15.0
2 info using node@v26.2.0
3 silly config load:file:/data/data/com.termux/files/usr/lib/node_modules/npm/npmrc
4 silly config load:file:/data/data/com.termux/files/home/katybot/.npmrc
5 silly config load:file:/data/data/com.termux/files/home/.npmrc
6 silly config load:file:/data/data/com.termux/files/usr/etc/npmrc
7 verbose title npm install @whiskeysockets/baileys qrcode-terminal pino
8 verbose argv "install" "@whiskeysockets/baileys" "qrcode-terminal" "pino"
9 verbose logfile logs-max:10 dir:/data/data/com.termux/files/home/.npm/_logs/2026-05-26T22_23_02_478Z-
10 verbose logfile /data/data/com.termux/files/home/.npm/_logs/2026-05-26T22_23_02_478Z-debug-0.log
11 silly logfile start cleaning logs, removing 1 files
12 silly packumentCache heap:1078984704 maxSize:269746176 maxEntrySize:134873088
13 silly logfile done cleaning log files
14 silly idealTree buildDeps
15 silly fetch manifest @whiskeysockets/baileys@*
16 silly packumentCache full:https://registry.npmjs.org/@whiskeysockets%2fbaileys cache-miss
17 http fetch GET 200 https://registry.npmjs.org/@whiskeysockets%2fbaileys 6296ms (cache revalidated)
18 silly packumentCache full:https://registry.npmjs.org/@whiskeysockets%2fbaileys set size:194192 disposed:false
19 silly fetch manifest audio-decode@^2.1.3
20 silly packumentCache full:https://registry.npmjs.org/audio-decode cache-miss
21 http fetch GET 200 https://registry.npmjs.org/audio-decode 291ms (cache revalidated)
22 silly packumentCache full:https://registry.npmjs.org/audio-decode set size:120660 disposed:false
23 silly fetch manifest jimp@^1.6.1
24 silly packumentCache full:https://registry.npmjs.org/jimp cache-miss
25 http fetch GET 200 https://registry.npmjs.org/jimp 455ms (cache revalidated)
26 silly packumentCache full:https://registry.npmjs.org/jimp set size:1198045 disposed:false
27 silly fetch manifest link-preview-js@^3.0.0
28 silly packumentCache full:https://registry.npmjs.org/link-preview-js cache-miss
29 http fetch GET 200 https://registry.npmjs.org/link-preview-js 426ms (cache revalidated)
30 silly packumentCache full:https://registry.npmjs.org/link-preview-js set size:150486 disposed:false
31 silly fetch manifest sharp@*
32 silly packumentCache full:https://registry.npmjs.org/sharp cache-miss
33 http fetch GET 200 https://registry.npmjs.org/sharp 347ms (cache revalidated)
34 silly packumentCache full:https://registry.npmjs.org/sharp set size:1072564 disposed:false
35 silly fetch manifest qrcode-terminal@*
36 silly packumentCache full:https://registry.npmjs.org/qrcode-terminal cache-miss
37 http fetch GET 200 https://registry.npmjs.org/qrcode-terminal 306ms (cache revalidated)
38 silly packumentCache full:https://registry.npmjs.org/qrcode-terminal set size:29799 disposed:false
39 silly fetch manifest pino@*
40 silly packumentCache full:https://registry.npmjs.org/pino cache-miss
41 http fetch GET 200 https://registry.npmjs.org/pino 215ms (cache revalidated)
42 silly packumentCache full:https://registry.npmjs.org/pino set size:1274379 disposed:false
43 silly placeDep ROOT @whiskeysockets/baileys@7.0.0-rc13 REPLACE for: katybot@1.0.0 want: *
44 silly placeDep ROOT pino@10.3.1 REPLACE for: katybot@1.0.0 want: *
45 silly placeDep ROOT qrcode-terminal@0.12.0 REPLACE for: katybot@1.0.0 want: *
46 silly reify moves {}
47 silly audit bulk request {
47 silly audit   '@borewit/text-codec': [ '0.2.2' ],
47 silly audit   '@cacheable/memory': [ '2.0.9' ],
47 silly audit   '@cacheable/node-cache': [ '1.7.6' ],
47 silly audit   '@cacheable/utils': [ '2.4.1' ],
47 silly audit   '@emnapi/runtime': [ '1.10.0' ],
47 silly audit   '@hapi/boom': [ '9.1.4' ],
47 silly audit   '@hapi/hoek': [ '9.3.0' ],
47 silly audit   '@img/colour': [ '1.1.0' ],
47 silly audit   '@img/sharp-darwin-arm64': [ '0.34.5' ],
47 silly audit   '@img/sharp-darwin-x64': [ '0.34.5' ],
47 silly audit   '@img/sharp-libvips-darwin-arm64': [ '1.2.4' ],
47 silly audit   '@img/sharp-libvips-darwin-x64': [ '1.2.4' ],
47 silly audit   '@img/sharp-libvips-linux-arm': [ '1.2.4' ],
47 silly audit   '@img/sharp-libvips-linux-arm64': [ '1.2.4' ],
47 silly audit   '@img/sharp-libvips-linux-ppc64': [ '1.2.4' ],
47 silly audit   '@img/sharp-libvips-linux-riscv64': [ '1.2.4' ],
47 silly audit   '@img/sharp-libvips-linux-s390x': [ '1.2.4' ],
47 silly audit   '@img/sharp-libvips-linux-x64': [ '1.2.4' ],
47 silly audit   '@img/sharp-libvips-linuxmusl-arm64': [ '1.2.4' ],
47 silly audit   '@img/sharp-libvips-linuxmusl-x64': [ '1.2.4' ],
47 silly audit   '@img/sharp-linux-arm': [ '0.34.5' ],
47 silly audit   '@img/sharp-linux-arm64': [ '0.34.5' ],
47 silly audit   '@img/sharp-linux-ppc64': [ '0.34.5' ],
47 silly audit   '@img/sharp-linux-riscv64': [ '0.34.5' ],
47 silly audit   '@img/sharp-linux-s390x': [ '0.34.5' ],
47 silly audit   '@img/sharp-linux-x64': [ '0.34.5' ],
47 silly audit   '@img/sharp-linuxmusl-arm64': [ '0.34.5' ],
47 silly audit   '@img/sharp-linuxmusl-x64': [ '0.34.5' ],
47 silly audit   '@img/sharp-wasm32': [ '0.34.5' ],
47 silly audit   '@img/sharp-win32-arm64': [ '0.34.5' ],
47 silly audit   '@img/sharp-win32-ia32': [ '0.34.5' ],
47 silly audit   '@img/sharp-win32-x64': [ '0.34.5' ],
47 silly audit   '@keyv/bigmap': [ '1.3.1' ],
47 silly audit   '@keyv/serialize': [ '1.1.1' ],
47 silly audit   '@pinojs/redact': [ '0.4.0' ],
47 silly audit   '@protobufjs/aspromise': [ '1.1.2' ],
47 silly audit   '@protobufjs/base64': [ '1.1.2' ],
47 silly audit   '@protobufjs/codegen': [ '2.0.5' ],
47 silly audit   '@protobufjs/eventemitter': [ '1.1.1' ],
47 silly audit   '@protobufjs/fetch': [ '1.1.1' ],
47 silly audit   '@protobufjs/float': [ '1.0.2' ],
47 silly audit   '@protobufjs/inquire': [ '1.1.2' ],
47 silly audit   '@protobufjs/path': [ '1.1.2' ],
47 silly audit   '@protobufjs/pool': [ '1.1.0' ],
47 silly audit   '@protobufjs/utf8': [ '1.1.1' ],
47 silly audit   '@tokenizer/inflate': [ '0.4.1' ],
47 silly audit   '@tokenizer/token': [ '0.3.0' ],
47 silly audit   '@types/node': [ '25.9.1' ],
47 silly audit   pino: [ '9.14.0', '10.3.1' ],
47 silly audit   'pino-abstract-transport': [ '3.0.0', '2.0.0' ],
47 silly audit   'thread-stream': [ '4.2.0', '3.1.0' ],
47 silly audit   'async-mutex': [ '0.5.0' ],
47 silly audit   'atomic-sleep': [ '1.0.0' ],
47 silly audit   cacheable: [ '2.3.5' ],
47 silly audit   'content-type': [ '1.0.5' ],
47 silly audit   'curve25519-js': [ '0.0.4' ],
47 silly audit   debug: [ '4.4.3' ],
47 silly audit   'detect-libc': [ '2.1.2' ],
47 silly audit   eventemitter3: [ '5.0.4' ],
47 silly audit   'file-type': [ '21.3.4' ],
47 silly audit   hashery: [ '1.5.1' ],
47 silly audit   hookified: [ '1.15.1', '2.2.0' ],
47 silly audit   ieee754: [ '1.2.1' ],
47 silly audit   keyv: [ '5.6.0' ],
47 silly audit   libsignal: [ '6.0.0' ],
47 silly audit   long: [ '5.3.2' ],
47 silly audit   'lru-cache': [ '11.5.0' ],
47 silly audit   'media-typer': [ '1.1.0' ],
47 silly audit   ms: [ '2.1.3' ],
47 silly audit   'music-metadata': [ '11.12.3' ],
47 silly audit   'on-exit-leak-free': [ '2.1.2' ],
47 silly audit   'p-queue': [ '9.3.0' ],
47 silly audit   'p-timeout': [ '7.0.1' ],
47 silly audit   'pino-std-serializers': [ '7.1.0' ],
47 silly audit   'process-warning': [ '5.0.0' ],
47 silly audit   protobufjs: [ '7.6.1' ],
47 silly audit   qified: [ '0.10.1' ],
47 silly audit   'quick-format-unescaped': [ '4.0.4' ],
47 silly audit   'real-require': [ '0.2.0', '1.0.0' ],
47 silly audit   'safe-stable-stringify': [ '2.5.0' ],
47 silly audit   semver: [ '7.8.1' ],
47 silly audit   sharp: [ '0.34.5' ],
47 silly audit   'sonic-boom': [ '4.2.1' ],
47 silly audit   split2: [ '4.2.0' ],
47 silly audit   strtok3: [ '10.3.5' ],
47 silly audit   'token-types': [ '6.1.2' ],
47 silly audit   tslib: [ '2.8.1' ],
47 silly audit   'uint8array-extras': [ '1.5.0' ],
47 silly audit   'undici-types': [ '7.24.6' ],
47 silly audit   'whatsapp-rust-bridge': [ '0.5.4' ],
47 silly audit   'win-guid': [ '0.2.1' ],
47 silly audit   ws: [ '8.21.0' ],
47 silly audit   '@whiskeysockets/baileys': [ '7.0.0-rc13' ],
47 silly audit   'qrcode-terminal': [ '0.12.0' ]
47 silly audit }
48 http fetch POST 200 https://registry.npmjs.org/-/npm/v1/security/advisories/bulk 406ms
49 silly audit report {}
50 verbose cwd /data/data/com.termux/files/home/katybot
51 verbose os Linux 6.6.66-android15-8-g9b6ad5b4b813-ab13433063-4k
52 verbose node v26.2.0
53 verbose npm  v11.15.0
54 verbose exit 0
55 info ok
