0 verbose cli /data/data/com.termux/files/usr/bin/node /data/data/com.termux/files/usr/bin/npm
1 info using npm@11.15.0
2 info using node@v26.2.0
3 silly config load:file:/data/data/com.termux/files/usr/lib/node_modules/npm/npmrc
4 silly config load:file:/data/data/com.termux/files/home/.npmrc
5 silly config load:file:/data/data/com.termux/files/usr/etc/npmrc
6 verbose title npm install pm2
7 verbose argv "install" "--global" "pm2"
8 verbose logfile logs-max:10 dir:/data/data/com.termux/files/home/.npm/_logs/2026-05-26T10_27_47_392Z-
9 verbose logfile /data/data/com.termux/files/home/.npm/_logs/2026-05-26T10_27_47_392Z-debug-0.log
10 silly packumentCache heap:1078984704 maxSize:269746176 maxEntrySize:134873088
11 silly logfile start cleaning logs, removing 1 files
12 silly logfile done cleaning log files
13 silly idealTree buildDeps
14 silly fetch manifest pm2@*
15 silly packumentCache full:https://registry.npmjs.org/pm2 cache-miss
16 http fetch GET 200 https://registry.npmjs.org/pm2 1113ms (cache miss)
17 silly packumentCache full:https://registry.npmjs.org/pm2 set size:undefined disposed:false
18 silly placeDep ROOT pm2@7.0.1 OK for:  want: *
19 silly fetch manifest @pm2/js-api@0.8.0
20 silly packumentCache full:https://registry.npmjs.org/@pm2%2fjs-api cache-miss
21 silly fetch manifest @pm2/pm2-version-check@1.0.4
22 silly packumentCache full:https://registry.npmjs.org/@pm2%2fpm2-version-check cache-miss
23 silly fetch manifest amp@0.3.1
24 silly packumentCache full:https://registry.npmjs.org/amp cache-miss
25 silly fetch manifest amp-message@0.1.2
26 silly packumentCache full:https://registry.npmjs.org/amp-message cache-miss
27 silly fetch manifest ansis@4.0.0-node10
28 silly packumentCache full:https://registry.npmjs.org/ansis cache-miss
29 silly fetch manifest async@3.2.6
30 silly packumentCache full:https://registry.npmjs.org/async cache-miss
31 silly fetch manifest @pm2/blessed@0.1.81
32 silly packumentCache full:https://registry.npmjs.org/@pm2%2fblessed cache-miss
33 http fetch GET 200 https://registry.npmjs.org/@pm2%2fjs-api 330ms (cache miss)
34 silly packumentCache full:https://registry.npmjs.org/@pm2%2fjs-api set size:undefined disposed:false
35 silly fetch manifest chokidar@3.6.0
36 silly packumentCache full:https://registry.npmjs.org/chokidar cache-miss
37 http fetch GET 200 https://registry.npmjs.org/chokidar 218ms (cache miss)
38 silly packumentCache full:https://registry.npmjs.org/chokidar set size:undefined disposed:false
39 silly fetch manifest cli-tableau@2.0.1
40 silly packumentCache full:https://registry.npmjs.org/cli-tableau cache-miss
41 http fetch GET 200 https://registry.npmjs.org/async 643ms (cache revalidated)
42 silly packumentCache full:https://registry.npmjs.org/async set size:230496 disposed:false
43 silly fetch manifest commander@2.15.1
44 silly packumentCache full:https://registry.npmjs.org/commander cache-miss
45 http fetch GET 200 https://registry.npmjs.org/amp 748ms (cache miss)
46 silly packumentCache full:https://registry.npmjs.org/amp set size:undefined disposed:false
47 silly fetch manifest croner@4.1.97
48 silly packumentCache full:https://registry.npmjs.org/croner cache-miss
49 http fetch GET 200 https://registry.npmjs.org/amp-message 759ms (cache miss)
50 silly packumentCache full:https://registry.npmjs.org/amp-message set size:undefined disposed:false
51 silly fetch manifest dayjs@1.11.15
52 silly packumentCache full:https://registry.npmjs.org/dayjs cache-miss
53 http fetch GET 200 https://registry.npmjs.org/@pm2%2fpm2-version-check 788ms (cache miss)
54 silly packumentCache full:https://registry.npmjs.org/@pm2%2fpm2-version-check set size:undefined disposed:false
55 silly fetch manifest debug@4.4.3
56 silly packumentCache full:https://registry.npmjs.org/debug cache-miss
57 http fetch GET 200 https://registry.npmjs.org/cli-tableau 208ms (cache miss)
58 silly packumentCache full:https://registry.npmjs.org/cli-tableau set size:undefined disposed:false
59 silly fetch manifest eventemitter2@6.4.9
60 silly packumentCache full:https://registry.npmjs.org/eventemitter2 cache-miss
61 http fetch GET 200 https://registry.npmjs.org/ansis 858ms (cache miss)
62 silly packumentCache full:https://registry.npmjs.org/ansis set size:undefined disposed:false
63 silly fetch manifest fast-json-patch@3.1.1
64 silly packumentCache full:https://registry.npmjs.org/fast-json-patch cache-miss
65 http fetch GET 200 https://registry.npmjs.org/debug 212ms (cache revalidated)
66 silly packumentCache full:https://registry.npmjs.org/debug set size:195840 disposed:false
67 silly fetch manifest pidusage@4.0.1
68 silly packumentCache full:https://registry.npmjs.org/pidusage cache-miss
69 http fetch GET 200 https://registry.npmjs.org/@pm2%2fblessed 1064ms (cache miss)
70 silly packumentCache full:https://registry.npmjs.org/@pm2%2fblessed set size:undefined disposed:false
71 silly fetch manifest pm2-deploy@1.0.2
72 silly packumentCache full:https://registry.npmjs.org/pm2-deploy cache-miss
73 http fetch GET 200 https://registry.npmjs.org/eventemitter2 290ms (cache miss)
74 silly packumentCache full:https://registry.npmjs.org/eventemitter2 set size:undefined disposed:false
75 silly fetch manifest proxy-agent@6.5.0
76 silly packumentCache full:https://registry.npmjs.org/proxy-agent cache-miss
77 http fetch GET 200 https://registry.npmjs.org/fast-json-patch 261ms (cache miss)
78 silly packumentCache full:https://registry.npmjs.org/fast-json-patch set size:undefined disposed:false
79 silly fetch manifest semver@7.7.2
80 silly packumentCache full:https://registry.npmjs.org/semver cache-miss
81 http fetch GET 200 https://registry.npmjs.org/commander 480ms (cache miss)
82 silly packumentCache full:https://registry.npmjs.org/commander set size:undefined disposed:false
83 silly fetch manifest vizion@2.2.1
84 silly packumentCache full:https://registry.npmjs.org/vizion cache-miss
85 http fetch GET 200 https://registry.npmjs.org/dayjs 491ms (cache miss)
86 silly packumentCache full:https://registry.npmjs.org/dayjs set size:undefined disposed:false
87 silly fetch manifest ws@8.20.0
88 silly packumentCache full:https://registry.npmjs.org/ws cache-miss
89 http fetch GET 200 https://registry.npmjs.org/pidusage 274ms (cache miss)
90 silly packumentCache full:https://registry.npmjs.org/pidusage set size:undefined disposed:false
91 silly fetch manifest js-yaml@4.1.1
92 silly packumentCache full:https://registry.npmjs.org/js-yaml cache-miss
93 http fetch GET 200 https://registry.npmjs.org/croner 558ms (cache miss)
94 silly packumentCache full:https://registry.npmjs.org/croner set size:undefined disposed:false
95 silly fetch manifest pm2-sysmonit@^1.2.8
96 silly packumentCache full:https://registry.npmjs.org/pm2-sysmonit cache-miss
97 http fetch GET 200 https://registry.npmjs.org/proxy-agent 297ms (cache revalidated)
98 silly packumentCache full:https://registry.npmjs.org/proxy-agent set size:78600 disposed:false
99 http fetch GET 200 https://registry.npmjs.org/semver 272ms (cache revalidated)
100 silly packumentCache full:https://registry.npmjs.org/semver set size:235672 disposed:false
101 http fetch GET 200 https://registry.npmjs.org/pm2-deploy 423ms (cache miss)
102 silly packumentCache full:https://registry.npmjs.org/pm2-deploy set size:undefined disposed:false
103 http fetch GET 200 https://registry.npmjs.org/vizion 328ms (cache miss)
104 silly packumentCache full:https://registry.npmjs.org/vizion set size:undefined disposed:false
105 http fetch GET 200 https://registry.npmjs.org/pm2-sysmonit 291ms (cache miss)
106 silly packumentCache full:https://registry.npmjs.org/pm2-sysmonit set size:undefined disposed:false
107 http fetch GET 200 https://registry.npmjs.org/js-yaml 338ms (cache revalidated)
108 silly packumentCache full:https://registry.npmjs.org/js-yaml set size:152232 disposed:false
109 http fetch GET 200 https://registry.npmjs.org/ws 379ms (cache revalidated)
110 silly packumentCache full:https://registry.npmjs.org/ws set size:427091 disposed:false
111 silly fetch manifest bufferutil@^4.0.1
112 silly packumentCache full:https://registry.npmjs.org/bufferutil cache-miss
113 http fetch GET 200 https://registry.npmjs.org/bufferutil 186ms (cache revalidated)
114 silly packumentCache full:https://registry.npmjs.org/bufferutil set size:52763 disposed:false
115 silly fetch manifest utf-8-validate@>=5.0.2
116 silly packumentCache full:https://registry.npmjs.org/utf-8-validate cache-miss
117 http fetch GET 200 https://registry.npmjs.org/utf-8-validate 211ms (cache revalidated)
118 silly packumentCache full:https://registry.npmjs.org/utf-8-validate set size:77148 disposed:false
119 silly placeDep node_modules/pm2 @pm2/blessed@0.1.81 OK for: pm2@7.0.1 want: 0.1.81
120 silly placeDep node_modules/pm2 @pm2/js-api@0.8.0 OK for: pm2@7.0.1 want: 0.8.0
121 silly placeDep node_modules/pm2 @pm2/pm2-version-check@1.0.4 OK for: pm2@7.0.1 want: 1.0.4
122 silly placeDep node_modules/pm2 amp@0.3.1 OK for: pm2@7.0.1 want: 0.3.1
123 silly placeDep node_modules/pm2 amp-message@0.1.2 OK for: pm2@7.0.1 want: 0.1.2
124 silly placeDep node_modules/pm2 ansis@4.0.0-node10 OK for: pm2@7.0.1 want: 4.0.0-node10
125 silly placeDep node_modules/pm2 async@3.2.6 OK for: pm2@7.0.1 want: 3.2.6
126 silly placeDep node_modules/pm2 chokidar@3.6.0 OK for: pm2@7.0.1 want: 3.6.0
127 silly placeDep node_modules/pm2 cli-tableau@2.0.1 OK for: pm2@7.0.1 want: 2.0.1
128 silly placeDep node_modules/pm2 commander@2.15.1 OK for: pm2@7.0.1 want: 2.15.1
129 silly placeDep node_modules/pm2 croner@4.1.97 OK for: pm2@7.0.1 want: 4.1.97
130 silly placeDep node_modules/pm2 dayjs@1.11.15 OK for: pm2@7.0.1 want: 1.11.15
131 silly placeDep node_modules/pm2 debug@4.4.3 OK for: pm2@7.0.1 want: 4.4.3
132 silly placeDep node_modules/pm2 eventemitter2@6.4.9 OK for: pm2@7.0.1 want: 6.4.9
133 silly placeDep node_modules/pm2 fast-json-patch@3.1.1 OK for: pm2@7.0.1 want: 3.1.1
134 silly placeDep node_modules/pm2 js-yaml@4.1.1 OK for: pm2@7.0.1 want: 4.1.1
135 silly placeDep node_modules/pm2 pidusage@4.0.1 OK for: pm2@7.0.1 want: 4.0.1
136 silly placeDep node_modules/pm2 pm2-deploy@1.0.2 OK for: pm2@7.0.1 want: 1.0.2
137 silly placeDep node_modules/pm2 pm2-sysmonit@1.2.8 OK for: pm2@7.0.1 want: ^1.2.8
138 silly placeDep node_modules/pm2 proxy-agent@6.5.0 OK for: pm2@7.0.1 want: 6.5.0
139 silly placeDep node_modules/pm2 semver@7.7.2 OK for: pm2@7.0.1 want: 7.7.2
140 silly placeDep node_modules/pm2 vizion@2.2.1 OK for: pm2@7.0.1 want: 2.2.1
141 silly placeDep node_modules/pm2 ws@8.20.0 OK for: pm2@7.0.1 want: 8.20.0
142 silly fetch manifest async@^2.6.3
143 silly packumentCache full:https://registry.npmjs.org/async cache-hit
144 silly fetch manifest extrareqp2@^1.0.0
145 silly packumentCache full:https://registry.npmjs.org/extrareqp2 cache-miss
146 silly fetch manifest debug@~4.3.1
147 silly packumentCache full:https://registry.npmjs.org/debug cache-hit
148 silly fetch manifest eventemitter2@^6.3.1
149 silly packumentCache full:https://registry.npmjs.org/eventemitter2 cache-miss
150 silly fetch manifest ws@^7.0.0
151 silly packumentCache full:https://registry.npmjs.org/ws cache-hit
152 silly fetch manifest debug@^4.3.1
153 silly packumentCache full:https://registry.npmjs.org/debug cache-hit
154 silly fetch manifest braces@~3.0.2
155 silly packumentCache full:https://registry.npmjs.org/braces cache-miss
156 silly fetch manifest is-glob@~4.0.1
157 silly packumentCache full:https://registry.npmjs.org/is-glob cache-miss
158 silly fetch manifest anymatch@~3.1.2
159 silly packumentCache full:https://registry.npmjs.org/anymatch cache-miss
160 silly fetch manifest readdirp@~3.6.0
161 silly packumentCache full:https://registry.npmjs.org/readdirp cache-miss
162 silly fetch manifest glob-parent@~5.1.2
163 silly packumentCache full:https://registry.npmjs.org/glob-parent cache-miss
164 http cache https://registry.npmjs.org/eventemitter2 89ms (cache hit)
165 silly packumentCache full:https://registry.npmjs.org/eventemitter2 set size:172525 disposed:false
166 silly fetch manifest is-binary-path@~2.1.0
167 silly packumentCache full:https://registry.npmjs.org/is-binary-path cache-miss
168 http fetch GET 200 https://registry.npmjs.org/anymatch 207ms (cache miss)
169 silly packumentCache full:https://registry.npmjs.org/anymatch set size:undefined disposed:false
170 silly fetch manifest normalize-path@~3.0.0
171 silly packumentCache full:https://registry.npmjs.org/normalize-path cache-miss
172 http fetch GET 200 https://registry.npmjs.org/braces 259ms (cache miss)
173 silly packumentCache full:https://registry.npmjs.org/braces set size:undefined disposed:false
174 silly fetch manifest fsevents@~2.3.2
175 silly packumentCache full:https://registry.npmjs.org/fsevents cache-miss
176 http fetch GET 200 https://registry.npmjs.org/is-glob 259ms (cache miss)
177 silly packumentCache full:https://registry.npmjs.org/is-glob set size:undefined disposed:false
178 silly fetch manifest chalk@3.0.0
179 silly packumentCache full:https://registry.npmjs.org/chalk cache-miss
180 http fetch GET 200 https://registry.npmjs.org/readdirp 296ms (cache miss)
181 silly packumentCache full:https://registry.npmjs.org/readdirp set size:undefined disposed:false
182 silly fetch manifest ms@^2.1.3
183 silly packumentCache full:https://registry.npmjs.org/ms cache-miss
184 http fetch GET 200 https://registry.npmjs.org/is-binary-path 268ms (cache miss)
185 silly packumentCache full:https://registry.npmjs.org/is-binary-path set size:undefined disposed:false
186 silly fetch manifest argparse@^2.0.1
187 silly packumentCache full:https://registry.npmjs.org/argparse cache-miss
188 http fetch GET 200 https://registry.npmjs.org/extrareqp2 385ms (cache miss)
189 silly packumentCache full:https://registry.npmjs.org/extrareqp2 set size:undefined disposed:false
190 silly fetch manifest safe-buffer@^5.2.1
191 silly packumentCache full:https://registry.npmjs.org/safe-buffer cache-miss
192 http fetch GET 200 https://registry.npmjs.org/glob-parent 357ms (cache miss)
193 silly packumentCache full:https://registry.npmjs.org/glob-parent set size:undefined disposed:false
194 silly fetch manifest run-series@^1.1.8
195 silly packumentCache full:https://registry.npmjs.org/run-series cache-miss
196 http fetch GET 200 https://registry.npmjs.org/fsevents 174ms (cache miss)
197 silly packumentCache full:https://registry.npmjs.org/fsevents set size:undefined disposed:false
198 silly fetch manifest tv4@^1.3.0
199 silly packumentCache full:https://registry.npmjs.org/tv4 cache-miss
200 http fetch GET 200 https://registry.npmjs.org/chalk 203ms (cache miss)
201 silly packumentCache full:https://registry.npmjs.org/chalk set size:undefined disposed:false
202 silly fetch manifest pidusage@^2.0.21
203 silly packumentCache full:https://registry.npmjs.org/pidusage cache-miss
204 http fetch GET 200 https://registry.npmjs.org/normalize-path 267ms (cache revalidated)
205 silly packumentCache full:https://registry.npmjs.org/normalize-path set size:28713 disposed:false
206 silly fetch manifest systeminformation@^5.7
207 silly packumentCache full:https://registry.npmjs.org/systeminformation cache-miss
208 http fetch GET 200 https://registry.npmjs.org/ms 209ms (cache revalidated)
209 silly packumentCache full:https://registry.npmjs.org/ms set size:92208 disposed:false
210 silly fetch manifest tx2@~1.0.4
211 silly packumentCache full:https://registry.npmjs.org/tx2 cache-miss
212 http fetch GET 200 https://registry.npmjs.org/argparse 205ms (cache revalidated)
213 silly packumentCache full:https://registry.npmjs.org/argparse set size:49266 disposed:false
214 silly fetch manifest lru-cache@^7.14.1
215 silly packumentCache full:https://registry.npmjs.org/lru-cache cache-miss
216 http cache https://registry.npmjs.org/pidusage 78ms (cache hit)
217 silly packumentCache full:https://registry.npmjs.org/pidusage set size:111034 disposed:false
218 silly fetch manifest agent-base@^7.1.2
219 silly packumentCache full:https://registry.npmjs.org/agent-base cache-miss
220 http fetch GET 200 https://registry.npmjs.org/run-series 204ms (cache miss)
221 silly packumentCache full:https://registry.npmjs.org/run-series set size:undefined disposed:false
222 silly fetch manifest proxy-from-env@^1.1.0
223 silly packumentCache full:https://registry.npmjs.org/proxy-from-env cache-miss
224 http fetch GET 200 https://registry.npmjs.org/safe-buffer 270ms (cache revalidated)
225 silly packumentCache full:https://registry.npmjs.org/safe-buffer set size:41183 disposed:false
226 silly fetch manifest pac-proxy-agent@^7.1.0
227 silly packumentCache full:https://registry.npmjs.org/pac-proxy-agent cache-miss
228 http fetch GET 200 https://registry.npmjs.org/agent-base 239ms (cache revalidated)
229 silly packumentCache full:https://registry.npmjs.org/agent-base set size:72085 disposed:false
230 silly fetch manifest http-proxy-agent@^7.0.1
231 silly packumentCache full:https://registry.npmjs.org/http-proxy-agent cache-miss
232 http fetch GET 200 https://registry.npmjs.org/proxy-from-env 244ms (cache revalidated)
233 silly packumentCache full:https://registry.npmjs.org/proxy-from-env set size:21422 disposed:false
234 silly fetch manifest https-proxy-agent@^7.0.6
235 silly packumentCache full:https://registry.npmjs.org/https-proxy-agent cache-miss
236 http fetch GET 200 https://registry.npmjs.org/lru-cache 280ms (cache revalidated)
237 silly packumentCache full:https://registry.npmjs.org/lru-cache set size:451987 disposed:false
238 silly fetch manifest socks-proxy-agent@^8.0.5
239 silly packumentCache full:https://registry.npmjs.org/socks-proxy-agent cache-miss
240 http fetch GET 200 https://registry.npmjs.org/tx2 347ms (cache miss)
241 silly packumentCache full:https://registry.npmjs.org/tx2 set size:undefined disposed:false
242 silly fetch manifest git-node-fs@^1.0.0
243 silly packumentCache full:https://registry.npmjs.org/git-node-fs cache-miss
244 http fetch GET 200 https://registry.npmjs.org/tv4 486ms (cache miss)
245 silly packumentCache full:https://registry.npmjs.org/tv4 set size:undefined disposed:false
246 silly fetch manifest ini@^1.3.5
247 silly packumentCache full:https://registry.npmjs.org/ini cache-miss
248 http fetch GET 200 https://registry.npmjs.org/pac-proxy-agent 319ms (cache revalidated)
249 silly packumentCache full:https://registry.npmjs.org/pac-proxy-agent set size:67079 disposed:false
250 silly fetch manifest js-git@^0.7.8
251 silly packumentCache full:https://registry.npmjs.org/js-git cache-miss
252 http fetch GET 200 https://registry.npmjs.org/git-node-fs 164ms (cache miss)
253 silly packumentCache full:https://registry.npmjs.org/git-node-fs set size:undefined disposed:false
254 http fetch GET 200 https://registry.npmjs.org/systeminformation 580ms (cache miss)
255 silly packumentCache full:https://registry.npmjs.org/systeminformation set size:undefined disposed:false
256 http fetch GET 200 https://registry.npmjs.org/https-proxy-agent 359ms (cache revalidated)
257 silly packumentCache full:https://registry.npmjs.org/https-proxy-agent set size:81258 disposed:false
258 http fetch GET 200 https://registry.npmjs.org/socks-proxy-agent 333ms (cache revalidated)
259 silly packumentCache full:https://registry.npmjs.org/socks-proxy-agent set size:104740 disposed:false
260 http fetch GET 200 https://registry.npmjs.org/js-git 279ms (cache miss)
261 silly packumentCache full:https://registry.npmjs.org/js-git set size:undefined disposed:false
262 http fetch GET 200 https://registry.npmjs.org/ini 331ms (cache miss)
263 silly packumentCache full:https://registry.npmjs.org/ini set size:undefined disposed:false
264 http fetch GET 200 https://registry.npmjs.org/http-proxy-agent 510ms (cache revalidated)
265 silly packumentCache full:https://registry.npmjs.org/http-proxy-agent set size:54849 disposed:false
266 silly fetch manifest utf-8-validate@^5.0.2
267 silly packumentCache full:https://registry.npmjs.org/utf-8-validate cache-hit
268 silly placeDep node_modules/pm2/node_modules/@pm2/js-api async@2.6.4 OK for: @pm2/js-api@0.8.0 want: ^2.6.3
269 silly placeDep node_modules/pm2/node_modules/@pm2/js-api debug@4.3.7 OK for: @pm2/js-api@0.8.0 want: ~4.3.1
270 silly placeDep node_modules/pm2 extrareqp2@1.0.0 OK for: @pm2/js-api@0.8.0 want: ^1.0.0
271 silly placeDep node_modules/pm2/node_modules/@pm2/js-api ws@7.5.11 OK for: @pm2/js-api@0.8.0 want: ^7.0.0
272 silly fetch manifest lodash@^4.17.14
273 silly packumentCache full:https://registry.npmjs.org/lodash cache-miss
274 silly fetch manifest follow-redirects@^1.14.0
275 silly packumentCache full:https://registry.npmjs.org/follow-redirects cache-miss
276 http fetch GET 200 https://registry.npmjs.org/lodash 163ms (cache revalidated)
277 silly packumentCache full:https://registry.npmjs.org/lodash set size:247652 disposed:false
278 http fetch GET 200 https://registry.npmjs.org/follow-redirects 187ms (cache miss)
279 silly packumentCache full:https://registry.npmjs.org/follow-redirects set size:undefined disposed:false
280 silly placeDep node_modules/pm2 anymatch@3.1.3 OK for: chokidar@3.6.0 want: ~3.1.2
281 silly placeDep node_modules/pm2 braces@3.0.3 OK for: chokidar@3.6.0 want: ~3.0.2
282 silly placeDep node_modules/pm2 fsevents@2.3.3 OK for: chokidar@3.6.0 want: ~2.3.2
283 silly placeDep node_modules/pm2 glob-parent@5.1.2 OK for: chokidar@3.6.0 want: ~5.1.2
284 silly placeDep node_modules/pm2 is-binary-path@2.1.0 OK for: chokidar@3.6.0 want: ~2.1.0
285 silly placeDep node_modules/pm2 is-glob@4.0.3 OK for: chokidar@3.6.0 want: ~4.0.1
286 silly placeDep node_modules/pm2 normalize-path@3.0.0 OK for: chokidar@3.6.0 want: ~3.0.0
287 silly placeDep node_modules/pm2 readdirp@3.6.0 OK for: chokidar@3.6.0 want: ~3.6.0
288 silly fetch manifest picomatch@^2.0.4
289 silly packumentCache full:https://registry.npmjs.org/picomatch cache-miss
290 silly fetch manifest normalize-path@^3.0.0
291 silly packumentCache full:https://registry.npmjs.org/normalize-path cache-hit
292 silly fetch manifest fill-range@^7.1.1
293 silly packumentCache full:https://registry.npmjs.org/fill-range cache-miss
294 silly fetch manifest is-glob@^4.0.1
295 silly packumentCache full:https://registry.npmjs.org/is-glob cache-miss
296 silly fetch manifest binary-extensions@^2.0.0
297 silly packumentCache full:https://registry.npmjs.org/binary-extensions cache-miss
298 silly fetch manifest is-extglob@^2.1.1
299 silly packumentCache full:https://registry.npmjs.org/is-extglob cache-miss
300 silly fetch manifest picomatch@^2.2.1
301 silly packumentCache full:https://registry.npmjs.org/picomatch cache-miss
302 http cache https://registry.npmjs.org/is-glob 40ms (cache hit)
303 silly packumentCache full:https://registry.npmjs.org/is-glob set size:40530 disposed:false
304 http fetch GET 200 https://registry.npmjs.org/is-extglob 279ms (cache miss)
305 silly packumentCache full:https://registry.npmjs.org/is-extglob set size:undefined disposed:false
306 http fetch GET 200 https://registry.npmjs.org/fill-range 295ms (cache miss)
307 silly packumentCache full:https://registry.npmjs.org/fill-range set size:undefined disposed:false
308 http fetch GET 200 https://registry.npmjs.org/picomatch 298ms (cache miss)
309 silly packumentCache full:https://registry.npmjs.org/picomatch set size:undefined disposed:false
310 http fetch GET 200 https://registry.npmjs.org/picomatch 323ms (cache miss)
311 silly packumentCache full:https://registry.npmjs.org/picomatch set size:undefined disposed:false
312 http fetch GET 200 https://registry.npmjs.org/binary-extensions 340ms (cache miss)
313 silly packumentCache full:https://registry.npmjs.org/binary-extensions set size:undefined disposed:false
314 silly placeDep node_modules/pm2 picomatch@2.3.2 OK for: anymatch@3.1.3 want: ^2.0.4
315 silly placeDep node_modules/pm2 fill-range@7.1.1 OK for: braces@3.0.3 want: ^7.1.1
316 silly fetch manifest to-regex-range@^5.0.1
317 silly packumentCache full:https://registry.npmjs.org/to-regex-range cache-miss
318 http fetch GET 200 https://registry.npmjs.org/to-regex-range 144ms (cache miss)
319 silly packumentCache full:https://registry.npmjs.org/to-regex-range set size:undefined disposed:false
320 silly placeDep node_modules/pm2 chalk@3.0.0 OK for: cli-tableau@2.0.1 want: 3.0.0
321 silly fetch manifest ansi-styles@^4.1.0
322 silly packumentCache full:https://registry.npmjs.org/ansi-styles cache-miss
323 silly fetch manifest supports-color@^7.1.0
324 silly packumentCache full:https://registry.npmjs.org/supports-color cache-miss
325 http fetch GET 200 https://registry.npmjs.org/supports-color 282ms (cache miss)
326 silly packumentCache full:https://registry.npmjs.org/supports-color set size:undefined disposed:false
327 http fetch GET 200 https://registry.npmjs.org/ansi-styles 450ms (cache revalidated)
328 silly packumentCache full:https://registry.npmjs.org/ansi-styles set size:63233 disposed:false
329 silly placeDep node_modules/pm2 ansi-styles@4.3.0 OK for: chalk@3.0.0 want: ^4.1.0
330 silly placeDep node_modules/pm2 supports-color@7.2.0 OK for: chalk@3.0.0 want: ^7.1.0
331 silly fetch manifest color-convert@^2.0.1
332 silly packumentCache full:https://registry.npmjs.org/color-convert cache-miss
333 silly fetch manifest has-flag@^4.0.0
334 silly packumentCache full:https://registry.npmjs.org/has-flag cache-miss
335 http fetch GET 200 https://registry.npmjs.org/color-convert 144ms (cache revalidated)
336 silly packumentCache full:https://registry.npmjs.org/color-convert set size:72663 disposed:false
337 http fetch GET 200 https://registry.npmjs.org/has-flag 155ms (cache miss)
338 silly packumentCache full:https://registry.npmjs.org/has-flag set size:undefined disposed:false
339 silly placeDep node_modules/pm2 color-convert@2.0.1 OK for: ansi-styles@4.3.0 want: ^2.0.1
340 silly fetch manifest color-name@~1.1.4
341 silly packumentCache full:https://registry.npmjs.org/color-name cache-miss
342 http fetch GET 200 https://registry.npmjs.org/color-name 146ms (cache revalidated)
343 silly packumentCache full:https://registry.npmjs.org/color-name set size:19467 disposed:false
344 silly placeDep node_modules/pm2 color-name@1.1.4 OK for: color-convert@2.0.1 want: ~1.1.4
345 silly placeDep node_modules/pm2 ms@2.1.3 OK for: debug@4.4.3 want: ^2.1.3
346 silly placeDep node_modules/pm2 follow-redirects@1.16.0 OK for: extrareqp2@1.0.0 want: ^1.14.0
347 silly placeDep node_modules/pm2 to-regex-range@5.0.1 OK for: fill-range@7.1.1 want: ^5.0.1
348 silly fetch manifest is-number@^7.0.0
349 silly packumentCache full:https://registry.npmjs.org/is-number cache-miss
350 http fetch GET 200 https://registry.npmjs.org/is-number 308ms (cache miss)
351 silly packumentCache full:https://registry.npmjs.org/is-number set size:undefined disposed:false
352 silly placeDep node_modules/pm2 binary-extensions@2.3.0 OK for: is-binary-path@2.1.0 want: ^2.0.0
353 silly placeDep node_modules/pm2 is-extglob@2.1.1 OK for: is-glob@4.0.3 want: ^2.1.1
354 silly placeDep node_modules/pm2 argparse@2.0.1 OK for: js-yaml@4.1.1 want: ^2.0.1
355 silly placeDep node_modules/pm2 safe-buffer@5.2.1 OK for: pidusage@4.0.1 want: ^5.2.1
356 silly placeDep node_modules/pm2 run-series@1.1.9 OK for: pm2-deploy@1.0.2 want: ^1.1.8
357 silly placeDep node_modules/pm2 tv4@1.3.0 OK for: pm2-deploy@1.0.2 want: ^1.3.0
358 silly placeDep node_modules/pm2/node_modules/pm2-sysmonit pidusage@2.0.21 OK for: pm2-sysmonit@1.2.8 want: ^2.0.21
359 silly placeDep node_modules/pm2 systeminformation@5.31.6 OK for: pm2-sysmonit@1.2.8 want: ^5.7
360 silly placeDep node_modules/pm2 tx2@1.0.5 OK for: pm2-sysmonit@1.2.8 want: ~1.0.4
361 silly fetch manifest json-stringify-safe@^5.0.1
362 silly packumentCache full:https://registry.npmjs.org/json-stringify-safe cache-miss
363 http fetch GET 200 https://registry.npmjs.org/json-stringify-safe 206ms (cache miss)
364 silly packumentCache full:https://registry.npmjs.org/json-stringify-safe set size:undefined disposed:false
365 silly placeDep node_modules/pm2 agent-base@7.1.4 OK for: proxy-agent@6.5.0 want: ^7.1.2
366 silly placeDep node_modules/pm2 http-proxy-agent@7.0.2 OK for: proxy-agent@6.5.0 want: ^7.0.1
367 silly placeDep node_modules/pm2 https-proxy-agent@7.0.6 OK for: proxy-agent@6.5.0 want: ^7.0.6
368 silly placeDep node_modules/pm2 lru-cache@7.18.3 OK for: proxy-agent@6.5.0 want: ^7.14.1
369 silly placeDep node_modules/pm2 pac-proxy-agent@7.2.0 OK for: proxy-agent@6.5.0 want: ^7.1.0
370 silly placeDep node_modules/pm2 proxy-from-env@1.1.0 OK for: proxy-agent@6.5.0 want: ^1.1.0
371 silly placeDep node_modules/pm2 socks-proxy-agent@8.0.5 OK for: proxy-agent@6.5.0 want: ^8.0.5
372 silly fetch manifest get-uri@^6.0.1
373 silly packumentCache full:https://registry.npmjs.org/get-uri cache-miss
374 silly fetch manifest pac-resolver@^7.0.1
375 silly packumentCache full:https://registry.npmjs.org/pac-resolver cache-miss
376 silly fetch manifest @tootallnate/quickjs-emscripten@^0.23.0
377 silly packumentCache full:https://registry.npmjs.org/@tootallnate%2fquickjs-emscripten cache-miss
378 silly fetch manifest socks@^2.8.3
379 silly packumentCache full:https://registry.npmjs.org/socks cache-miss
380 http fetch GET 200 https://registry.npmjs.org/pac-resolver 163ms (cache revalidated)
381 silly packumentCache full:https://registry.npmjs.org/pac-resolver set size:61269 disposed:false
382 http fetch GET 200 https://registry.npmjs.org/socks 175ms (cache revalidated)
383 silly packumentCache full:https://registry.npmjs.org/socks set size:173143 disposed:false
384 http fetch GET 200 https://registry.npmjs.org/@tootallnate%2fquickjs-emscripten 202ms (cache revalidated)
385 silly packumentCache full:https://registry.npmjs.org/@tootallnate%2fquickjs-emscripten set size:27622 disposed:false
386 http fetch GET 200 https://registry.npmjs.org/get-uri 269ms (cache revalidated)
387 silly packumentCache full:https://registry.npmjs.org/get-uri set size:62423 disposed:false
388 silly placeDep node_modules/pm2 @tootallnate/quickjs-emscripten@0.23.0 OK for: pac-proxy-agent@7.2.0 want: ^0.23.0
389 silly placeDep node_modules/pm2 get-uri@6.0.5 OK for: pac-proxy-agent@7.2.0 want: ^6.0.1
390 silly placeDep node_modules/pm2 pac-resolver@7.0.1 OK for: pac-proxy-agent@7.2.0 want: ^7.0.1
391 silly fetch manifest basic-ftp@^5.0.2
392 silly packumentCache full:https://registry.npmjs.org/basic-ftp cache-miss
393 silly fetch manifest data-uri-to-buffer@^6.0.2
394 silly packumentCache full:https://registry.npmjs.org/data-uri-to-buffer cache-miss
395 silly fetch manifest netmask@^2.0.2
396 silly packumentCache full:https://registry.npmjs.org/netmask cache-miss
397 silly fetch manifest degenerator@^5.0.0
398 silly packumentCache full:https://registry.npmjs.org/degenerator cache-miss
399 http fetch GET 200 https://registry.npmjs.org/basic-ftp 177ms (cache revalidated)
400 silly packumentCache full:https://registry.npmjs.org/basic-ftp set size:297552 disposed:false
401 http fetch GET 200 https://registry.npmjs.org/data-uri-to-buffer 222ms (cache revalidated)
402 silly packumentCache full:https://registry.npmjs.org/data-uri-to-buffer set size:48018 disposed:false
403 http fetch GET 200 https://registry.npmjs.org/degenerator 259ms (cache revalidated)
404 silly packumentCache full:https://registry.npmjs.org/degenerator set size:77133 disposed:false
405 http fetch GET 200 https://registry.npmjs.org/netmask 345ms (cache revalidated)
406 silly packumentCache full:https://registry.npmjs.org/netmask set size:25703 disposed:false
407 silly placeDep node_modules/pm2 basic-ftp@5.3.1 OK for: get-uri@6.0.5 want: ^5.0.2
408 silly placeDep node_modules/pm2 data-uri-to-buffer@6.0.2 OK for: get-uri@6.0.5 want: ^6.0.2
409 silly placeDep node_modules/pm2 degenerator@5.0.1 OK for: pac-resolver@7.0.1 want: ^5.0.0
410 silly placeDep node_modules/pm2 netmask@2.1.1 OK for: pac-resolver@7.0.1 want: ^2.0.2
411 silly fetch manifest esprima@^4.0.1
412 silly packumentCache full:https://registry.npmjs.org/esprima cache-miss
413 silly fetch manifest ast-types@^0.13.4
414 silly packumentCache full:https://registry.npmjs.org/ast-types cache-miss
415 silly fetch manifest escodegen@^2.1.0
416 silly packumentCache full:https://registry.npmjs.org/escodegen cache-miss
417 http fetch GET 200 https://registry.npmjs.org/escodegen 173ms (cache revalidated)
418 silly packumentCache full:https://registry.npmjs.org/escodegen set size:119723 disposed:false
419 http fetch GET 200 https://registry.npmjs.org/esprima 197ms (cache revalidated)
420 silly packumentCache full:https://registry.npmjs.org/esprima set size:118410 disposed:false
421 http fetch GET 200 https://registry.npmjs.org/ast-types 211ms (cache revalidated)
422 silly packumentCache full:https://registry.npmjs.org/ast-types set size:443020 disposed:false
423 silly placeDep node_modules/pm2 ast-types@0.13.4 OK for: degenerator@5.0.1 want: ^0.13.4
424 silly placeDep node_modules/pm2 escodegen@2.1.0 OK for: degenerator@5.0.1 want: ^2.1.0
425 silly placeDep node_modules/pm2 esprima@4.0.1 OK for: degenerator@5.0.1 want: ^4.0.1
426 silly fetch manifest tslib@^2.0.1
427 silly packumentCache full:https://registry.npmjs.org/tslib cache-miss
428 silly fetch manifest estraverse@^5.2.0
429 silly packumentCache full:https://registry.npmjs.org/estraverse cache-miss
430 silly fetch manifest esutils@^2.0.2
431 silly packumentCache full:https://registry.npmjs.org/esutils cache-miss
432 silly fetch manifest source-map@~0.6.1
433 silly packumentCache full:https://registry.npmjs.org/source-map cache-miss
434 http fetch GET 200 https://registry.npmjs.org/estraverse 169ms (cache revalidated)
435 silly packumentCache full:https://registry.npmjs.org/estraverse set size:62412 disposed:false
436 http fetch GET 200 https://registry.npmjs.org/esutils 176ms (cache revalidated)
437 silly packumentCache full:https://registry.npmjs.org/esutils set size:29522 disposed:false
438 http fetch GET 200 https://registry.npmjs.org/source-map 180ms (cache revalidated)
439 silly packumentCache full:https://registry.npmjs.org/source-map set size:226212 disposed:false
440 http fetch GET 200 https://registry.npmjs.org/tslib 207ms (cache revalidated)
441 silly packumentCache full:https://registry.npmjs.org/tslib set size:108760 disposed:false
442 silly placeDep node_modules/pm2 tslib@2.8.1 OK for: ast-types@0.13.4 want: ^2.0.1
443 silly placeDep node_modules/pm2 estraverse@5.3.0 OK for: escodegen@2.1.0 want: ^5.2.0
444 silly placeDep node_modules/pm2 esutils@2.0.3 OK for: escodegen@2.1.0 want: ^2.0.2
445 silly placeDep node_modules/pm2 source-map@0.6.1 OK for: escodegen@2.1.0 want: ~0.6.1
446 silly placeDep node_modules/pm2 socks@2.8.9 OK for: socks-proxy-agent@8.0.5 want: ^2.8.3
447 silly fetch manifest ip-address@^10.1.1
448 silly packumentCache full:https://registry.npmjs.org/ip-address cache-miss
449 silly fetch manifest smart-buffer@^4.2.0
450 silly packumentCache full:https://registry.npmjs.org/smart-buffer cache-miss
451 http fetch GET 200 https://registry.npmjs.org/ip-address 169ms (cache revalidated)
452 silly packumentCache full:https://registry.npmjs.org/ip-address set size:171530 disposed:false
453 http fetch GET 200 https://registry.npmjs.org/smart-buffer 269ms (cache revalidated)
454 silly packumentCache full:https://registry.npmjs.org/smart-buffer set size:87065 disposed:false
455 silly placeDep node_modules/pm2 ip-address@10.2.0 OK for: socks@2.8.9 want: ^10.1.1
456 silly placeDep node_modules/pm2 smart-buffer@4.2.0 OK for: socks@2.8.9 want: ^4.2.0
457 silly placeDep node_modules/pm2 has-flag@4.0.0 OK for: supports-color@7.2.0 want: ^4.0.0
458 silly placeDep node_modules/pm2 is-number@7.0.0 OK for: to-regex-range@5.0.1 want: ^7.0.0
459 silly placeDep node_modules/pm2 json-stringify-safe@5.0.1 OK for: tx2@1.0.5 want: ^5.0.1
460 silly placeDep node_modules/pm2/node_modules/vizion async@2.6.4 OK for: vizion@2.2.1 want: ^2.6.3
461 silly placeDep node_modules/pm2 git-node-fs@1.0.0 OK for: vizion@2.2.1 want: ^1.0.0
462 silly placeDep node_modules/pm2 ini@1.3.8 OK for: vizion@2.2.1 want: ^1.3.5
463 silly placeDep node_modules/pm2 js-git@0.7.8 OK for: vizion@2.2.1 want: ^0.7.8
464 silly fetch manifest bodec@^0.1.0
465 silly packumentCache full:https://registry.npmjs.org/bodec cache-miss
466 silly fetch manifest culvert@^0.1.2
467 silly packumentCache full:https://registry.npmjs.org/culvert cache-miss
468 silly fetch manifest git-sha1@^0.1.2
469 silly packumentCache full:https://registry.npmjs.org/git-sha1 cache-miss
470 silly fetch manifest pako@^0.2.5
471 silly packumentCache full:https://registry.npmjs.org/pako cache-miss
472 http fetch GET 200 https://registry.npmjs.org/bodec 281ms (cache miss)
473 silly packumentCache full:https://registry.npmjs.org/bodec set size:undefined disposed:false
474 http fetch GET 200 https://registry.npmjs.org/culvert 283ms (cache miss)
475 silly packumentCache full:https://registry.npmjs.org/culvert set size:undefined disposed:false
476 http fetch GET 200 https://registry.npmjs.org/pako 284ms (cache miss)
477 silly packumentCache full:https://registry.npmjs.org/pako set size:undefined disposed:false
478 http fetch GET 200 https://registry.npmjs.org/git-sha1 313ms (cache miss)
479 silly packumentCache full:https://registry.npmjs.org/git-sha1 set size:undefined disposed:false
480 silly placeDep node_modules/pm2 bodec@0.1.0 OK for: js-git@0.7.8 want: ^0.1.0
481 silly placeDep node_modules/pm2 culvert@0.1.2 OK for: js-git@0.7.8 want: ^0.1.2
482 silly placeDep node_modules/pm2 git-sha1@0.1.2 OK for: js-git@0.7.8 want: ^0.1.2
483 silly placeDep node_modules/pm2 pako@0.2.9 OK for: js-git@0.7.8 want: ^0.2.5
484 silly placeDep node_modules/pm2 lodash@4.18.1 OK for: async@2.6.4 want: ^4.17.14
485 silly reify moves {}
486 http cache pako@https://registry.npmjs.org/pako/-/pako-0.2.9.tgz 0ms (cache hit)
487 http cache lodash@https://registry.npmjs.org/lodash/-/lodash-4.18.1.tgz 0ms (cache hit)
488 http cache git-sha1@https://registry.npmjs.org/git-sha1/-/git-sha1-0.1.2.tgz 1ms (cache hit)
489 http cache bodec@https://registry.npmjs.org/bodec/-/bodec-0.1.0.tgz 0ms (cache hit)
490 http cache culvert@https://registry.npmjs.org/culvert/-/culvert-0.1.2.tgz 0ms (cache hit)
491 http cache js-git@https://registry.npmjs.org/js-git/-/js-git-0.7.8.tgz 0ms (cache hit)
492 http cache ini@https://registry.npmjs.org/ini/-/ini-1.3.8.tgz 0ms (cache hit)
493 http cache git-node-fs@https://registry.npmjs.org/git-node-fs/-/git-node-fs-1.0.0.tgz 0ms (cache hit)
494 http cache json-stringify-safe@https://registry.npmjs.org/json-stringify-safe/-/json-stringify-safe-5.0.1.tgz 1ms (cache hit)
495 http cache is-number@https://registry.npmjs.org/is-number/-/is-number-7.0.0.tgz 1ms (cache hit)
496 http cache has-flag@https://registry.npmjs.org/has-flag/-/has-flag-4.0.0.tgz 0ms (cache hit)
497 http cache smart-buffer@https://registry.npmjs.org/smart-buffer/-/smart-buffer-4.2.0.tgz 0ms (cache hit)
498 http cache ip-address@https://registry.npmjs.org/ip-address/-/ip-address-10.2.0.tgz 0ms (cache hit)
499 http cache source-map@https://registry.npmjs.org/source-map/-/source-map-0.6.1.tgz 0ms (cache hit)
500 http cache socks@https://registry.npmjs.org/socks/-/socks-2.8.9.tgz 0ms (cache hit)
501 http cache esutils@https://registry.npmjs.org/esutils/-/esutils-2.0.3.tgz 0ms (cache hit)
502 http cache estraverse@https://registry.npmjs.org/estraverse/-/estraverse-5.3.0.tgz 0ms (cache hit)
503 http cache esprima@https://registry.npmjs.org/esprima/-/esprima-4.0.1.tgz 0ms (cache hit)
504 http cache tslib@https://registry.npmjs.org/tslib/-/tslib-2.8.1.tgz 0ms (cache hit)
505 http cache escodegen@https://registry.npmjs.org/escodegen/-/escodegen-2.1.0.tgz 0ms (cache hit)
506 http cache degenerator@https://registry.npmjs.org/degenerator/-/degenerator-5.0.1.tgz 0ms (cache hit)
507 http cache netmask@https://registry.npmjs.org/netmask/-/netmask-2.1.1.tgz 0ms (cache hit)
508 http cache data-uri-to-buffer@https://registry.npmjs.org/data-uri-to-buffer/-/data-uri-to-buffer-6.0.2.tgz 1ms (cache hit)
509 http cache basic-ftp@https://registry.npmjs.org/basic-ftp/-/basic-ftp-5.3.1.tgz 0ms (cache hit)
510 http cache ast-types@https://registry.npmjs.org/ast-types/-/ast-types-0.13.4.tgz 0ms (cache hit)
511 http cache pac-resolver@https://registry.npmjs.org/pac-resolver/-/pac-resolver-7.0.1.tgz 0ms (cache hit)
512 http cache get-uri@https://registry.npmjs.org/get-uri/-/get-uri-6.0.5.tgz 0ms (cache hit)
513 http cache @tootallnate/quickjs-emscripten@https://registry.npmjs.org/@tootallnate/quickjs-emscripten/-/quickjs-emscripten-0.23.0.tgz 0ms (cache hit)
514 http cache socks-proxy-agent@https://registry.npmjs.org/socks-proxy-agent/-/socks-proxy-agent-8.0.5.tgz 0ms (cache hit)
515 http cache proxy-from-env@https://registry.npmjs.org/proxy-from-env/-/proxy-from-env-1.1.0.tgz 0ms (cache hit)
516 http cache pm2@https://registry.npmjs.org/pm2/-/pm2-7.0.1.tgz 0ms (cache hit)
517 http cache lru-cache@https://registry.npmjs.org/lru-cache/-/lru-cache-7.18.3.tgz 0ms (cache hit)
518 http cache pac-proxy-agent@https://registry.npmjs.org/pac-proxy-agent/-/pac-proxy-agent-7.2.0.tgz 0ms (cache hit)
519 http cache https-proxy-agent@https://registry.npmjs.org/https-proxy-agent/-/https-proxy-agent-7.0.6.tgz 0ms (cache hit)
520 http cache http-proxy-agent@https://registry.npmjs.org/http-proxy-agent/-/http-proxy-agent-7.0.2.tgz 1ms (cache hit)
521 http cache agent-base@https://registry.npmjs.org/agent-base/-/agent-base-7.1.4.tgz 0ms (cache hit)
522 http cache systeminformation@https://registry.npmjs.org/systeminformation/-/systeminformation-5.31.6.tgz 0ms (cache hit)
523 http cache tx2@https://registry.npmjs.org/tx2/-/tx2-1.0.5.tgz 0ms (cache hit)
524 http cache tv4@https://registry.npmjs.org/tv4/-/tv4-1.3.0.tgz 0ms (cache hit)
525 http cache run-series@https://registry.npmjs.org/run-series/-/run-series-1.1.9.tgz 0ms (cache hit)
526 http cache safe-buffer@https://registry.npmjs.org/safe-buffer/-/safe-buffer-5.2.1.tgz 0ms (cache hit)
527 http cache argparse@https://registry.npmjs.org/argparse/-/argparse-2.0.1.tgz 0ms (cache hit)
528 http cache is-extglob@https://registry.npmjs.org/is-extglob/-/is-extglob-2.1.1.tgz 0ms (cache hit)
529 http cache binary-extensions@https://registry.npmjs.org/binary-extensions/-/binary-extensions-2.3.0.tgz 0ms (cache hit)
530 http cache to-regex-range@https://registry.npmjs.org/to-regex-range/-/to-regex-range-5.0.1.tgz 0ms (cache hit)
531 http cache follow-redirects@https://registry.npmjs.org/follow-redirects/-/follow-redirects-1.16.0.tgz 0ms (cache hit)
532 http cache ms@https://registry.npmjs.org/ms/-/ms-2.1.3.tgz 0ms (cache hit)
533 http cache color-name@https://registry.npmjs.org/color-name/-/color-name-1.1.4.tgz 0ms (cache hit)
534 http cache color-convert@https://registry.npmjs.org/color-convert/-/color-convert-2.0.1.tgz 0ms (cache hit)
535 http cache fill-range@https://registry.npmjs.org/fill-range/-/fill-range-7.1.1.tgz 0ms (cache hit)
536 http cache picomatch@https://registry.npmjs.org/picomatch/-/picomatch-2.3.2.tgz 0ms (cache hit)
537 http cache readdirp@https://registry.npmjs.org/readdirp/-/readdirp-3.6.0.tgz 0ms (cache hit)
538 http cache normalize-path@https://registry.npmjs.org/normalize-path/-/normalize-path-3.0.0.tgz 0ms (cache hit)
539 http cache supports-color@https://registry.npmjs.org/supports-color/-/supports-color-7.2.0.tgz 0ms (cache hit)
540 http cache is-glob@https://registry.npmjs.org/is-glob/-/is-glob-4.0.3.tgz 0ms (cache hit)
541 http cache is-binary-path@https://registry.npmjs.org/is-binary-path/-/is-binary-path-2.1.0.tgz 0ms (cache hit)
542 http cache glob-parent@https://registry.npmjs.org/glob-parent/-/glob-parent-5.1.2.tgz 0ms (cache hit)
543 http cache anymatch@https://registry.npmjs.org/anymatch/-/anymatch-3.1.3.tgz 0ms (cache hit)
544 http cache braces@https://registry.npmjs.org/braces/-/braces-3.0.3.tgz 1ms (cache hit)
545 http cache chalk@https://registry.npmjs.org/chalk/-/chalk-3.0.0.tgz 0ms (cache hit)
546 http cache extrareqp2@https://registry.npmjs.org/extrareqp2/-/extrareqp2-1.0.0.tgz 0ms (cache hit)
547 http cache ws@https://registry.npmjs.org/ws/-/ws-8.20.0.tgz 0ms (cache hit)
548 http cache vizion@https://registry.npmjs.org/vizion/-/vizion-2.2.1.tgz 0ms (cache hit)
549 http cache async@https://registry.npmjs.org/async/-/async-2.6.4.tgz 0ms (cache hit)
550 http cache semver@https://registry.npmjs.org/semver/-/semver-7.7.2.tgz 0ms (cache hit)
551 http cache pm2-sysmonit@https://registry.npmjs.org/pm2-sysmonit/-/pm2-sysmonit-1.2.8.tgz 0ms (cache hit)
552 http cache pidusage@https://registry.npmjs.org/pidusage/-/pidusage-2.0.21.tgz 0ms (cache hit)
553 http cache proxy-agent@https://registry.npmjs.org/proxy-agent/-/proxy-agent-6.5.0.tgz 0ms (cache hit)
554 http cache pm2-deploy@https://registry.npmjs.org/pm2-deploy/-/pm2-deploy-1.0.2.tgz 0ms (cache hit)
555 http cache pidusage@https://registry.npmjs.org/pidusage/-/pidusage-4.0.1.tgz 0ms (cache hit)
556 http cache js-yaml@https://registry.npmjs.org/js-yaml/-/js-yaml-4.1.1.tgz 0ms (cache hit)
557 http cache fast-json-patch@https://registry.npmjs.org/fast-json-patch/-/fast-json-patch-3.1.1.tgz 0ms (cache hit)
558 http cache eventemitter2@https://registry.npmjs.org/eventemitter2/-/eventemitter2-6.4.9.tgz 0ms (cache hit)
559 http cache debug@https://registry.npmjs.org/debug/-/debug-4.4.3.tgz 1ms (cache hit)
560 http cache dayjs@https://registry.npmjs.org/dayjs/-/dayjs-1.11.15.tgz 0ms (cache hit)
561 http cache croner@https://registry.npmjs.org/croner/-/croner-4.1.97.tgz 0ms (cache hit)
562 http cache commander@https://registry.npmjs.org/commander/-/commander-2.15.1.tgz 0ms (cache hit)
563 http cache cli-tableau@https://registry.npmjs.org/cli-tableau/-/cli-tableau-2.0.1.tgz 0ms (cache hit)
564 http cache chokidar@https://registry.npmjs.org/chokidar/-/chokidar-3.6.0.tgz 0ms (cache hit)
565 http cache async@https://registry.npmjs.org/async/-/async-3.2.6.tgz 1ms (cache hit)
566 http cache ansis@https://registry.npmjs.org/ansis/-/ansis-4.0.0-node10.tgz 1ms (cache hit)
567 http cache amp-message@https://registry.npmjs.org/amp-message/-/amp-message-0.1.2.tgz 0ms (cache hit)
568 http cache amp@https://registry.npmjs.org/amp/-/amp-0.3.1.tgz 0ms (cache hit)
569 http cache @pm2/pm2-version-check@https://registry.npmjs.org/@pm2/pm2-version-check/-/pm2-version-check-1.0.4.tgz 0ms (cache hit)
570 http cache @pm2/js-api@https://registry.npmjs.org/@pm2/js-api/-/js-api-0.8.0.tgz 0ms (cache hit)
571 http cache ws@https://registry.npmjs.org/ws/-/ws-7.5.11.tgz 0ms (cache hit)
572 http cache debug@https://registry.npmjs.org/debug/-/debug-4.3.7.tgz 0ms (cache hit)
573 http cache async@https://registry.npmjs.org/async/-/async-2.6.4.tgz 0ms (cache hit)
574 http cache @pm2/blessed@https://registry.npmjs.org/@pm2/blessed/-/blessed-0.1.81.tgz 0ms (cache hit)
575 http cache ansi-styles@https://registry.npmjs.org/ansi-styles/-/ansi-styles-4.3.0.tgz 0ms (cache hit)
576 silly tarball no local data for pako@https://registry.npmjs.org/pako/-/pako-0.2.9.tgz. Extracting by manifest.
577 silly tarball no local data for git-sha1@https://registry.npmjs.org/git-sha1/-/git-sha1-0.1.2.tgz. Extracting by manifest.
578 silly tarball no local data for bodec@https://registry.npmjs.org/bodec/-/bodec-0.1.0.tgz. Extracting by manifest.
579 silly tarball no local data for culvert@https://registry.npmjs.org/culvert/-/culvert-0.1.2.tgz. Extracting by manifest.
580 silly tarball no local data for js-git@https://registry.npmjs.org/js-git/-/js-git-0.7.8.tgz. Extracting by manifest.
581 silly tarball no local data for ini@https://registry.npmjs.org/ini/-/ini-1.3.8.tgz. Extracting by manifest.
582 silly tarball no local data for git-node-fs@https://registry.npmjs.org/git-node-fs/-/git-node-fs-1.0.0.tgz. Extracting by manifest.
583 silly tarball no local data for json-stringify-safe@https://registry.npmjs.org/json-stringify-safe/-/json-stringify-safe-5.0.1.tgz. Extracting by manifest.
584 silly tarball no local data for is-number@https://registry.npmjs.org/is-number/-/is-number-7.0.0.tgz. Extracting by manifest.
585 silly tarball no local data for has-flag@https://registry.npmjs.org/has-flag/-/has-flag-4.0.0.tgz. Extracting by manifest.
586 silly tarball no local data for pm2@https://registry.npmjs.org/pm2/-/pm2-7.0.1.tgz. Extracting by manifest.
587 silly tarball no local data for systeminformation@https://registry.npmjs.org/systeminformation/-/systeminformation-5.31.6.tgz. Extracting by manifest.
588 silly tarball no local data for tx2@https://registry.npmjs.org/tx2/-/tx2-1.0.5.tgz. Extracting by manifest.
589 silly tarball no local data for tv4@https://registry.npmjs.org/tv4/-/tv4-1.3.0.tgz. Extracting by manifest.
590 silly tarball no local data for run-series@https://registry.npmjs.org/run-series/-/run-series-1.1.9.tgz. Extracting by manifest.
591 silly tarball no local data for is-extglob@https://registry.npmjs.org/is-extglob/-/is-extglob-2.1.1.tgz. Extracting by manifest.
592 silly tarball no local data for binary-extensions@https://registry.npmjs.org/binary-extensions/-/binary-extensions-2.3.0.tgz. Extracting by manifest.
593 silly tarball no local data for to-regex-range@https://registry.npmjs.org/to-regex-range/-/to-regex-range-5.0.1.tgz. Extracting by manifest.
594 silly tarball no local data for follow-redirects@https://registry.npmjs.org/follow-redirects/-/follow-redirects-1.16.0.tgz. Extracting by manifest.
595 silly tarball no local data for fill-range@https://registry.npmjs.org/fill-range/-/fill-range-7.1.1.tgz. Extracting by manifest.
596 silly tarball no local data for picomatch@https://registry.npmjs.org/picomatch/-/picomatch-2.3.2.tgz. Extracting by manifest.
597 silly tarball no local data for readdirp@https://registry.npmjs.org/readdirp/-/readdirp-3.6.0.tgz. Extracting by manifest.
598 silly tarball no local data for supports-color@https://registry.npmjs.org/supports-color/-/supports-color-7.2.0.tgz. Extracting by manifest.
599 silly tarball no local data for is-glob@https://registry.npmjs.org/is-glob/-/is-glob-4.0.3.tgz. Extracting by manifest.
600 silly tarball no local data for is-binary-path@https://registry.npmjs.org/is-binary-path/-/is-binary-path-2.1.0.tgz. Extracting by manifest.
601 silly tarball no local data for glob-parent@https://registry.npmjs.org/glob-parent/-/glob-parent-5.1.2.tgz. Extracting by manifest.
602 silly tarball no local data for anymatch@https://registry.npmjs.org/anymatch/-/anymatch-3.1.3.tgz. Extracting by manifest.
603 silly tarball no local data for braces@https://registry.npmjs.org/braces/-/braces-3.0.3.tgz. Extracting by manifest.
604 silly tarball no local data for chalk@https://registry.npmjs.org/chalk/-/chalk-3.0.0.tgz. Extracting by manifest.
605 silly tarball no local data for extrareqp2@https://registry.npmjs.org/extrareqp2/-/extrareqp2-1.0.0.tgz. Extracting by manifest.
606 silly tarball no local data for vizion@https://registry.npmjs.org/vizion/-/vizion-2.2.1.tgz. Extracting by manifest.
607 silly tarball no local data for async@https://registry.npmjs.org/async/-/async-2.6.4.tgz. Extracting by manifest.
608 silly tarball no local data for semver@https://registry.npmjs.org/semver/-/semver-7.7.2.tgz. Extracting by manifest.
609 silly tarball no local data for pm2-sysmonit@https://registry.npmjs.org/pm2-sysmonit/-/pm2-sysmonit-1.2.8.tgz. Extracting by manifest.
610 silly tarball no local data for pidusage@https://registry.npmjs.org/pidusage/-/pidusage-2.0.21.tgz. Extracting by manifest.
611 silly tarball no local data for pm2-deploy@https://registry.npmjs.org/pm2-deploy/-/pm2-deploy-1.0.2.tgz. Extracting by manifest.
612 silly tarball no local data for pidusage@https://registry.npmjs.org/pidusage/-/pidusage-4.0.1.tgz. Extracting by manifest.
613 silly tarball no local data for fast-json-patch@https://registry.npmjs.org/fast-json-patch/-/fast-json-patch-3.1.1.tgz. Extracting by manifest.
614 silly tarball no local data for eventemitter2@https://registry.npmjs.org/eventemitter2/-/eventemitter2-6.4.9.tgz. Extracting by manifest.
615 silly tarball no local data for dayjs@https://registry.npmjs.org/dayjs/-/dayjs-1.11.15.tgz. Extracting by manifest.
616 silly tarball no local data for croner@https://registry.npmjs.org/croner/-/croner-4.1.97.tgz. Extracting by manifest.
617 silly tarball no local data for commander@https://registry.npmjs.org/commander/-/commander-2.15.1.tgz. Extracting by manifest.
618 silly tarball no local data for cli-tableau@https://registry.npmjs.org/cli-tableau/-/cli-tableau-2.0.1.tgz. Extracting by manifest.
619 silly tarball no local data for chokidar@https://registry.npmjs.org/chokidar/-/chokidar-3.6.0.tgz. Extracting by manifest.
620 silly tarball no local data for ansis@https://registry.npmjs.org/ansis/-/ansis-4.0.0-node10.tgz. Extracting by manifest.
621 silly tarball no local data for amp-message@https://registry.npmjs.org/amp-message/-/amp-message-0.1.2.tgz. Extracting by manifest.
622 silly tarball no local data for amp@https://registry.npmjs.org/amp/-/amp-0.3.1.tgz. Extracting by manifest.
623 silly tarball no local data for @pm2/pm2-version-check@https://registry.npmjs.org/@pm2/pm2-version-check/-/pm2-version-check-1.0.4.tgz. Extracting by manifest.
624 silly tarball no local data for @pm2/js-api@https://registry.npmjs.org/@pm2/js-api/-/js-api-0.8.0.tgz. Extracting by manifest.
625 silly tarball no local data for ws@https://registry.npmjs.org/ws/-/ws-7.5.11.tgz. Extracting by manifest.
626 silly tarball no local data for debug@https://registry.npmjs.org/debug/-/debug-4.3.7.tgz. Extracting by manifest.
627 silly tarball no local data for async@https://registry.npmjs.org/async/-/async-2.6.4.tgz. Extracting by manifest.
628 silly tarball no local data for @pm2/blessed@https://registry.npmjs.org/@pm2/blessed/-/blessed-0.1.81.tgz. Extracting by manifest.
629 http fetch GET 200 https://registry.npmjs.org/git-sha1/-/git-sha1-0.1.2.tgz 1701ms (cache miss)
630 http fetch GET 200 https://registry.npmjs.org/git-node-fs/-/git-node-fs-1.0.0.tgz 1682ms (cache miss)
631 http fetch GET 200 https://registry.npmjs.org/culvert/-/culvert-0.1.2.tgz 1698ms (cache miss)
632 http fetch GET 200 https://registry.npmjs.org/bodec/-/bodec-0.1.0.tgz 1704ms (cache miss)
633 http fetch GET 200 https://registry.npmjs.org/ini/-/ini-1.3.8.tgz 1778ms (cache miss)
634 http fetch GET 200 https://registry.npmjs.org/to-regex-range/-/to-regex-range-5.0.1.tgz 1775ms (cache miss)
635 http fetch GET 200 https://registry.npmjs.org/follow-redirects/-/follow-redirects-1.16.0.tgz 1774ms (cache miss)
636 http fetch GET 200 https://registry.npmjs.org/readdirp/-/readdirp-3.6.0.tgz 1763ms (cache miss)
637 http fetch GET 200 https://registry.npmjs.org/fill-range/-/fill-range-7.1.1.tgz 1802ms (cache miss)
638 http fetch GET 200 https://registry.npmjs.org/supports-color/-/supports-color-7.2.0.tgz 1805ms (cache miss)
639 http fetch GET 200 https://registry.npmjs.org/is-extglob/-/is-extglob-2.1.1.tgz 1843ms (cache miss)
640 http fetch GET 200 https://registry.npmjs.org/binary-extensions/-/binary-extensions-2.3.0.tgz 1849ms (cache miss)
641 http fetch GET 200 https://registry.npmjs.org/is-binary-path/-/is-binary-path-2.1.0.tgz 1920ms (cache miss)
642 http fetch GET 200 https://registry.npmjs.org/is-glob/-/is-glob-4.0.3.tgz 1926ms (cache miss)
643 http fetch GET 200 https://registry.npmjs.org/glob-parent/-/glob-parent-5.1.2.tgz 1920ms (cache miss)
644 http fetch GET 200 https://registry.npmjs.org/anymatch/-/anymatch-3.1.3.tgz 1948ms (cache miss)
645 http fetch GET 200 https://registry.npmjs.org/chalk/-/chalk-3.0.0.tgz 1975ms (cache miss)
646 http fetch GET 200 https://registry.npmjs.org/has-flag/-/has-flag-4.0.0.tgz 2130ms (cache miss)
647 http fetch GET 200 https://registry.npmjs.org/run-series/-/run-series-1.1.9.tgz 2124ms (cache miss)
648 http fetch GET 200 https://registry.npmjs.org/pm2-deploy/-/pm2-deploy-1.0.2.tgz 2075ms (cache miss)
649 http fetch GET 200 https://registry.npmjs.org/braces/-/braces-3.0.3.tgz 2315ms (cache miss)
650 http fetch GET 200 https://registry.npmjs.org/json-stringify-safe/-/json-stringify-safe-5.0.1.tgz 2437ms (cache miss)
651 http fetch GET 200 https://registry.npmjs.org/is-number/-/is-number-7.0.0.tgz 2461ms (cache miss)
652 http fetch GET 200 https://registry.npmjs.org/picomatch/-/picomatch-2.3.2.tgz 2421ms (cache miss)
653 http fetch GET 200 https://registry.npmjs.org/pm2-sysmonit/-/pm2-sysmonit-1.2.8.tgz 2622ms (cache miss)
654 http fetch GET 200 https://registry.npmjs.org/cli-tableau/-/cli-tableau-2.0.1.tgz 2591ms (cache miss)
655 http fetch GET 200 https://registry.npmjs.org/commander/-/commander-2.15.1.tgz 2596ms (cache miss)
656 http fetch GET 200 https://registry.npmjs.org/ansis/-/ansis-4.0.0-node10.tgz 2588ms (cache miss)
657 http fetch GET 200 https://registry.npmjs.org/amp-message/-/amp-message-0.1.2.tgz 2586ms (cache miss)
658 http fetch GET 200 https://registry.npmjs.org/@pm2/pm2-version-check/-/pm2-version-check-1.0.4.tgz 2597ms (cache miss)
659 http fetch GET 200 https://registry.npmjs.org/pidusage/-/pidusage-2.0.21.tgz 2654ms (cache miss)
660 http fetch GET 200 https://registry.npmjs.org/amp/-/amp-0.3.1.tgz 2620ms (cache miss)
661 http fetch GET 200 https://registry.npmjs.org/chokidar/-/chokidar-3.6.0.tgz 2696ms (cache miss)
662 http fetch GET 200 https://registry.npmjs.org/pidusage/-/pidusage-4.0.1.tgz 2796ms (cache miss)
663 http fetch GET 200 https://registry.npmjs.org/eventemitter2/-/eventemitter2-6.4.9.tgz 2791ms (cache miss)
664 http fetch GET 200 https://registry.npmjs.org/tv4/-/tv4-1.3.0.tgz 2921ms (cache miss)
665 http fetch GET 200 https://registry.npmjs.org/debug/-/debug-4.3.7.tgz 2873ms (cache miss)
666 http fetch GET 200 https://registry.npmjs.org/ws/-/ws-7.5.11.tgz 3143ms (cache miss)
667 http fetch GET 200 https://registry.npmjs.org/tx2/-/tx2-1.0.5.tgz 3310ms (cache miss)
668 http fetch GET 200 https://registry.npmjs.org/fast-json-patch/-/fast-json-patch-3.1.1.tgz 3288ms (cache miss)
669 http fetch GET 200 https://registry.npmjs.org/croner/-/croner-4.1.97.tgz 3301ms (cache miss)
670 http fetch GET 200 https://registry.npmjs.org/vizion/-/vizion-2.2.1.tgz 3372ms (cache miss)
671 http fetch GET 200 https://registry.npmjs.org/pako/-/pako-0.2.9.tgz 3647ms (cache miss)
672 http fetch GET 200 https://registry.npmjs.org/@pm2/js-api/-/js-api-0.8.0.tgz 3514ms (cache miss)
673 http fetch GET 200 https://registry.npmjs.org/semver/-/semver-7.7.2.tgz 3599ms (cache miss)
674 http fetch GET 200 https://registry.npmjs.org/systeminformation/-/systeminformation-5.31.6.tgz 3825ms (cache miss)
675 http fetch GET 200 https://registry.npmjs.org/js-git/-/js-git-0.7.8.tgz 3900ms (cache miss)
676 http fetch GET 200 https://registry.npmjs.org/extrareqp2/-/extrareqp2-1.0.0.tgz 3820ms (cache miss)
677 http fetch GET 200 https://registry.npmjs.org/async/-/async-2.6.4.tgz 3906ms (cache miss)
678 http fetch GET 200 https://registry.npmjs.org/async/-/async-2.6.4.tgz 3997ms (cache miss)
679 http fetch GET 200 https://registry.npmjs.org/@pm2/blessed/-/blessed-0.1.81.tgz 4203ms (cache miss)
680 http fetch GET 200 https://registry.npmjs.org/pm2/-/pm2-7.0.1.tgz 5243ms (cache miss)
681 http fetch GET 200 https://registry.npmjs.org/dayjs/-/dayjs-1.11.15.tgz 5415ms (cache miss)
682 silly ADD node_modules/pm2
683 silly ADD node_modules/pm2/node_modules/lodash
684 silly ADD node_modules/pm2/node_modules/pako
685 silly ADD node_modules/pm2/node_modules/git-sha1
686 silly ADD node_modules/pm2/node_modules/culvert
687 silly ADD node_modules/pm2/node_modules/bodec
688 silly ADD node_modules/pm2/node_modules/js-git
689 silly ADD node_modules/pm2/node_modules/ini
690 silly ADD node_modules/pm2/node_modules/git-node-fs
691 silly ADD node_modules/pm2/node_modules/json-stringify-safe
692 silly ADD node_modules/pm2/node_modules/is-number
693 silly ADD node_modules/pm2/node_modules/has-flag
694 silly ADD node_modules/pm2/node_modules/smart-buffer
695 silly ADD node_modules/pm2/node_modules/ip-address
696 silly ADD node_modules/pm2/node_modules/socks
697 silly ADD node_modules/pm2/node_modules/source-map
698 silly ADD node_modules/pm2/node_modules/esutils
699 silly ADD node_modules/pm2/node_modules/estraverse
700 silly ADD node_modules/pm2/node_modules/tslib
701 silly ADD node_modules/pm2/node_modules/esprima
702 silly ADD node_modules/pm2/node_modules/escodegen
703 silly ADD node_modules/pm2/node_modules/ast-types
704 silly ADD node_modules/pm2/node_modules/netmask
705 silly ADD node_modules/pm2/node_modules/degenerator
706 silly ADD node_modules/pm2/node_modules/data-uri-to-buffer
707 silly ADD node_modules/pm2/node_modules/basic-ftp
708 silly ADD node_modules/pm2/node_modules/pac-resolver
709 silly ADD node_modules/pm2/node_modules/get-uri
710 silly ADD node_modules/pm2/node_modules/@tootallnate/quickjs-emscripten
711 silly ADD node_modules/pm2/node_modules/socks-proxy-agent
712 silly ADD node_modules/pm2/node_modules/proxy-from-env
713 silly ADD node_modules/pm2/node_modules/pac-proxy-agent
714 silly ADD node_modules/pm2/node_modules/lru-cache
715 silly ADD node_modules/pm2/node_modules/https-proxy-agent
716 silly ADD node_modules/pm2/node_modules/http-proxy-agent
717 silly ADD node_modules/pm2/node_modules/agent-base
718 silly ADD node_modules/pm2/node_modules/tx2
719 silly ADD node_modules/pm2/node_modules/systeminformation
720 silly ADD node_modules/pm2/node_modules/tv4
721 silly ADD node_modules/pm2/node_modules/run-series
722 silly ADD node_modules/pm2/node_modules/safe-buffer
723 silly ADD node_modules/pm2/node_modules/argparse
724 silly ADD node_modules/pm2/node_modules/is-extglob
725 silly ADD node_modules/pm2/node_modules/binary-extensions
726 silly ADD node_modules/pm2/node_modules/to-regex-range
727 silly ADD node_modules/pm2/node_modules/follow-redirects
728 silly ADD node_modules/pm2/node_modules/ms
729 silly ADD node_modules/pm2/node_modules/color-name
730 silly ADD node_modules/pm2/node_modules/color-convert
731 silly ADD node_modules/pm2/node_modules/supports-color
732 silly ADD node_modules/pm2/node_modules/ansi-styles
733 silly ADD node_modules/pm2/node_modules/chalk
734 silly ADD node_modules/pm2/node_modules/fill-range
735 silly ADD node_modules/pm2/node_modules/picomatch
736 silly ADD node_modules/pm2/node_modules/readdirp
737 silly ADD node_modules/pm2/node_modules/normalize-path
738 silly ADD node_modules/pm2/node_modules/is-glob
739 silly ADD node_modules/pm2/node_modules/is-binary-path
740 silly ADD node_modules/pm2/node_modules/glob-parent
741 silly ADD node_modules/pm2/node_modules/braces
742 silly ADD node_modules/pm2/node_modules/anymatch
743 silly ADD node_modules/pm2/node_modules/extrareqp2
744 silly ADD node_modules/pm2/node_modules/ws
745 silly ADD node_modules/pm2/node_modules/vizion
746 silly ADD node_modules/pm2/node_modules/vizion/node_modules/async
747 silly ADD node_modules/pm2/node_modules/semver
748 silly ADD node_modules/pm2/node_modules/proxy-agent
749 silly ADD node_modules/pm2/node_modules/pm2-sysmonit
750 silly ADD node_modules/pm2/node_modules/pm2-sysmonit/node_modules/pidusage
751 silly ADD node_modules/pm2/node_modules/pm2-deploy
752 silly ADD node_modules/pm2/node_modules/pidusage
753 silly ADD node_modules/pm2/node_modules/js-yaml
754 silly ADD node_modules/pm2/node_modules/fast-json-patch
755 silly ADD node_modules/pm2/node_modules/eventemitter2
756 silly ADD node_modules/pm2/node_modules/debug
757 silly ADD node_modules/pm2/node_modules/dayjs
758 silly ADD node_modules/pm2/node_modules/croner
759 silly ADD node_modules/pm2/node_modules/commander
760 silly ADD node_modules/pm2/node_modules/cli-tableau
761 silly ADD node_modules/pm2/node_modules/chokidar
762 silly ADD node_modules/pm2/node_modules/async
763 silly ADD node_modules/pm2/node_modules/ansis
764 silly ADD node_modules/pm2/node_modules/amp-message
765 silly ADD node_modules/pm2/node_modules/amp
766 silly ADD node_modules/pm2/node_modules/@pm2/pm2-version-check
767 silly ADD node_modules/pm2/node_modules/@pm2/js-api
768 silly ADD node_modules/pm2/node_modules/@pm2/js-api/node_modules/ws
769 silly ADD node_modules/pm2/node_modules/@pm2/js-api/node_modules/debug
770 silly ADD node_modules/pm2/node_modules/@pm2/js-api/node_modules/async
771 silly ADD node_modules/pm2/node_modules/@pm2/blessed
772 verbose cwd /data/data/com.termux/files/home
773 verbose os Linux 6.6.66-android15-8-g9b6ad5b4b813-ab13433063-4k
774 verbose node v26.2.0
775 verbose npm  v11.15.0
776 verbose exit 0
777 info ok
