0 verbose cli /data/data/com.termux/files/usr/bin/node /data/data/com.termux/files/usr/bin/npm
1 info using npm@11.15.0
2 info using node@v26.2.0
3 silly config load:file:/data/data/com.termux/files/usr/lib/node_modules/npm/npmrc
4 silly config load:file:/data/data/com.termux/files/home/.npmrc
5 silly config load:file:/data/data/com.termux/files/usr/etc/npmrc
6 verbose title npm install @whiskeysockets/baileys
7 verbose argv "install" "@whiskeysockets/baileys"
8 verbose logfile logs-max:10 dir:/data/data/com.termux/files/home/.npm/_logs/2026-05-26T10_25_13_123Z-
9 verbose logfile /data/data/com.termux/files/home/.npm/_logs/2026-05-26T10_25_13_123Z-debug-0.log
10 silly logfile start cleaning logs, removing 1 files
11 silly logfile done cleaning log files
12 silly packumentCache heap:1078984704 maxSize:269746176 maxEntrySize:134873088
13 silly idealTree buildDeps
14 silly fetch manifest @whiskeysockets/baileys@^7.0.0-rc13
15 silly packumentCache full:https://registry.npmjs.org/@whiskeysockets%2fbaileys cache-miss
16 http fetch GET 200 https://registry.npmjs.org/@whiskeysockets%2fbaileys 1204ms (cache revalidated)
17 silly packumentCache full:https://registry.npmjs.org/@whiskeysockets%2fbaileys set size:194192 disposed:false
18 silly fetch manifest audio-decode@^2.1.3
19 silly packumentCache full:https://registry.npmjs.org/audio-decode cache-miss
20 http fetch GET 200 https://registry.npmjs.org/audio-decode 199ms (cache revalidated)
21 silly packumentCache full:https://registry.npmjs.org/audio-decode set size:120660 disposed:false
22 silly fetch manifest jimp@^1.6.1
23 silly packumentCache full:https://registry.npmjs.org/jimp cache-miss
24 http fetch GET 200 https://registry.npmjs.org/jimp 198ms (cache revalidated)
25 silly packumentCache full:https://registry.npmjs.org/jimp set size:1198045 disposed:false
26 silly fetch manifest link-preview-js@^3.0.0
27 silly packumentCache full:https://registry.npmjs.org/link-preview-js cache-miss
28 http fetch GET 200 https://registry.npmjs.org/link-preview-js 187ms (cache revalidated)
29 silly packumentCache full:https://registry.npmjs.org/link-preview-js set size:150486 disposed:false
30 silly fetch manifest sharp@*
31 silly packumentCache full:https://registry.npmjs.org/sharp cache-miss
32 http fetch GET 200 https://registry.npmjs.org/sharp 188ms (cache revalidated)
33 silly packumentCache full:https://registry.npmjs.org/sharp set size:1072564 disposed:false
34 silly placeDep ROOT @whiskeysockets/baileys@7.0.0-rc13 REPLACE for: home@1.0.0 want: ^7.0.0-rc13
35 silly reify moves {}
36 silly audit bulk request {
36 silly audit   '@borewit/text-codec': [ '0.2.2' ],
36 silly audit   '@cacheable/memory': [ '2.0.9' ],
36 silly audit   '@cacheable/node-cache': [ '1.7.6' ],
36 silly audit   '@cacheable/utils': [ '2.4.1' ],
36 silly audit   '@emnapi/runtime': [ '1.10.0' ],
36 silly audit   '@hapi/boom': [ '9.1.4' ],
36 silly audit   '@hapi/hoek': [ '9.3.0' ],
36 silly audit   '@img/colour': [ '1.1.0' ],
36 silly audit   '@img/sharp-darwin-arm64': [ '0.34.5' ],
36 silly audit   '@img/sharp-darwin-x64': [ '0.34.5' ],
36 silly audit   '@img/sharp-libvips-darwin-arm64': [ '1.2.4' ],
36 silly audit   '@img/sharp-libvips-darwin-x64': [ '1.2.4' ],
36 silly audit   '@img/sharp-libvips-linux-arm': [ '1.2.4' ],
36 silly audit   '@img/sharp-libvips-linux-arm64': [ '1.2.4' ],
36 silly audit   '@img/sharp-libvips-linux-ppc64': [ '1.2.4' ],
36 silly audit   '@img/sharp-libvips-linux-riscv64': [ '1.2.4' ],
36 silly audit   '@img/sharp-libvips-linux-s390x': [ '1.2.4' ],
36 silly audit   '@img/sharp-libvips-linux-x64': [ '1.2.4' ],
36 silly audit   '@img/sharp-libvips-linuxmusl-arm64': [ '1.2.4' ],
36 silly audit   '@img/sharp-libvips-linuxmusl-x64': [ '1.2.4' ],
36 silly audit   '@img/sharp-linux-arm': [ '0.34.5' ],
36 silly audit   '@img/sharp-linux-arm64': [ '0.34.5' ],
36 silly audit   '@img/sharp-linux-ppc64': [ '0.34.5' ],
36 silly audit   '@img/sharp-linux-riscv64': [ '0.34.5' ],
36 silly audit   '@img/sharp-linux-s390x': [ '0.34.5' ],
36 silly audit   '@img/sharp-linux-x64': [ '0.34.5' ],
36 silly audit   '@img/sharp-linuxmusl-arm64': [ '0.34.5' ],
36 silly audit   '@img/sharp-linuxmusl-x64': [ '0.34.5' ],
36 silly audit   '@img/sharp-wasm32': [ '0.34.5' ],
36 silly audit   '@img/sharp-win32-arm64': [ '0.34.5' ],
36 silly audit   '@img/sharp-win32-ia32': [ '0.34.5' ],
36 silly audit   '@img/sharp-win32-x64': [ '0.34.5' ],
36 silly audit   '@keyv/bigmap': [ '1.3.1' ],
36 silly audit   '@keyv/serialize': [ '1.1.1' ],
36 silly audit   '@pinojs/redact': [ '0.4.0' ],
36 silly audit   '@protobufjs/aspromise': [ '1.1.2' ],
36 silly audit   '@protobufjs/base64': [ '1.1.2' ],
36 silly audit   '@protobufjs/codegen': [ '2.0.5' ],
36 silly audit   '@protobufjs/eventemitter': [ '1.1.1' ],
36 silly audit   '@protobufjs/fetch': [ '1.1.1' ],
36 silly audit   '@protobufjs/float': [ '1.0.2' ],
36 silly audit   '@protobufjs/inquire': [ '1.1.2' ],
36 silly audit   '@protobufjs/path': [ '1.1.2' ],
36 silly audit   '@protobufjs/pool': [ '1.1.0' ],
36 silly audit   '@protobufjs/utf8': [ '1.1.1' ],
36 silly audit   '@tokenizer/inflate': [ '0.4.1' ],
36 silly audit   '@tokenizer/token': [ '0.3.0' ],
36 silly audit   '@types/node': [ '25.9.1' ],
36 silly audit   'async-mutex': [ '0.5.0' ],
36 silly audit   'atomic-sleep': [ '1.0.0' ],
36 silly audit   cacheable: [ '2.3.5' ],
36 silly audit   'content-type': [ '1.0.5' ],
36 silly audit   'curve25519-js': [ '0.0.4' ],
36 silly audit   debug: [ '4.4.3' ],
36 silly audit   'detect-libc': [ '2.1.2' ],
36 silly audit   eventemitter3: [ '5.0.4' ],
36 silly audit   'file-type': [ '21.3.4' ],
36 silly audit   hashery: [ '1.5.1' ],
36 silly audit   hookified: [ '1.15.1', '2.2.0' ],
36 silly audit   ieee754: [ '1.2.1' ],
36 silly audit   keyv: [ '5.6.0' ],
36 silly audit   libsignal: [ '6.0.0' ],
36 silly audit   long: [ '5.3.2' ],
36 silly audit   'lru-cache': [ '11.5.0' ],
36 silly audit   'media-typer': [ '1.1.0' ],
36 silly audit   ms: [ '2.1.3' ],
36 silly audit   'music-metadata': [ '11.12.3' ],
36 silly audit   'on-exit-leak-free': [ '2.1.2' ],
36 silly audit   'p-queue': [ '9.3.0' ],
36 silly audit   'p-timeout': [ '7.0.1' ],
36 silly audit   pino: [ '9.14.0' ],
36 silly audit   'pino-abstract-transport': [ '2.0.0' ],
36 silly audit   'pino-std-serializers': [ '7.1.0' ],
36 silly audit   'process-warning': [ '5.0.0' ],
36 silly audit   protobufjs: [ '7.6.1' ],
36 silly audit   qified: [ '0.10.1' ],
36 silly audit   'quick-format-unescaped': [ '4.0.4' ],
36 silly audit   'real-require': [ '0.2.0' ],
36 silly audit   'safe-stable-stringify': [ '2.5.0' ],
36 silly audit   semver: [ '7.8.1' ],
36 silly audit   sharp: [ '0.34.5' ],
36 silly audit   'sonic-boom': [ '4.2.1' ],
36 silly audit   split2: [ '4.2.0' ],
36 silly audit   strtok3: [ '10.3.5' ],
36 silly audit   'thread-stream': [ '3.1.0' ],
36 silly audit   'token-types': [ '6.1.2' ],
36 silly audit   tslib: [ '2.8.1' ],
36 silly audit   'uint8array-extras': [ '1.5.0' ],
36 silly audit   'undici-types': [ '7.24.6' ],
36 silly audit   'whatsapp-rust-bridge': [ '0.5.4' ],
36 silly audit   'win-guid': [ '0.2.1' ],
36 silly audit   ws: [ '8.21.0' ],
36 silly audit   '@whiskeysockets/baileys': [ '7.0.0-rc13' ]
36 silly audit }
37 http fetch POST 200 https://registry.npmjs.org/-/npm/v1/security/advisories/bulk 452ms
38 silly audit report {}
39 verbose cwd /data/data/com.termux/files/home
40 verbose os Linux 6.6.66-android15-8-g9b6ad5b4b813-ab13433063-4k
41 verbose node v26.2.0
42 verbose npm  v11.15.0
43 verbose exit 0
44 info ok
