0 verbose cli /data/data/com.termux/files/usr/bin/node /data/data/com.termux/files/usr/bin/npm
1 info using npm@11.15.0
2 info using node@v26.2.0
3 silly config load:file:/data/data/com.termux/files/usr/lib/node_modules/npm/npmrc
4 silly config load:file:/data/data/com.termux/files/home/katybot/.npmrc
5 silly config load:file:/data/data/com.termux/files/home/.npmrc
6 silly config load:file:/data/data/com.termux/files/usr/etc/npmrc
7 verbose title npm install qrcode-terminal pino
8 verbose argv "install" "qrcode-terminal" "pino"
9 verbose logfile logs-max:10 dir:/data/data/com.termux/files/home/.npm/_logs/2026-05-26T10_16_20_966Z-
10 verbose logfile /data/data/com.termux/files/home/.npm/_logs/2026-05-26T10_16_20_966Z-debug-0.log
11 silly logfile start cleaning logs, removing 1 files
12 silly packumentCache heap:1078984704 maxSize:269746176 maxEntrySize:134873088
13 silly logfile done cleaning log files
14 silly idealTree buildDeps
15 silly fetch manifest qrcode-terminal@*
16 silly packumentCache full:https://registry.npmjs.org/qrcode-terminal cache-miss
17 http fetch GET 200 https://registry.npmjs.org/qrcode-terminal 890ms (cache revalidated)
18 silly packumentCache full:https://registry.npmjs.org/qrcode-terminal set size:29799 disposed:false
19 silly fetch manifest pino@*
20 silly packumentCache full:https://registry.npmjs.org/pino cache-miss
21 http cache https://registry.npmjs.org/pino 38ms (cache hit)
22 silly packumentCache full:https://registry.npmjs.org/pino set size:1274379 disposed:false
23 silly placeDep ROOT pino@10.3.1 REPLACE for: katybot@1.0.0 want: *
24 silly placeDep ROOT qrcode-terminal@0.12.0 OK for: katybot@1.0.0 want: *
25 silly fetch manifest pino-abstract-transport@^3.0.0
26 silly packumentCache full:https://registry.npmjs.org/pino-abstract-transport cache-miss
27 silly fetch manifest real-require@^0.2.0
28 silly packumentCache full:https://registry.npmjs.org/real-require cache-miss
29 silly fetch manifest thread-stream@^4.0.0
30 silly packumentCache full:https://registry.npmjs.org/thread-stream cache-miss
31 http cache https://registry.npmjs.org/pino-abstract-transport 47ms (cache hit)
32 silly packumentCache full:https://registry.npmjs.org/pino-abstract-transport set size:28687 disposed:false
33 http cache https://registry.npmjs.org/real-require 57ms (cache hit)
34 silly packumentCache full:https://registry.npmjs.org/real-require set size:10884 disposed:false
35 http cache https://registry.npmjs.org/thread-stream 60ms (cache hit)
36 silly packumentCache full:https://registry.npmjs.org/thread-stream set size:132366 disposed:false
37 silly fetch manifest pino@^9.6
38 silly packumentCache full:https://registry.npmjs.org/pino cache-miss
39 http cache https://registry.npmjs.org/pino 50ms (cache hit)
40 silly packumentCache full:https://registry.npmjs.org/pino set size:1274379 disposed:false
41 silly placeDep node_modules/@whiskeysockets/baileys pino@9.14.0 OK for: @whiskeysockets/baileys@7.0.0-rc13 want: ^9.6
42 silly fetch manifest thread-stream@^3.0.0
43 silly packumentCache full:https://registry.npmjs.org/thread-stream cache-hit
44 silly fetch manifest pino-abstract-transport@^2.0.0
45 silly packumentCache full:https://registry.npmjs.org/pino-abstract-transport cache-hit
46 silly placeDep ROOT pino-abstract-transport@3.0.0 OK for: pino@10.3.1 want: ^3.0.0
47 silly placeDep ROOT real-require@0.2.0 OK for: pino@10.3.1 want: ^0.2.0
48 silly placeDep ROOT thread-stream@4.2.0 OK for: pino@10.3.1 want: ^4.0.0
49 silly fetch manifest split2@^4.0.0
50 silly packumentCache full:https://registry.npmjs.org/split2 cache-miss
51 silly fetch manifest real-require@^1.0.0
52 silly packumentCache full:https://registry.npmjs.org/real-require cache-hit
53 http cache https://registry.npmjs.org/split2 22ms (cache hit)
54 silly packumentCache full:https://registry.npmjs.org/split2 set size:47438 disposed:false
55 silly placeDep ROOT split2@4.2.0 OK for: pino-abstract-transport@3.0.0 want: ^4.0.0
56 silly placeDep node_modules/thread-stream real-require@1.0.0 OK for: thread-stream@4.2.0 want: ^1.0.0
57 silly placeDep node_modules/@whiskeysockets/baileys pino-abstract-transport@2.0.0 OK for: pino@9.14.0 want: ^2.0.0
58 silly placeDep node_modules/@whiskeysockets/baileys thread-stream@3.1.0 OK for: pino@9.14.0 want: ^3.0.0
59 silly reify mark retired [
59 silly reify   '/data/data/com.termux/files/home/katybot/node_modules/pino',
59 silly reify   '/data/data/com.termux/files/home/katybot/node_modules/.bin/pino'
59 silly reify ]
60 silly reify mark retired [
60 silly reify   '/data/data/com.termux/files/home/katybot/node_modules/pino-abstract-transport'
60 silly reify ]
61 silly reify mark retired [
61 silly reify   '/data/data/com.termux/files/home/katybot/node_modules/thread-stream'
61 silly reify ]
62 silly reify moves {
62 silly reify   '/data/data/com.termux/files/home/katybot/node_modules/pino': '/data/data/com.termux/files/home/katybot/node_modules/.pino-SOrNAcLz',
62 silly reify   '/data/data/com.termux/files/home/katybot/node_modules/.bin/pino': '/data/data/com.termux/files/home/katybot/node_modules/.bin/.pino-VXMAIBrh',
62 silly reify   '/data/data/com.termux/files/home/katybot/node_modules/pino-abstract-transport': '/data/data/com.termux/files/home/katybot/node_modules/.pino-abstract-transport-zN8aS7we',
62 silly reify   '/data/data/com.termux/files/home/katybot/node_modules/thread-stream': '/data/data/com.termux/files/home/katybot/node_modules/.thread-stream-M0iUlTQD'
62 silly reify }
63 silly audit bulk request {
63 silly audit   '@borewit/text-codec': [ '0.2.2' ],
63 silly audit   '@cacheable/memory': [ '2.0.9' ],
63 silly audit   '@cacheable/node-cache': [ '1.7.6' ],
63 silly audit   '@cacheable/utils': [ '2.4.1' ],
63 silly audit   '@emnapi/runtime': [ '1.10.0' ],
63 silly audit   '@hapi/boom': [ '9.1.4' ],
63 silly audit   '@hapi/hoek': [ '9.3.0' ],
63 silly audit   '@img/colour': [ '1.1.0' ],
63 silly audit   '@img/sharp-darwin-arm64': [ '0.34.5' ],
63 silly audit   '@img/sharp-darwin-x64': [ '0.34.5' ],
63 silly audit   '@img/sharp-libvips-darwin-arm64': [ '1.2.4' ],
63 silly audit   '@img/sharp-libvips-darwin-x64': [ '1.2.4' ],
63 silly audit   '@img/sharp-libvips-linux-arm': [ '1.2.4' ],
63 silly audit   '@img/sharp-libvips-linux-arm64': [ '1.2.4' ],
63 silly audit   '@img/sharp-libvips-linux-ppc64': [ '1.2.4' ],
63 silly audit   '@img/sharp-libvips-linux-riscv64': [ '1.2.4' ],
63 silly audit   '@img/sharp-libvips-linux-s390x': [ '1.2.4' ],
63 silly audit   '@img/sharp-libvips-linux-x64': [ '1.2.4' ],
63 silly audit   '@img/sharp-libvips-linuxmusl-arm64': [ '1.2.4' ],
63 silly audit   '@img/sharp-libvips-linuxmusl-x64': [ '1.2.4' ],
63 silly audit   '@img/sharp-linux-arm': [ '0.34.5' ],
63 silly audit   '@img/sharp-linux-arm64': [ '0.34.5' ],
63 silly audit   '@img/sharp-linux-ppc64': [ '0.34.5' ],
63 silly audit   '@img/sharp-linux-riscv64': [ '0.34.5' ],
63 silly audit   '@img/sharp-linux-s390x': [ '0.34.5' ],
63 silly audit   '@img/sharp-linux-x64': [ '0.34.5' ],
63 silly audit   '@img/sharp-linuxmusl-arm64': [ '0.34.5' ],
63 silly audit   '@img/sharp-linuxmusl-x64': [ '0.34.5' ],
63 silly audit   '@img/sharp-wasm32': [ '0.34.5' ],
63 silly audit   '@img/sharp-win32-arm64': [ '0.34.5' ],
63 silly audit   '@img/sharp-win32-ia32': [ '0.34.5' ],
63 silly audit   '@img/sharp-win32-x64': [ '0.34.5' ],
63 silly audit   '@keyv/bigmap': [ '1.3.1' ],
63 silly audit   '@keyv/serialize': [ '1.1.1' ],
63 silly audit   '@pinojs/redact': [ '0.4.0' ],
63 silly audit   '@protobufjs/aspromise': [ '1.1.2' ],
63 silly audit   '@protobufjs/base64': [ '1.1.2' ],
63 silly audit   '@protobufjs/codegen': [ '2.0.5' ],
63 silly audit   '@protobufjs/eventemitter': [ '1.1.1' ],
63 silly audit   '@protobufjs/fetch': [ '1.1.1' ],
63 silly audit   '@protobufjs/float': [ '1.0.2' ],
63 silly audit   '@protobufjs/inquire': [ '1.1.2' ],
63 silly audit   '@protobufjs/path': [ '1.1.2' ],
63 silly audit   '@protobufjs/pool': [ '1.1.0' ],
63 silly audit   '@protobufjs/utf8': [ '1.1.1' ],
63 silly audit   '@tokenizer/inflate': [ '0.4.1' ],
63 silly audit   '@tokenizer/token': [ '0.3.0' ],
63 silly audit   '@types/node': [ '25.9.1' ],
63 silly audit   '@whiskeysockets/baileys': [ '7.0.0-rc13' ],
63 silly audit   'async-mutex': [ '0.5.0' ],
63 silly audit   'atomic-sleep': [ '1.0.0' ],
63 silly audit   cacheable: [ '2.3.5' ],
63 silly audit   'content-type': [ '1.0.5' ],
63 silly audit   'curve25519-js': [ '0.0.4' ],
63 silly audit   debug: [ '4.4.3' ],
63 silly audit   'detect-libc': [ '2.1.2' ],
63 silly audit   eventemitter3: [ '5.0.4' ],
63 silly audit   'file-type': [ '21.3.4' ],
63 silly audit   hashery: [ '1.5.1' ],
63 silly audit   hookified: [ '1.15.1', '2.2.0' ],
63 silly audit   ieee754: [ '1.2.1' ],
63 silly audit   keyv: [ '5.6.0' ],
63 silly audit   libsignal: [ '6.0.0' ],
63 silly audit   long: [ '5.3.2' ],
63 silly audit   'lru-cache': [ '11.5.0' ],
63 silly audit   'media-typer': [ '1.1.0' ],
63 silly audit   ms: [ '2.1.3' ],
63 silly audit   'music-metadata': [ '11.12.3' ],
63 silly audit   'on-exit-leak-free': [ '2.1.2' ],
63 silly audit   'p-queue': [ '9.3.0' ],
63 silly audit   'p-timeout': [ '7.0.1' ],
63 silly audit   'pino-std-serializers': [ '7.1.0' ],
63 silly audit   'process-warning': [ '5.0.0' ],
63 silly audit   protobufjs: [ '7.6.1' ],
63 silly audit   qified: [ '0.10.1' ],
63 silly audit   'quick-format-unescaped': [ '4.0.4' ],
63 silly audit   'safe-stable-stringify': [ '2.5.0' ],
63 silly audit   semver: [ '7.8.1' ],
63 silly audit   sharp: [ '0.34.5' ],
63 silly audit   'sonic-boom': [ '4.2.1' ],
63 silly audit   strtok3: [ '10.3.5' ],
63 silly audit   'token-types': [ '6.1.2' ],
63 silly audit   tslib: [ '2.8.1' ],
63 silly audit   'uint8array-extras': [ '1.5.0' ],
63 silly audit   'undici-types': [ '7.24.6' ],
63 silly audit   'whatsapp-rust-bridge': [ '0.5.4' ],
63 silly audit   'win-guid': [ '0.2.1' ],
63 silly audit   ws: [ '8.21.0' ],
63 silly audit   pino: [ '10.3.1', '9.14.0' ],
63 silly audit   'qrcode-terminal': [ '0.12.0' ],
63 silly audit   'pino-abstract-transport': [ '3.0.0', '2.0.0' ],
63 silly audit   'real-require': [ '0.2.0', '1.0.0' ],
63 silly audit   'thread-stream': [ '4.2.0', '3.1.0' ],
63 silly audit   split2: [ '4.2.0' ]
63 silly audit }
64 http cache thread-stream@https://registry.npmjs.org/thread-stream/-/thread-stream-4.2.0.tgz 1ms (cache hit)
65 http cache qrcode-terminal@https://registry.npmjs.org/qrcode-terminal/-/qrcode-terminal-0.12.0.tgz 0ms (cache hit)
66 http cache pino-abstract-transport@https://registry.npmjs.org/pino-abstract-transport/-/pino-abstract-transport-3.0.0.tgz 0ms (cache hit)
67 http cache pino@https://registry.npmjs.org/pino/-/pino-10.3.1.tgz 0ms (cache hit)
68 http cache thread-stream@https://registry.npmjs.org/thread-stream/-/thread-stream-3.1.0.tgz 0ms (cache hit)
69 http cache pino@https://registry.npmjs.org/pino/-/pino-9.14.0.tgz 0ms (cache hit)
70 http cache real-require@https://registry.npmjs.org/real-require/-/real-require-1.0.0.tgz 0ms (cache hit)
71 http cache pino-abstract-transport@https://registry.npmjs.org/pino-abstract-transport/-/pino-abstract-transport-2.0.0.tgz 1ms (cache hit)
72 http fetch POST 200 https://registry.npmjs.org/-/npm/v1/security/advisories/bulk 340ms
73 silly audit report {}
74 silly ADD node_modules/qrcode-terminal
75 silly CHANGE node_modules/thread-stream
76 silly ADD node_modules/thread-stream/node_modules/real-require
77 silly CHANGE node_modules/pino-abstract-transport
78 silly CHANGE node_modules/pino
79 silly ADD node_modules/@whiskeysockets/baileys/node_modules/thread-stream
80 silly ADD node_modules/@whiskeysockets/baileys/node_modules/pino-abstract-transport
81 silly ADD node_modules/@whiskeysockets/baileys/node_modules/pino
82 verbose cwd /data/data/com.termux/files/home/katybot
83 verbose os Linux 6.6.66-android15-8-g9b6ad5b4b813-ab13433063-4k
84 verbose node v26.2.0
85 verbose npm  v11.15.0
86 verbose exit 0
87 info ok
